03-19 12:49:52.656  1085  4158 I vendor.qti.bluetooth@1.0-ibs_handler: ProcessIbsCmd: Received IBS_SLEEP_IND: 0xFE
03-19 12:49:52.656  1085  4158 D vendor.qti.bluetooth@1.0-ibs_handler: SerialClockVote: vote for UART CLK OFF
03-19 12:49:52.808  1085  4092 D vendor.qti.bluetooth@1.0-wake_lock: Release wakelock is released 
03-19 12:49:52.918  3132  3132 W Settings: Setting airplane_mode_on has moved from android.provider.Settings.System to android.provider.Settings.Global, returning read-only value.
03-19 12:49:52.924  3144  3485 D MobileStatusTracker(2): onSignalStrengthsChanged signalStrength=SignalStrength:{mCdma=CellSignalStrengthCdma: cdmaDbm=2147483647 cdmaEcio=2147483647 evdoDbm=2147483647 evdoEcio=2147483647 evdoSnr=2147483647 miuiLevel=0 mOptimizedLevel=0 level=0,mGsm=CellSignalStrengthGsm: rssi=2147483647 ber=2147483647 mTa=2147483647 miuiLevel=0 mOptimizedLevel=0 mLevel=0,mWcdma=CellSignalStrengthWcdma: ss=2147483647 ber=2147483647 rscp=2147483647 ecno=2147483647 miuiLevel=0 mOptimizedLevel=0 level=0,mTdscdma=CellSignalStrengthTdscdma: rssi=2147483647 ber=2147483647 rscp=2147483647 miuiLevel=0 mOptimizedLevel=0 level=0,mLte=CellSignalStrengthLte: rssi=-61 rsrp=-97 rsrq=-15 rssnr=-2 cqiTableIndex=2147483647 cqi=2147483647 ta=2147483647 miuiLevel=5 mOptimizedLevel=0 level=4 parametersUseForLevel=0,mNr=CellSignalStrengthNr:{ csiRsrp = 2147483647 csiRsrq = 2147483647 csiCqiTableIndex = 2147483647 csiCqiReport = [] ssRsrp = 2147483647 ssRsrq = 2147483647 ssSinr = 2147483647 miuiLevel = 0 mOptimizedLevel = 0 level = 0 parametersUseForLevel = 0 },primary=CellSignalStrengthLte,mNrAsPrimaryInNrNsa=false}
03-19 12:49:52.925  3144  3485 D NetworkController.MobileSignalController(2): update5GConnectState: false
03-19 12:49:52.925  3144  3485 D NetworkController.MobileSignalController(2): ss use aosp level not 0, 5
03-19 12:49:53.213  1085  4158 I vendor.qti.bluetooth@1.0-ibs_handler: ProcessIbsCmd: Received IBS_WAKE_IND: 0xFD
03-19 12:49:53.213  1085  4158 D vendor.qti.bluetooth@1.0-ibs_handler: SerialClockVote: vote for UART CLK ON
03-19 12:49:53.216  1085  4158 D vendor.qti.bluetooth@1.0-wake_lock: Acquire wakelock is acquired 
03-19 12:49:53.216  1085  4158 I vendor.qti.bluetooth@1.0-ibs_handler: ProcessIbsCmd: Writing IBS_WAKE_ACK
03-19 12:49:53.222  3850  4166 D bt_btm_ble: bool parse_adv_audio_uuids_from_adv_pkt(const uint8_t *, size_t, uint8_t): tmap_cap_pts: false
03-19 12:49:53.222  3850  4166 D bt_btm_ble: bool parse_adv_audio_uuids_from_adv_pkt(const uint8_t *, size_t, uint8_t): tmap_cap_pts: false
03-19 12:49:53.224  3850  4166 D bt_btm_ble: bool parse_adv_audio_uuids_from_adv_pkt(const uint8_t *, size_t, uint8_t): tmap_cap_pts: false
03-19 12:49:53.262  3850  4166 D bt_btm_ble: bool parse_adv_audio_uuids_from_adv_pkt(const uint8_t *, size_t, uint8_t): tmap_cap_pts: false
03-19 12:49:53.266  7475  7475 V Capacitor/BluetoothLe: Notifying listeners for event onScanResult
03-19 12:49:53.304  3850  4166 D bt_btm_ble: bool parse_adv_audio_uuids_from_adv_pkt(const uint8_t *, size_t, uint8_t): tmap_cap_pts: false
03-19 12:49:53.388  1085  4158 I vendor.qti.bluetooth@1.0-ibs_handler: ProcessIbsCmd: Received IBS_SLEEP_IND: 0xFE
03-19 12:49:53.389  1085  4158 D vendor.qti.bluetooth@1.0-ibs_handler: SerialClockVote: vote for UART CLK OFF
03-19 12:49:53.540  1085  4092 D vendor.qti.bluetooth@1.0-wake_lock: Release wakelock is released 
03-19 12:49:53.812  3850  4074 I BtGatt.ScanManager: msg.what = MSG_RESET_BALANCED_APP_SCAN_INFO, msg.arg1 = None
03-19 12:49:53.985  1085  4158 I vendor.qti.bluetooth@1.0-ibs_handler: ProcessIbsCmd: Received IBS_WAKE_IND: 0xFD
03-19 12:49:53.985  1085  4158 D vendor.qti.bluetooth@1.0-ibs_handler: SerialClockVote: vote for UART CLK ON
03-19 12:49:53.988  1085  4158 D vendor.qti.bluetooth@1.0-wake_lock: Acquire wakelock is acquired 
03-19 12:49:53.988  1085  4158 I vendor.qti.bluetooth@1.0-ibs_handler: ProcessIbsCmd: Writing IBS_WAKE_ACK
03-19 12:49:53.992  3850  4166 D bt_btm_ble: bool parse_adv_audio_uuids_from_adv_pkt(const uint8_t *, size_t, uint8_t): tmap_cap_pts: false
03-19 12:49:53.996  3850  4166 E bt_btm  : Malformed LE Advertising Report Event - unsupported legacy_event_type 0x05
03-19 12:49:54.001  3850  4014 D BluetoothRemoteDevices: Property type: 1
03-19 12:49:54.001  3850  4014 D BluetoothRemoteDevices: Skip name update for 28:A9:15:56:CC:2F
03-19 12:49:54.001  3850  4014 D BluetoothRemoteDevices: Property type: 4
03-19 12:49:54.001  3850  4014 D BluetoothRemoteDevices: Skip class update for 28:A9:15:56:CC:2F
03-19 12:49:54.002  3850  4014 D BluetoothRemoteDevices: Property type: 5
03-19 12:49:54.002  3850  4014 D BluetoothRemoteDevices: BT_PROPERTY_TYPE_OF_DEVICE 28:A9:15:56:CC:2F
03-19 12:49:54.011  3850  4166 D bt_btm_ble: bool parse_adv_audio_uuids_from_adv_pkt(const uint8_t *, size_t, uint8_t): tmap_cap_pts: false
03-19 12:49:54.022  3850  4166 D bt_btm_ble: bool parse_adv_audio_uuids_from_adv_pkt(const uint8_t *, size_t, uint8_t): tmap_cap_pts: false
03-19 12:49:54.045  7475  7475 V Capacitor/BluetoothLe: Notifying listeners for event onScanResult
03-19 12:49:54.055  3850  4166 E bt_btm  : Malformed LE Advertising Report Event - unsupported legacy_event_type 0x05
03-19 12:49:54.060  3850  4166 E bt_btm  : Malformed LE Advertising Report Event - unsupported legacy_event_type 0x05
03-19 12:49:54.138  1085  4158 I vendor.qti.bluetooth@1.0-ibs_handler: ProcessIbsCmd: Received IBS_SLEEP_IND: 0xFE
03-19 12:49:54.138  1085  4158 D vendor.qti.bluetooth@1.0-ibs_handler: SerialClockVote: vote for UART CLK OFF
03-19 12:49:54.289  1085  4092 D vendor.qti.bluetooth@1.0-wake_lock: Release wakelock is released 
03-19 12:49:54.688  1085  4158 I vendor.qti.bluetooth@1.0-ibs_handler: ProcessIbsCmd: Received IBS_WAKE_IND: 0xFD
03-19 12:49:54.688  1085  4158 D vendor.qti.bluetooth@1.0-ibs_handler: SerialClockVote: vote for UART CLK ON
03-19 12:49:54.691  1085  4158 D vendor.qti.bluetooth@1.0-wake_lock: Acquire wakelock is acquired 
03-19 12:49:54.691  1085  4158 I vendor.qti.bluetooth@1.0-ibs_handler: ProcessIbsCmd: Writing IBS_WAKE_ACK
03-19 12:49:54.697  3850  4166 D bt_btm_ble: bool parse_adv_audio_uuids_from_adv_pkt(const uint8_t *, size_t, uint8_t): tmap_cap_pts: false
03-19 12:49:54.698  3850  4166 D bt_btm_ble: bool parse_adv_audio_uuids_from_adv_pkt(const uint8_t *, size_t, uint8_t): tmap_cap_pts: false
03-19 12:49:54.737  3850  4166 D bt_btm_ble: bool parse_adv_audio_uuids_from_adv_pkt(const uint8_t *, size_t, uint8_t): tmap_cap_pts: false
03-19 12:49:54.770  3850  4166 D bt_btm_ble: bool parse_adv_audio_uuids_from_adv_pkt(const uint8_t *, size_t, uint8_t): tmap_cap_pts: false
03-19 12:49:54.786  3850  4166 D bt_btm_ble: bool parse_adv_audio_uuids_from_adv_pkt(const uint8_t *, size_t, uint8_t): tmap_cap_pts: false
03-19 12:49:54.848  1085  4158 I vendor.qti.bluetooth@1.0-ibs_handler: ProcessIbsCmd: Received IBS_SLEEP_IND: 0xFE
03-19 12:49:54.848  1085  4158 D vendor.qti.bluetooth@1.0-ibs_handler: SerialClockVote: vote for UART CLK OFF
03-19 12:49:54.999  1085  4092 D vendor.qti.bluetooth@1.0-wake_lock: Release wakelock is released 
03-19 12:49:55.401  1085  4158 I vendor.qti.bluetooth@1.0-ibs_handler: ProcessIbsCmd: Received IBS_WAKE_IND: 0xFD
03-19 12:49:55.401  1085  4158 D vendor.qti.bluetooth@1.0-ibs_handler: SerialClockVote: vote for UART CLK ON
03-19 12:49:55.409  1085  4158 D vendor.qti.bluetooth@1.0-wake_lock: Acquire wakelock is acquired 
03-19 12:49:55.409  1085  4158 I vendor.qti.bluetooth@1.0-ibs_handler: ProcessIbsCmd: Writing IBS_WAKE_ACK
03-19 12:49:55.415  3850  4166 D bt_btm_ble: bool parse_adv_audio_uuids_from_adv_pkt(const uint8_t *, size_t, uint8_t): tmap_cap_pts: false
03-19 12:49:55.432  3850  4014 D BluetoothRemoteDevices: Property type: 1
03-19 12:49:55.432  3850  4014 D BluetoothRemoteDevices: Skip name update for BC:F8:7E:FB:06:9F
03-19 12:49:55.432  3850  4014 D BluetoothRemoteDevices: Property type: 4
03-19 12:49:55.433  3850  4014 D BluetoothRemoteDevices: Skip class update for BC:F8:7E:FB:06:9F
03-19 12:49:55.433  3850  4014 D BluetoothRemoteDevices: Property type: 5
03-19 12:49:55.433  3850  4014 D BluetoothRemoteDevices: BT_PROPERTY_TYPE_OF_DEVICE BC:F8:7E:FB:06:9F
03-19 12:49:55.453  7475  7475 V Capacitor/BluetoothLe: Notifying listeners for event onScanResult
03-19 12:49:55.473  3132  3132 W Settings: Setting airplane_mode_on has moved from android.provider.Settings.System to android.provider.Settings.Global, returning read-only value.
03-19 12:49:55.474  7475  7475 V Capacitor/BluetoothLe: Notifying listeners for event onScanResult
03-19 12:49:55.483  3144  3485 D MobileStatusTracker(2): onSignalStrengthsChanged signalStrength=SignalStrength:{mCdma=CellSignalStrengthCdma: cdmaDbm=2147483647 cdmaEcio=2147483647 evdoDbm=2147483647 evdoEcio=2147483647 evdoSnr=2147483647 miuiLevel=0 mOptimizedLevel=0 level=0,mGsm=CellSignalStrengthGsm: rssi=2147483647 ber=2147483647 mTa=2147483647 miuiLevel=0 mOptimizedLevel=0 mLevel=0,mWcdma=CellSignalStrengthWcdma: ss=2147483647 ber=2147483647 rscp=2147483647 ecno=2147483647 miuiLevel=0 mOptimizedLevel=0 level=0,mTdscdma=CellSignalStrengthTdscdma: rssi=2147483647 ber=2147483647 rscp=2147483647 miuiLevel=0 mOptimizedLevel=0 level=0,mLte=CellSignalStrengthLte: rssi=-63 rsrp=-97 rsrq=-13 rssnr=0 cqiTableIndex=2147483647 cqi=2147483647 ta=2147483647 miuiLevel=5 mOptimizedLevel=0 level=4 parametersUseForLevel=0,mNr=CellSignalStrengthNr:{ csiRsrp = 2147483647 csiRsrq = 2147483647 csiCqiTableIndex = 2147483647 csiCqiReport = [] ssRsrp = 2147483647 ssRsrq = 2147483647 ssSinr = 2147483647 miuiLevel = 0 mOptimizedLevel = 0 level = 0 parametersUseForLevel = 0 },primary=CellSignalStrengthLte,mNrAsPrimaryInNrNsa=false}
03-19 12:49:55.483  3144  3485 D NetworkController.MobileSignalController(2): update5GConnectState: false
03-19 12:49:55.485  3144  3485 D NetworkController.MobileSignalController(2): ss use aosp level not 0, 5
03-19 12:49:55.488  1085  4158 I vendor.qti.bluetooth@1.0-ibs_handler: ProcessIbsCmd: Received IBS_SLEEP_IND: 0xFE
03-19 12:49:55.489  1085  4158 D vendor.qti.bluetooth@1.0-ibs_handler: SerialClockVote: vote for UART CLK OFF
03-19 12:49:55.506  1085  4158 I vendor.qti.bluetooth@1.0-ibs_handler: ProcessIbsCmd: Received IBS_WAKE_IND: 0xFD
03-19 12:49:55.506  1085  4158 D vendor.qti.bluetooth@1.0-ibs_handler: SerialClockVote: vote for UART CLK ON
03-19 12:49:55.506  1085  4158 I vendor.qti.bluetooth@1.0-ibs_handler: ProcessIbsCmd: Writing IBS_WAKE_ACK
03-19 12:49:55.572  1085  4158 I vendor.qti.bluetooth@1.0-ibs_handler: ProcessIbsCmd: Received IBS_SLEEP_IND: 0xFE
03-19 12:49:55.572  1085  4158 D vendor.qti.bluetooth@1.0-ibs_handler: SerialClockVote: vote for UART CLK OFF
03-19 12:49:55.724  1085  4092 D vendor.qti.bluetooth@1.0-wake_lock: Release wakelock is released 
03-19 12:49:56.162  1085  4158 I vendor.qti.bluetooth@1.0-ibs_handler: ProcessIbsCmd: Received IBS_WAKE_IND: 0xFD
03-19 12:49:56.162  1085  4158 D vendor.qti.bluetooth@1.0-ibs_handler: SerialClockVote: vote for UART CLK ON
03-19 12:49:56.170  1085  4158 D vendor.qti.bluetooth@1.0-wake_lock: Acquire wakelock is acquired 
03-19 12:49:56.170  1085  4158 I vendor.qti.bluetooth@1.0-ibs_handler: ProcessIbsCmd: Writing IBS_WAKE_ACK
03-19 12:49:56.176  3850  4166 D bt_btm_ble: bool parse_adv_audio_uuids_from_adv_pkt(const uint8_t *, size_t, uint8_t): tmap_cap_pts: false
03-19 12:49:56.230  3850  4166 D bt_btm_ble: bool parse_adv_audio_uuids_from_adv_pkt(const uint8_t *, size_t, uint8_t): tmap_cap_pts: false
03-19 12:49:56.246  3850  4166 D bt_btm_ble: bool parse_adv_audio_uuids_from_adv_pkt(const uint8_t *, size_t, uint8_t): tmap_cap_pts: false
03-19 12:49:56.303  1085  4158 I vendor.qti.bluetooth@1.0-ibs_handler: ProcessIbsCmd: Received IBS_SLEEP_IND: 0xFE
03-19 12:49:56.303  1085  4158 D vendor.qti.bluetooth@1.0-ibs_handler: SerialClockVote: vote for UART CLK OFF
03-19 12:49:56.455  1085  4092 D vendor.qti.bluetooth@1.0-wake_lock: Release wakelock is released 
03-19 12:49:56.869  1085  4158 I vendor.qti.bluetooth@1.0-ibs_handler: ProcessIbsCmd: Received IBS_WAKE_IND: 0xFD
03-19 12:49:56.869  1085  4158 D vendor.qti.bluetooth@1.0-ibs_handler: SerialClockVote: vote for UART CLK ON
03-19 12:49:56.875  1085  4158 D vendor.qti.bluetooth@1.0-wake_lock: Acquire wakelock is acquired 
03-19 12:49:56.876  1085  4158 I vendor.qti.bluetooth@1.0-ibs_handler: ProcessIbsCmd: Writing IBS_WAKE_ACK
03-19 12:49:56.916  3850  4166 D bt_btm_ble: bool parse_adv_audio_uuids_from_adv_pkt(const uint8_t *, size_t, uint8_t): tmap_cap_pts: false
03-19 12:49:56.931  3850  4166 D bt_btm_ble: bool parse_adv_audio_uuids_from_adv_pkt(const uint8_t *, size_t, uint8_t): tmap_cap_pts: false
03-19 12:49:56.969  3850  4014 D BluetoothRemoteDevices: Property type: 1
03-19 12:49:56.969  3850  4014 D BluetoothRemoteDevices: Skip name update for D4:27:87:94:F4:A7
03-19 12:49:56.969  3850  4014 D BluetoothRemoteDevices: Property type: 4
03-19 12:49:56.970  3850  4014 D BluetoothRemoteDevices: Skip class update for D4:27:87:94:F4:A7
03-19 12:49:56.970  3850  4014 D BluetoothRemoteDevices: Property type: 5
03-19 12:49:56.970  3850  4014 D BluetoothRemoteDevices: BT_PROPERTY_TYPE_OF_DEVICE D4:27:87:94:F4:A7
03-19 12:49:57.016  7475  7475 V Capacitor/BluetoothLe: Notifying listeners for event onScanResult
03-19 12:49:57.036  1085  4158 I vendor.qti.bluetooth@1.0-ibs_handler: ProcessIbsCmd: Received IBS_SLEEP_IND: 0xFE
03-19 12:49:57.036  1085  4158 D vendor.qti.bluetooth@1.0-ibs_handler: SerialClockVote: vote for UART CLK OFF
03-19 12:49:57.187  1085  4092 D vendor.qti.bluetooth@1.0-wake_lock: Release wakelock is released 
03-19 12:49:57.639  1085  4158 I vendor.qti.bluetooth@1.0-ibs_handler: ProcessIbsCmd: Received IBS_WAKE_IND: 0xFD
03-19 12:49:57.639  1085  4158 D vendor.qti.bluetooth@1.0-ibs_handler: SerialClockVote: vote for UART CLK ON
03-19 12:49:57.646  1085  4158 D vendor.qti.bluetooth@1.0-wake_lock: Acquire wakelock is acquired 
03-19 12:49:57.646  1085  4158 I vendor.qti.bluetooth@1.0-ibs_handler: ProcessIbsCmd: Writing IBS_WAKE_ACK
03-19 12:49:57.651  3850  4166 D bt_btm_ble: bool parse_adv_audio_uuids_from_adv_pkt(const uint8_t *, size_t, uint8_t): tmap_cap_pts: false
03-19 12:49:57.681  7475  7475 V Capacitor/BluetoothLe: Notifying listeners for event onScanResult
03-19 12:49:57.688  1085  4158 I vendor.qti.bluetooth@1.0-ibs_handler: ProcessIbsCmd: Received IBS_SLEEP_IND: 0xFE
03-19 12:49:57.688  1085  4158 D vendor.qti.bluetooth@1.0-ibs_handler: SerialClockVote: vote for UART CLK OFF
03-19 12:49:57.705  1085  4158 I vendor.qti.bluetooth@1.0-ibs_handler: ProcessIbsCmd: Received IBS_WAKE_IND: 0xFD
03-19 12:49:57.705  1085  4158 D vendor.qti.bluetooth@1.0-ibs_handler: SerialClockVote: vote for UART CLK ON
03-19 12:49:57.705  1085  4158 I vendor.qti.bluetooth@1.0-ibs_handler: ProcessIbsCmd: Writing IBS_WAKE_ACK
03-19 12:49:57.706  7475  7475 V Capacitor/BluetoothLe: Notifying listeners for event onScanResult
03-19 12:49:57.738  3850  4166 D bt_btm_ble: bool parse_adv_audio_uuids_from_adv_pkt(const uint8_t *, size_t, uint8_t): tmap_cap_pts: false
03-19 12:49:57.751  3850  4166 D bt_btm_ble: bool parse_adv_audio_uuids_from_adv_pkt(const uint8_t *, size_t, uint8_t): tmap_cap_pts: false
03-19 12:49:57.792  1085  4158 I vendor.qti.bluetooth@1.0-ibs_handler: ProcessIbsCmd: Received IBS_SLEEP_IND: 0xFE
03-19 12:49:57.793  1085  4158 D vendor.qti.bluetooth@1.0-ibs_handler: SerialClockVote: vote for UART CLK OFF
03-19 12:49:57.945  1085  4092 D vendor.qti.bluetooth@1.0-wake_lock: Release wakelock is released 
03-19 12:49:58.293  1085  4158 I vendor.qti.bluetooth@1.0-ibs_handler: ProcessIbsCmd: Received IBS_WAKE_IND: 0xFD
03-19 12:49:58.293  1085  4158 D vendor.qti.bluetooth@1.0-ibs_handler: SerialClockVote: vote for UART CLK ON
03-19 12:49:58.297  1085  4158 D vendor.qti.bluetooth@1.0-wake_lock: Acquire wakelock is acquired 
03-19 12:49:58.297  1085  4158 I vendor.qti.bluetooth@1.0-ibs_handler: ProcessIbsCmd: Writing IBS_WAKE_ACK
03-19 12:49:58.302  3850  4166 D bt_btm_ble: bool parse_adv_audio_uuids_from_adv_pkt(const uint8_t *, size_t, uint8_t): tmap_cap_pts: false
03-19 12:49:58.302  3850  4166 E bt_btm  : Malformed LE Advertising Report Event - unsupported legacy_event_type 0x05
03-19 12:49:58.303  3850  4166 D bt_btm_ble: bool parse_adv_audio_uuids_from_adv_pkt(const uint8_t *, size_t, uint8_t): tmap_cap_pts: false
03-19 12:49:58.307  3850  4166 D bt_btm_ble: bool parse_adv_audio_uuids_from_adv_pkt(const uint8_t *, size_t, uint8_t): tmap_cap_pts: false
03-19 12:49:58.402  7475  7475 V Capacitor/Plugin: To native (Capacitor plugin): callbackId: 17938306, pluginId: BluetoothLe, methodName: removeListener
03-19 12:49:58.402  7475  7475 V Capacitor: callback: 17938306, pluginId: BluetoothLe, methodName: removeListener, methodData: {"eventName":"onScanResult","callbackId":"17938304"}
03-19 12:49:58.405  3850  4166 D bt_btm_ble: bool parse_adv_audio_uuids_from_adv_pkt(const uint8_t *, size_t, uint8_t): tmap_cap_pts: false
03-19 12:49:58.407  7475  7475 V Capacitor/Plugin: To native (Capacitor plugin): callbackId: 17938307, pluginId: BluetoothLe, methodName: stopLEScan
03-19 12:49:58.408  7475  7475 V Capacitor: callback: 17938307, pluginId: BluetoothLe, methodName: stopLEScan, methodData: {}
03-19 12:49:58.409  7475  7544 D DeviceScanner: Stop scanning.
03-19 12:49:58.410  7475  7544 D BluetoothAdapter: isLeEnabled(): ON
03-19 12:49:58.414  3850 25254 D BtGatt.GattService: stopScan() - queue size =3
03-19 12:49:58.419  3850  4074 I BtGatt.ScanManager: msg.what = MSG_STOP_BLE_SCAN, msg.arg1 = None
03-19 12:49:58.419  3850  4074 D BtGatt.ScanManager: track LE scan event: callerPackage = [com.smartdoor.terminal], scanMode = [1], reportDelayMillis = [0], behavior = [2], scannerId = [8], duration = [7941]
03-19 12:49:58.420  3850  4074 D BtGatt.ScanManager: handling stopping scan  [ScanClient scanModeApp 1 scanModeUsed 1 [appScanStats com.smartdoor.terminal]]
03-19 12:49:58.421  1085  1085 I vendor.qti.bluetooth@1.0-ibs_handler: DeviceWakeUp: Writing IBS_WAKE_IND
03-19 12:49:58.423  1085  4158 I vendor.qti.bluetooth@1.0-ibs_handler: ProcessIbsCmd: Received IBS_WAKE_ACK: 0xFC
03-19 12:49:58.423  1085  4158 I vendor.qti.bluetooth@1.0-ibs_handler: ProcessIbsCmd: Signal wack_cond_
03-19 12:49:58.424  3850 25254 D BtGatt.GattService: unregisterScanner() - scannerId=8
03-19 12:49:58.424  1085  1085 D vendor.qti.bluetooth@1.0-ibs_handler: DeviceWakeUp: Unblocked from waiting for FC, pthread_cond_timedwait ret = 0
03-19 12:49:58.428  3850  4014 D BtGatt.GattService: onScanFilterParamsConfigured() - clientIf=8, status=0, action=1, availableSpace=7
03-19 12:49:58.429  3850  4014 D BtGatt.ScanManager: callback done for scannerId - 8 status - 0
03-19 12:49:58.429  3850  4074 D BtGatt.ScanManager: configureRegularScanParams() - queue=2
03-19 12:49:58.429  3850  4074 D BtGatt.ScanManager: configureRegularScanParams() - ScanSetting LE 1M Scan mode=0 ScanSetting LE Coded Scan mode=0 mLastConfiguredScanSettingLE1M=1 mLastConfiguredScanSettingLECoded=1 scanPhy=255
03-19 12:49:58.432  3850  4074 D BtGatt.ScanManager: configureRegularScanParams - scanInterval LE 1M = 660 configureRegularScanParams - scanWindow LE 1M= 66 configureRegularScanParams - scanInterval LE Coded= 660 configureRegularScanParams - scanWindow LE Coded= 66
03-19 12:49:58.434  3850  4014 D BtGatt.GattService: onScanParamSetupCompleted : 0
03-19 12:49:58.435  7475  7475 I Capacitor/Console: File:  - Line 353 - Msg: undefined
03-19 12:49:58.444  7475  7475 V Capacitor/Plugin: To native (Capacitor plugin): callbackId: 17938308, pluginId: BluetoothLe, methodName: addListener
03-19 12:49:58.444  7475  7475 V Capacitor: callback: 17938308, pluginId: BluetoothLe, methodName: addListener, methodData: {"eventName":"onScanResult"}
03-19 12:49:58.447  7475  7475 V Capacitor/Plugin: To native (Capacitor plugin): callbackId: 17938309, pluginId: BluetoothLe, methodName: requestLEScan
03-19 12:49:58.447  7475  7475 V Capacitor: callback: 17938309, pluginId: BluetoothLe, methodName: requestLEScan, methodData: {}
03-19 12:49:58.448  7475  7544 D DeviceScanner: Stop scanning.
03-19 12:49:58.448  7475  7544 D BluetoothAdapter: isLeEnabled(): ON
03-19 12:49:58.449  7475  7544 D BluetoothLeScanner: could not find callback wrapper
03-19 12:49:58.449  7475  7544 D DeviceScanner: Start scanning.
03-19 12:49:58.449  7475  7544 D BluetoothAdapter: isLeEnabled(): ON
03-19 12:49:58.454  3850 25254 D BtGatt.GattService: registerScanner() - UUID=02654ee0-58e0-40d0-96f3-598b8b916d48
03-19 12:49:58.456  3850  4014 D BtGatt.GattService: onScannerRegistered() - UUID=02654ee0-58e0-40d0-96f3-598b8b916d48, scannerId=8, status=0
03-19 12:49:58.458  7475  7489 D BluetoothLeScanner: onScannerRegistered() - status=0 scannerId=8 mScannerId=0
03-19 12:49:58.460  3850 25254 D BtGatt.GattService: start scan with filters. callingPackage: com.smartdoor.terminal
03-19 12:49:58.462  3850 25254 D BtGatt.GattService: enforcePrivilegedPermissionIfNeeded([])
03-19 12:49:58.467  1823  4539 E AppOps  : Bad call made by uid 1002. Package "com.smartdoor.terminal" does not belong to uid 1002.
03-19 12:49:58.469  3850 25254 D BtGatt.ScanManager: startScan()  [ScanClient scanModeApp 1 scanModeUsed 1 [appScanStats com.smartdoor.terminal]]
03-19 12:49:58.470  3850  4074 I BtGatt.ScanManager: msg.what = MSG_RECORD_CALLER, msg.arg1 = None
03-19 12:49:58.470  3850  4074 I BtGatt.ScanManager: msg.what = MSG_START_BLE_SCAN, msg.arg1 = None
03-19 12:49:58.470  3850  4074 D BtGatt.ScanManager: handling starting scan
03-19 12:49:58.471  3850  4074 D BtGatt.ScanManager: isAptXLowLatencyModeEnabled: false
03-19 12:49:58.473  3850  4074 D BtGatt.ScanManager: track LE scan event: callerPackage = [com.smartdoor.terminal], scanMode = [1], reportDelayMillis = [0], behavior = [1], scannerId = [8], duration = [0]
03-19 12:49:58.478  7475  7475 I Capacitor/Console: File:  - Line 353 - Msg: undefined
03-19 12:49:58.479  3850  4014 D BtGatt.GattService: onScanFilterEnableDisabled() - clientIf=8, status=0, action=1
03-19 12:49:58.479  3850  4014 D BtGatt.ScanManager: callback done for scannerId - 8 status - 0
03-19 12:49:58.480  3850  4074 D BtGatt.ScanManager: configureScanFilters rssiThreshold: -128, 0
03-19 12:49:58.480  3850  4074 D BtGatt.ScanManager: configureFilterParamter 500 10000 1 0, deliveryMode=0
03-19 12:49:58.483  3850  4014 D BtGatt.GattService: onScanFilterParamsConfigured() - clientIf=8, status=0, action=0, availableSpace=6
03-19 12:49:58.483  3850  4014 D BtGatt.ScanManager: callback done for scannerId - 8 status - 0
03-19 12:49:58.485  3850  4074 D BtGatt.ScanManager: configureRegularScanParams() - queue=3
03-19 12:49:58.485  3850  4074 D BtGatt.ScanManager: configureRegularScanParams() - ScanSetting LE 1M Scan mode=1 ScanSetting LE Coded Scan mode=1 mLastConfiguredScanSettingLE1M=0 mLastConfiguredScanSettingLECoded=0 scanPhy=255
03-19 12:49:58.486  3850  4074 D BtGatt.ScanManager: configureRegularScanParams - scanInterval LE 1M = 730 configureRegularScanParams - scanWindow LE 1M= 183 configureRegularScanParams - scanInterval LE Coded= 730 configureRegularScanParams - scanWindow LE Coded= 183
03-19 12:49:58.487  3850  4014 D BtGatt.GattService: onScanParamSetupCompleted : 0
03-19 12:49:58.508  3850  4166 D bt_btm_ble: bool parse_adv_audio_uuids_from_adv_pkt(const uint8_t *, size_t, uint8_t): tmap_cap_pts: false
03-19 12:49:58.516  3850  4166 E bt_btm  : Malformed LE Advertising Report Event - unsupported legacy_event_type 0x05
03-19 12:49:58.537  3850  4166 D bt_btm_ble: bool parse_adv_audio_uuids_from_adv_pkt(const uint8_t *, size_t, uint8_t): tmap_cap_pts: false
03-19 12:49:58.545  7475  7475 V Capacitor/BluetoothLe: Notifying listeners for event onScanResult
03-19 12:49:58.551  3850  4166 D bt_btm_ble: bool parse_adv_audio_uuids_from_adv_pkt(const uint8_t *, size_t, uint8_t): tmap_cap_pts: false
03-19 12:49:58.573  3850  4014 D BluetoothRemoteDevices: Property type: 1
03-19 12:49:58.573  3850  4014 D BluetoothRemoteDevices: Skip name update for D8:78:C9:76:69:2A
03-19 12:49:58.573  3850  4014 D BluetoothRemoteDevices: Property type: 4
03-19 12:49:58.573  3850  4014 D BluetoothRemoteDevices: Skip class update for D8:78:C9:76:69:2A
03-19 12:49:58.574  3850  4014 D BluetoothRemoteDevices: Property type: 5
03-19 12:49:58.574  3850  4014 D BluetoothRemoteDevices: BT_PROPERTY_TYPE_OF_DEVICE D8:78:C9:76:69:2A
03-19 12:49:58.586  7475  7475 V Capacitor/BluetoothLe: Notifying listeners for event onScanResult
03-19 12:49:58.601  7475  7475 V Capacitor/BluetoothLe: Notifying listeners for event onScanResult
