03-19 06:12:06.819 E/AppOps  ( 1823): attributionTag  not declared in manifest of android
03-19 06:13:13.775 E/AppOps  ( 1823): attributionTag  not declared in manifest of android
03-19 06:14:06.195 E/ProcessManager( 1823): error write exception log
03-19 06:14:44.253 E/AppOps  ( 1823): attributionTag  not declared in manifest of android
03-19 06:14:44.260 E/AppOps  ( 1823): attributionTag  not declared in manifest of android
03-19 06:14:44.265 E/AppOps  ( 1823): attributionTag  not declared in manifest of android
03-19 06:14:45.019 E/MiuiInputKeyEventLog( 1823): before go to home
03-19 06:14:45.123 E/AppOps  ( 1823): attributionTag  not declared in manifest of android
03-19 06:14:45.124 E/AppOps  ( 1823): attributionTag  not declared in manifest of android
03-19 06:14:45.125 E/AppOps  ( 1823): attributionTag  not declared in manifest of android
03-19 06:14:45.150 E/MiuiActivityController( 1823): MiuiLog-ActivityObserver: There was something wrong : null
03-19 06:14:45.444 E/MiuiActivityController( 1823): MiuiLog-ActivityObserver: There was something wrong : null
03-19 06:14:45.731 E/ProcessManager( 1823): error write exception log
03-19 06:14:45.828 E/ProcessManager( 1823): error write exception log
03-19 06:14:46.193 E/MiuiActivityController( 1823): MiuiLog-ActivityObserver: There was something wrong : null
03-19 06:14:46.336 E/MiuiActivityController( 1823): MiuiLog-ActivityObserver: There was something wrong : null
03-19 06:14:46.372 E/AppOps  ( 1823): attributionTag  not declared in manifest of android
03-19 06:14:46.373 E/AppOps  ( 1823): attributionTag  not declared in manifest of android
03-19 06:14:46.374 E/AppOps  ( 1823): attributionTag  not declared in manifest of android
03-19 06:14:46.404 E/KernelCpuSpeedReader( 1823): Failed to read cpu-freq: /sys/devices/system/cpu/cpu0/cpufreq/stats/time_in_state: open failed: ENOENT (No such file or directory)
03-19 06:14:46.408 E/KernelCpuSpeedReader( 1823): Failed to read cpu-freq: /sys/devices/system/cpu/cpu1190400/cpufreq/stats/time_in_state: open failed: ENOENT (No such file or directory)
03-19 06:14:46.408 E/KernelCpuSpeedReader( 1823): Failed to read cpu-freq: /sys/devices/system/cpu/cpu2707200/cpufreq/stats/time_in_state: open failed: ENOENT (No such file or directory)
03-19 06:14:46.408 E/KernelCpuSpeedReader( 1823): Failed to read cpu-freq: /sys/devices/system/cpu/cpu4512000/cpufreq/stats/time_in_state: open failed: ENOENT (No such file or directory)
03-19 06:14:46.455 E/MiuiActivityController( 1823): MiuiLog-ActivityObserver: There was something wrong : null
03-19 06:14:46.528 E/ProcessManager( 1823): error write exception log
03-19 06:14:47.145 E/ProcessManager( 1823): error write exception log
03-19 06:14:48.687 E/AppOps  ( 1823): attributionTag  not declared in manifest of android
03-19 06:14:48.691 E/AppOps  ( 1823): attributionTag  not declared in manifest of android
03-19 06:14:48.694 E/AppOps  ( 1823): attributionTag  not declared in manifest of android
03-19 06:14:54.139 E/AppOps  ( 1823): attributionTag  not declared in manifest of android
03-19 06:14:54.142 E/AppOps  ( 1823): attributionTag  not declared in manifest of android
03-19 06:14:54.145 E/AppOps  ( 1823): attributionTag  not declared in manifest of android
03-19 06:14:54.148 E/AppOps  ( 1823): attributionTag  not declared in manifest of android
03-19 06:17:57.263 E/ProcessManager( 1823): error write exception log
03-19 06:17:58.010 E/ProcessManager( 1823): error write exception log
03-19 06:17:58.084 E/KernelCpuSpeedReader( 1823): Failed to read cpu-freq: /sys/devices/system/cpu/cpu0/cpufreq/stats/time_in_state: open failed: ENOENT (No such file or directory)
03-19 06:17:58.084 E/KernelCpuSpeedReader( 1823): Failed to read cpu-freq: /sys/devices/system/cpu/cpu1190400/cpufreq/stats/time_in_state: open failed: ENOENT (No such file or directory)
03-19 06:17:58.085 E/KernelCpuSpeedReader( 1823): Failed to read cpu-freq: /sys/devices/system/cpu/cpu2707200/cpufreq/stats/time_in_state: open failed: ENOENT (No such file or directory)
03-19 06:17:58.085 E/KernelCpuSpeedReader( 1823): Failed to read cpu-freq: /sys/devices/system/cpu/cpu4512000/cpufreq/stats/time_in_state: open failed: ENOENT (No such file or directory)
03-19 06:24:59.455 E/KernelCpuSpeedReader( 1823): Failed to read cpu-freq: /sys/devices/system/cpu/cpu0/cpufreq/stats/time_in_state: open failed: ENOENT (No such file or directory)
03-19 06:24:59.456 E/KernelCpuSpeedReader( 1823): Failed to read cpu-freq: /sys/devices/system/cpu/cpu1190400/cpufreq/stats/time_in_state: open failed: ENOENT (No such file or directory)
03-19 06:24:59.457 E/KernelCpuSpeedReader( 1823): Failed to read cpu-freq: /sys/devices/system/cpu/cpu2707200/cpufreq/stats/time_in_state: open failed: ENOENT (No such file or directory)
03-19 06:24:59.458 E/KernelCpuSpeedReader( 1823): Failed to read cpu-freq: /sys/devices/system/cpu/cpu4512000/cpufreq/stats/time_in_state: open failed: ENOENT (No such file or directory)
03-19 06:25:55.518 E/KernelCpuSpeedReader( 1823): Failed to read cpu-freq: /sys/devices/system/cpu/cpu0/cpufreq/stats/time_in_state: open failed: ENOENT (No such file or directory)
03-19 06:25:55.519 E/KernelCpuSpeedReader( 1823): Failed to read cpu-freq: /sys/devices/system/cpu/cpu1190400/cpufreq/stats/time_in_state: open failed: ENOENT (No such file or directory)
03-19 06:25:55.520 E/KernelCpuSpeedReader( 1823): Failed to read cpu-freq: /sys/devices/system/cpu/cpu2707200/cpufreq/stats/time_in_state: open failed: ENOENT (No such file or directory)
03-19 06:25:55.520 E/KernelCpuSpeedReader( 1823): Failed to read cpu-freq: /sys/devices/system/cpu/cpu4512000/cpufreq/stats/time_in_state: open failed: ENOENT (No such file or directory)
03-19 06:26:27.835 E/KernelCpuSpeedReader( 1823): Failed to read cpu-freq: /sys/devices/system/cpu/cpu0/cpufreq/stats/time_in_state: open failed: ENOENT (No such file or directory)
03-19 06:26:27.835 E/KernelCpuSpeedReader( 1823): Failed to read cpu-freq: /sys/devices/system/cpu/cpu1190400/cpufreq/stats/time_in_state: open failed: ENOENT (No such file or directory)
03-19 06:26:27.835 E/KernelCpuSpeedReader( 1823): Failed to read cpu-freq: /sys/devices/system/cpu/cpu2707200/cpufreq/stats/time_in_state: open failed: ENOENT (No such file or directory)
03-19 06:26:27.835 E/KernelCpuSpeedReader( 1823): Failed to read cpu-freq: /sys/devices/system/cpu/cpu4512000/cpufreq/stats/time_in_state: open failed: ENOENT (No such file or directory)
03-19 06:27:35.736 E/KernelRpmStatsReader( 6919): Failure in reading rpm stats
03-19 06:27:35.736 E/KernelRpmStatsReader( 6919): java.io.FileNotFoundException: /sys/power/system_sleep/stats: open failed: EACCES (Permission denied)
03-19 06:27:35.736 E/KernelRpmStatsReader( 6919): 	at libcore.io.IoBridge.open(IoBridge.java:574)
03-19 06:27:35.736 E/KernelRpmStatsReader( 6919): 	at java.io.FileInputStream.<init>(FileInputStream.java:179)
03-19 06:27:35.736 E/KernelRpmStatsReader( 6919): 	at java.io.FileInputStream.<init>(FileInputStream.java:133)
03-19 06:27:35.736 E/KernelRpmStatsReader( 6919): 	at com.miui.powerkeeper.utils.KernelRpmStatsReader.readRpmStatsType1(Unknown Source:19)
03-19 06:27:35.736 E/KernelRpmStatsReader( 6919): 	at com.miui.powerkeeper.utils.KernelRpmStatsReader.readRpmStats(Unknown Source:63)
03-19 06:27:35.736 E/KernelRpmStatsReader( 6919): 	at com.miui.powerkeeper.powerchecker.PowerCheckerService.requestKernelRpmStatsUpdate(Unknown Source:4)
03-19 06:27:35.736 E/KernelRpmStatsReader( 6919): 	at com.miui.powerkeeper.powerchecker.PowerCheckerService.addBatteryHistoryRecord(Unknown Source:32)
03-19 06:27:35.736 E/KernelRpmStatsReader( 6919): 	at com.miui.powerkeeper.powerchecker.PowerCheckerService.updateBatteryLevelChanged(Unknown Source:8)
03-19 06:27:35.736 E/KernelRpmStatsReader( 6919): 	at com.miui.powerkeeper.powerchecker.PowerCheckerService.access$2700(Unknown Source:0)
03-19 06:27:35.736 E/KernelRpmStatsReader( 6919): 	at com.miui.powerkeeper.powerchecker.PowerCheckerService$PowerCheckHandler.handleMessage(Unknown Source:124)
03-19 06:27:35.736 E/KernelRpmStatsReader( 6919): 	at android.os.Handler.dispatchMessage(Handler.java:106)
03-19 06:27:35.736 E/KernelRpmStatsReader( 6919): 	at android.os.Looper.loopOnce(Looper.java:211)
03-19 06:27:35.736 E/KernelRpmStatsReader( 6919): 	at android.os.Looper.loop(Looper.java:300)
03-19 06:27:35.736 E/KernelRpmStatsReader( 6919): 	at android.os.HandlerThread.run(HandlerThread.java:67)
03-19 06:27:35.736 E/KernelRpmStatsReader( 6919): Caused by: android.system.ErrnoException: open failed: EACCES (Permission denied)
03-19 06:27:35.736 E/KernelRpmStatsReader( 6919): 	at libcore.io.Linux.open(Native Method)
03-19 06:27:35.736 E/KernelRpmStatsReader( 6919): 	at libcore.io.ForwardingOs.open(ForwardingOs.java:574)
03-19 06:27:35.736 E/KernelRpmStatsReader( 6919): 	at libcore.io.BlockGuardOs.open(BlockGuardOs.java:274)
03-19 06:27:35.736 E/KernelRpmStatsReader( 6919): 	at libcore.io.ForwardingOs.open(ForwardingOs.java:574)
03-19 06:27:35.736 E/KernelRpmStatsReader( 6919): 	at android.app.ActivityThread$AndroidOs.open(ActivityThread.java:8381)
03-19 06:27:35.736 E/KernelRpmStatsReader( 6919): 	at libcore.io.IoBridge.open(IoBridge.java:560)
03-19 06:27:35.736 E/KernelRpmStatsReader( 6919): 	... 13 more
03-19 06:27:54.305 E/ProcessManager( 1823): error write exception log
03-19 06:27:55.753 E/ProcessManager( 1823): error write exception log
03-19 06:28:08.105 E/ProcessManager( 1823): error write exception log
03-19 06:28:08.179 E/ProcessManager( 1823): error write exception log
03-19 06:28:08.232 E/ProcessManager( 1823): error write exception log
03-19 06:28:09.208 E/ProcessManager( 1823): error write exception log
03-19 06:28:10.806 E/ProcessManager( 1823): error write exception log
03-19 06:28:13.367 E/ActivityThread(10504): Failed to find provider info for com.facebook.appmanager.nekodirect
03-19 06:28:17.705 E/ProcessManager( 1823): error write exception log
03-19 06:28:17.838 E/ProcessManager( 1823): error write exception log
03-19 06:28:18.166 E/ProcessManager( 1823): error write exception log
03-19 06:28:18.517 E/ProcessManager( 1823): error write exception log
03-19 06:28:22.571 E/ProcessManager( 1823): error write exception log
03-19 06:28:40.147 E/ProcessManager( 1823): error write exception log
03-19 06:28:52.588 E/ProcessManager( 1823): error write exception log
03-19 06:29:11.572 E/ProcessManager( 1823): error write exception log
03-19 06:29:18.190 E/ProcessManager( 1823): error write exception log
03-19 06:32:48.105 E/KernelCpuSpeedReader( 1823): Failed to read cpu-freq: /sys/devices/system/cpu/cpu0/cpufreq/stats/time_in_state: open failed: ENOENT (No such file or directory)
03-19 06:32:48.107 E/KernelCpuSpeedReader( 1823): Failed to read cpu-freq: /sys/devices/system/cpu/cpu1190400/cpufreq/stats/time_in_state: open failed: ENOENT (No such file or directory)
03-19 06:32:48.108 E/KernelCpuSpeedReader( 1823): Failed to read cpu-freq: /sys/devices/system/cpu/cpu2707200/cpufreq/stats/time_in_state: open failed: ENOENT (No such file or directory)
03-19 06:32:48.108 E/KernelCpuSpeedReader( 1823): Failed to read cpu-freq: /sys/devices/system/cpu/cpu4512000/cpufreq/stats/time_in_state: open failed: ENOENT (No such file or directory)
03-19 06:32:55.757 E/ProcessManager( 1823): error write exception log
03-19 06:39:41.552 E/ProcessManager( 1823): error write exception log
03-19 06:40:03.120 E/KernelCpuSpeedReader( 1823): Failed to read cpu-freq: /sys/devices/system/cpu/cpu0/cpufreq/stats/time_in_state: open failed: ENOENT (No such file or directory)
03-19 06:40:03.121 E/KernelCpuSpeedReader( 1823): Failed to read cpu-freq: /sys/devices/system/cpu/cpu1190400/cpufreq/stats/time_in_state: open failed: ENOENT (No such file or directory)
03-19 06:40:03.121 E/KernelCpuSpeedReader( 1823): Failed to read cpu-freq: /sys/devices/system/cpu/cpu2707200/cpufreq/stats/time_in_state: open failed: ENOENT (No such file or directory)
03-19 06:40:03.122 E/KernelCpuSpeedReader( 1823): Failed to read cpu-freq: /sys/devices/system/cpu/cpu4512000/cpufreq/stats/time_in_state: open failed: ENOENT (No such file or directory)
03-19 06:42:05.665 E/KernelCpuSpeedReader( 1823): Failed to read cpu-freq: /sys/devices/system/cpu/cpu0/cpufreq/stats/time_in_state: open failed: ENOENT (No such file or directory)
03-19 06:42:05.666 E/KernelCpuSpeedReader( 1823): Failed to read cpu-freq: /sys/devices/system/cpu/cpu1190400/cpufreq/stats/time_in_state: open failed: ENOENT (No such file or directory)
03-19 06:42:05.666 E/KernelCpuSpeedReader( 1823): Failed to read cpu-freq: /sys/devices/system/cpu/cpu2707200/cpufreq/stats/time_in_state: open failed: ENOENT (No such file or directory)
03-19 06:42:05.666 E/KernelCpuSpeedReader( 1823): Failed to read cpu-freq: /sys/devices/system/cpu/cpu4512000/cpufreq/stats/time_in_state: open failed: ENOENT (No such file or directory)
03-19 06:49:18.012 E/KernelCpuSpeedReader( 1823): Failed to read cpu-freq: /sys/devices/system/cpu/cpu0/cpufreq/stats/time_in_state: open failed: ENOENT (No such file or directory)
03-19 06:49:18.013 E/KernelCpuSpeedReader( 1823): Failed to read cpu-freq: /sys/devices/system/cpu/cpu1190400/cpufreq/stats/time_in_state: open failed: ENOENT (No such file or directory)
03-19 06:49:18.016 E/KernelCpuSpeedReader( 1823): Failed to read cpu-freq: /sys/devices/system/cpu/cpu2707200/cpufreq/stats/time_in_state: open failed: ENOENT (No such file or directory)
03-19 06:49:18.016 E/KernelCpuSpeedReader( 1823): Failed to read cpu-freq: /sys/devices/system/cpu/cpu4512000/cpufreq/stats/time_in_state: open failed: ENOENT (No such file or directory)
03-19 06:49:20.045 E/KernelCpuSpeedReader( 1823): Failed to read cpu-freq: /sys/devices/system/cpu/cpu0/cpufreq/stats/time_in_state: open failed: ENOENT (No such file or directory)
03-19 06:49:20.045 E/KernelCpuSpeedReader( 1823): Failed to read cpu-freq: /sys/devices/system/cpu/cpu1190400/cpufreq/stats/time_in_state: open failed: ENOENT (No such file or directory)
03-19 06:49:20.045 E/KernelCpuSpeedReader( 1823): Failed to read cpu-freq: /sys/devices/system/cpu/cpu2707200/cpufreq/stats/time_in_state: open failed: ENOENT (No such file or directory)
03-19 06:49:20.046 E/KernelCpuSpeedReader( 1823): Failed to read cpu-freq: /sys/devices/system/cpu/cpu4512000/cpufreq/stats/time_in_state: open failed: ENOENT (No such file or directory)
03-19 06:49:28.825 E/KernelCpuSpeedReader( 1823): Failed to read cpu-freq: /sys/devices/system/cpu/cpu0/cpufreq/stats/time_in_state: open failed: ENOENT (No such file or directory)
03-19 06:49:28.825 E/KernelCpuSpeedReader( 1823): Failed to read cpu-freq: /sys/devices/system/cpu/cpu1190400/cpufreq/stats/time_in_state: open failed: ENOENT (No such file or directory)
03-19 06:49:28.825 E/KernelCpuSpeedReader( 1823): Failed to read cpu-freq: /sys/devices/system/cpu/cpu2707200/cpufreq/stats/time_in_state: open failed: ENOENT (No such file or directory)
03-19 06:49:28.825 E/KernelCpuSpeedReader( 1823): Failed to read cpu-freq: /sys/devices/system/cpu/cpu4512000/cpufreq/stats/time_in_state: open failed: ENOENT (No such file or directory)
03-19 06:52:08.992 E/KernelCpuSpeedReader( 1823): Failed to read cpu-freq: /sys/devices/system/cpu/cpu0/cpufreq/stats/time_in_state: open failed: ENOENT (No such file or directory)
03-19 06:52:08.992 E/KernelCpuSpeedReader( 1823): Failed to read cpu-freq: /sys/devices/system/cpu/cpu1190400/cpufreq/stats/time_in_state: open failed: ENOENT (No such file or directory)
03-19 06:52:08.993 E/KernelCpuSpeedReader( 1823): Failed to read cpu-freq: /sys/devices/system/cpu/cpu2707200/cpufreq/stats/time_in_state: open failed: ENOENT (No such file or directory)
03-19 06:52:08.993 E/KernelCpuSpeedReader( 1823): Failed to read cpu-freq: /sys/devices/system/cpu/cpu4512000/cpufreq/stats/time_in_state: open failed: ENOENT (No such file or directory)
03-19 06:55:46.162 E/ProcessManager( 1823): error write exception log
03-19 06:55:48.705 E/KernelCpuSpeedReader( 1823): Failed to read cpu-freq: /sys/devices/system/cpu/cpu0/cpufreq/stats/time_in_state: open failed: ENOENT (No such file or directory)
03-19 06:55:48.705 E/KernelCpuSpeedReader( 1823): Failed to read cpu-freq: /sys/devices/system/cpu/cpu1190400/cpufreq/stats/time_in_state: open failed: ENOENT (No such file or directory)
03-19 06:55:48.705 E/KernelCpuSpeedReader( 1823): Failed to read cpu-freq: /sys/devices/system/cpu/cpu2707200/cpufreq/stats/time_in_state: open failed: ENOENT (No such file or directory)
03-19 06:55:48.705 E/KernelCpuSpeedReader( 1823): Failed to read cpu-freq: /sys/devices/system/cpu/cpu4512000/cpufreq/stats/time_in_state: open failed: ENOENT (No such file or directory)
03-19 06:55:48.800 E/ForceDarkHelperStubImpl(14180): getForceDarkOriginState transact failed , mService: null
03-19 06:55:48.974 E/ProcessManager( 1823): error write exception log
03-19 06:55:48.996 E/ProcessManager( 1823): error write exception log
03-19 06:55:49.493 E/ProcessManager( 1823): error write exception log
03-19 06:55:51.388 E/ProcessManager( 1823): error write exception log
03-19 06:55:52.170 E/ProcessManager( 1823): error write exception log
03-19 06:55:52.203 E/ProcessManager( 1823): error write exception log
03-19 06:55:52.619 E/KernelCpuSpeedReader( 1823): Failed to read cpu-freq: /sys/devices/system/cpu/cpu0/cpufreq/stats/time_in_state: open failed: ENOENT (No such file or directory)
03-19 06:55:52.619 E/KernelCpuSpeedReader( 1823): Failed to read cpu-freq: /sys/devices/system/cpu/cpu1190400/cpufreq/stats/time_in_state: open failed: ENOENT (No such file or directory)
03-19 06:55:52.619 E/KernelCpuSpeedReader( 1823): Failed to read cpu-freq: /sys/devices/system/cpu/cpu2707200/cpufreq/stats/time_in_state: open failed: ENOENT (No such file or directory)
03-19 06:55:52.619 E/KernelCpuSpeedReader( 1823): Failed to read cpu-freq: /sys/devices/system/cpu/cpu4512000/cpufreq/stats/time_in_state: open failed: ENOENT (No such file or directory)
03-19 06:55:52.666 E/ProcessManager( 1823): error write exception log
03-19 06:55:52.792 E/ActivityThread(14293): Failed to find provider info for com.facebook.appmanager.nekodirect
03-19 06:55:52.807 E/ActivityThread(14630): Failed to find provider info for com.mi.android.globalminusscreen.provider
03-19 06:55:54.239 E/ProcessManager( 1823): error write exception log
03-19 06:55:54.306 E/ProcessManager( 1823): error write exception log
03-19 06:55:54.459 E/ProcessManager( 1823): error write exception log
03-19 06:55:54.462 E/MiuiMultiWindowUtils(14766): initFreeFormResolutionArgs failed, device is spes
03-19 06:55:54.551 E/ActivityThread(14766): Failed to find provider info for com.xiaomi.mipicks.dbcache
03-19 06:55:54.642 E/ProcessManager( 1823): error write exception log
03-19 06:55:54.750 E/NotificationService( 1823): Muting recently noisy 0|com.android.thememanager|1118481|null|6101
03-19 06:55:56.286 E/ActivityThread(14630): Failed to find provider info for com.xiaomi.aicr.provider.NLSCapabilityProvider
03-19 06:55:56.529 E/ProcessManager( 1823): error write exception log
03-19 06:55:57.401 E/KernelCpuSpeedReader( 1823): Failed to read cpu-freq: /sys/devices/system/cpu/cpu0/cpufreq/stats/time_in_state: open failed: ENOENT (No such file or directory)
03-19 06:55:57.402 E/KernelCpuSpeedReader( 1823): Failed to read cpu-freq: /sys/devices/system/cpu/cpu1190400/cpufreq/stats/time_in_state: open failed: ENOENT (No such file or directory)
03-19 06:55:57.402 E/KernelCpuSpeedReader( 1823): Failed to read cpu-freq: /sys/devices/system/cpu/cpu2707200/cpufreq/stats/time_in_state: open failed: ENOENT (No such file or directory)
03-19 06:55:57.402 E/KernelCpuSpeedReader( 1823): Failed to read cpu-freq: /sys/devices/system/cpu/cpu4512000/cpufreq/stats/time_in_state: open failed: ENOENT (No such file or directory)
03-19 06:56:22.898 E/ProcessManager( 1823): error write exception log
03-19 06:56:23.350 E/ProcessManager( 1823): error write exception log
03-19 06:58:29.204 E/ProcessManager( 1823): error write exception log
03-19 07:00:01.456 E/ProcessManager( 1823): error write exception log
03-19 07:00:03.720 E/ProcessManager( 1823): error write exception log
03-19 07:00:03.826 E/KernelCpuSpeedReader( 1823): Failed to read cpu-freq: /sys/devices/system/cpu/cpu0/cpufreq/stats/time_in_state: open failed: ENOENT (No such file or directory)
03-19 07:00:03.826 E/KernelCpuSpeedReader( 1823): Failed to read cpu-freq: /sys/devices/system/cpu/cpu1190400/cpufreq/stats/time_in_state: open failed: ENOENT (No such file or directory)
03-19 07:00:03.826 E/KernelCpuSpeedReader( 1823): Failed to read cpu-freq: /sys/devices/system/cpu/cpu2707200/cpufreq/stats/time_in_state: open failed: ENOENT (No such file or directory)
03-19 07:00:03.826 E/KernelCpuSpeedReader( 1823): Failed to read cpu-freq: /sys/devices/system/cpu/cpu4512000/cpufreq/stats/time_in_state: open failed: ENOENT (No such file or directory)
03-19 07:00:06.284 E/ProcessManager( 1823): error write exception log
03-19 07:03:28.744 E/ProcessManager( 1823): error write exception log
03-19 07:10:10.504 E/KernelCpuSpeedReader( 1823): Failed to read cpu-freq: /sys/devices/system/cpu/cpu0/cpufreq/stats/time_in_state: open failed: ENOENT (No such file or directory)
03-19 07:10:10.504 E/KernelCpuSpeedReader( 1823): Failed to read cpu-freq: /sys/devices/system/cpu/cpu1190400/cpufreq/stats/time_in_state: open failed: ENOENT (No such file or directory)
03-19 07:10:10.504 E/KernelCpuSpeedReader( 1823): Failed to read cpu-freq: /sys/devices/system/cpu/cpu2707200/cpufreq/stats/time_in_state: open failed: ENOENT (No such file or directory)
03-19 07:10:10.505 E/KernelCpuSpeedReader( 1823): Failed to read cpu-freq: /sys/devices/system/cpu/cpu4512000/cpufreq/stats/time_in_state: open failed: ENOENT (No such file or directory)
03-19 07:11:57.980 E/VerityUtils( 1823): Failed to measure fs-verity, errno 1: /data/app/~~j3-oit2zPFAOcofyjHdQnQ==/com.google.android.youtube-Smaav0xpJCim_M9xlZp3tA==/base.apk
03-19 07:11:58.716 E/ProcessManager( 1823): error write exception log
03-19 07:12:37.514 E/KernelCpuSpeedReader( 1823): Failed to read cpu-freq: /sys/devices/system/cpu/cpu0/cpufreq/stats/time_in_state: open failed: ENOENT (No such file or directory)
03-19 07:12:37.515 E/KernelCpuSpeedReader( 1823): Failed to read cpu-freq: /sys/devices/system/cpu/cpu1190400/cpufreq/stats/time_in_state: open failed: ENOENT (No such file or directory)
03-19 07:12:37.516 E/KernelCpuSpeedReader( 1823): Failed to read cpu-freq: /sys/devices/system/cpu/cpu2707200/cpufreq/stats/time_in_state: open failed: ENOENT (No such file or directory)
03-19 07:12:37.517 E/KernelCpuSpeedReader( 1823): Failed to read cpu-freq: /sys/devices/system/cpu/cpu4512000/cpufreq/stats/time_in_state: open failed: ENOENT (No such file or directory)
03-19 07:13:43.101 E/KernelCpuSpeedReader( 1823): Failed to read cpu-freq: /sys/devices/system/cpu/cpu0/cpufreq/stats/time_in_state: open failed: ENOENT (No such file or directory)
03-19 07:13:43.102 E/KernelCpuSpeedReader( 1823): Failed to read cpu-freq: /sys/devices/system/cpu/cpu1190400/cpufreq/stats/time_in_state: open failed: ENOENT (No such file or directory)
03-19 07:13:43.103 E/KernelCpuSpeedReader( 1823): Failed to read cpu-freq: /sys/devices/system/cpu/cpu2707200/cpufreq/stats/time_in_state: open failed: ENOENT (No such file or directory)
03-19 07:13:43.103 E/KernelCpuSpeedReader( 1823): Failed to read cpu-freq: /sys/devices/system/cpu/cpu4512000/cpufreq/stats/time_in_state: open failed: ENOENT (No such file or directory)
03-19 07:13:54.754 E/ProcessManager( 1823): error write exception log
03-19 07:13:54.885 E/ProcessManager( 1823): error write exception log
03-19 07:13:57.168 E/ProcessManager( 1823): error write exception log
03-19 07:14:11.280 E/ProcessManager( 1823): error write exception log
03-19 07:16:48.574 E/KernelCpuSpeedReader( 1823): Failed to read cpu-freq: /sys/devices/system/cpu/cpu0/cpufreq/stats/time_in_state: open failed: ENOENT (No such file or directory)
03-19 07:16:48.575 E/KernelCpuSpeedReader( 1823): Failed to read cpu-freq: /sys/devices/system/cpu/cpu1190400/cpufreq/stats/time_in_state: open failed: ENOENT (No such file or directory)
03-19 07:16:48.575 E/KernelCpuSpeedReader( 1823): Failed to read cpu-freq: /sys/devices/system/cpu/cpu2707200/cpufreq/stats/time_in_state: open failed: ENOENT (No such file or directory)
03-19 07:16:48.576 E/KernelCpuSpeedReader( 1823): Failed to read cpu-freq: /sys/devices/system/cpu/cpu4512000/cpufreq/stats/time_in_state: open failed: ENOENT (No such file or directory)
03-19 07:20:50.565 E/KernelCpuSpeedReader( 1823): Failed to read cpu-freq: /sys/devices/system/cpu/cpu0/cpufreq/stats/time_in_state: open failed: ENOENT (No such file or directory)
03-19 07:20:50.566 E/KernelCpuSpeedReader( 1823): Failed to read cpu-freq: /sys/devices/system/cpu/cpu1190400/cpufreq/stats/time_in_state: open failed: ENOENT (No such file or directory)
03-19 07:20:50.567 E/KernelCpuSpeedReader( 1823): Failed to read cpu-freq: /sys/devices/system/cpu/cpu2707200/cpufreq/stats/time_in_state: open failed: ENOENT (No such file or directory)
03-19 07:20:50.567 E/KernelCpuSpeedReader( 1823): Failed to read cpu-freq: /sys/devices/system/cpu/cpu4512000/cpufreq/stats/time_in_state: open failed: ENOENT (No such file or directory)
03-19 07:20:59.299 E/KernelCpuSpeedReader( 1823): Failed to read cpu-freq: /sys/devices/system/cpu/cpu0/cpufreq/stats/time_in_state: open failed: ENOENT (No such file or directory)
03-19 07:20:59.300 E/KernelCpuSpeedReader( 1823): Failed to read cpu-freq: /sys/devices/system/cpu/cpu1190400/cpufreq/stats/time_in_state: open failed: ENOENT (No such file or directory)
03-19 07:20:59.300 E/KernelCpuSpeedReader( 1823): Failed to read cpu-freq: /sys/devices/system/cpu/cpu2707200/cpufreq/stats/time_in_state: open failed: ENOENT (No such file or directory)
03-19 07:20:59.300 E/KernelCpuSpeedReader( 1823): Failed to read cpu-freq: /sys/devices/system/cpu/cpu4512000/cpufreq/stats/time_in_state: open failed: ENOENT (No such file or directory)
03-19 07:23:23.015 E/KernelCpuSpeedReader( 1823): Failed to read cpu-freq: /sys/devices/system/cpu/cpu0/cpufreq/stats/time_in_state: open failed: ENOENT (No such file or directory)
03-19 07:23:23.015 E/KernelCpuSpeedReader( 1823): Failed to read cpu-freq: /sys/devices/system/cpu/cpu1190400/cpufreq/stats/time_in_state: open failed: ENOENT (No such file or directory)
03-19 07:23:23.016 E/KernelCpuSpeedReader( 1823): Failed to read cpu-freq: /sys/devices/system/cpu/cpu2707200/cpufreq/stats/time_in_state: open failed: ENOENT (No such file or directory)
03-19 07:23:23.016 E/KernelCpuSpeedReader( 1823): Failed to read cpu-freq: /sys/devices/system/cpu/cpu4512000/cpufreq/stats/time_in_state: open failed: ENOENT (No such file or directory)
03-19 07:25:18.130 E/KernelCpuSpeedReader( 1823): Failed to read cpu-freq: /sys/devices/system/cpu/cpu0/cpufreq/stats/time_in_state: open failed: ENOENT (No such file or directory)
03-19 07:25:18.130 E/KernelCpuSpeedReader( 1823): Failed to read cpu-freq: /sys/devices/system/cpu/cpu1190400/cpufreq/stats/time_in_state: open failed: ENOENT (No such file or directory)
03-19 07:25:18.130 E/KernelCpuSpeedReader( 1823): Failed to read cpu-freq: /sys/devices/system/cpu/cpu2707200/cpufreq/stats/time_in_state: open failed: ENOENT (No such file or directory)
03-19 07:25:18.131 E/KernelCpuSpeedReader( 1823): Failed to read cpu-freq: /sys/devices/system/cpu/cpu4512000/cpufreq/stats/time_in_state: open failed: ENOENT (No such file or directory)
03-19 07:26:43.973 E/KernelRpmStatsReader( 6919): Failure in reading rpm stats
03-19 07:26:43.973 E/KernelRpmStatsReader( 6919): java.io.FileNotFoundException: /sys/power/system_sleep/stats: open failed: EACCES (Permission denied)
03-19 07:26:43.973 E/KernelRpmStatsReader( 6919): 	at libcore.io.IoBridge.open(IoBridge.java:574)
03-19 07:26:43.973 E/KernelRpmStatsReader( 6919): 	at java.io.FileInputStream.<init>(FileInputStream.java:179)
03-19 07:26:43.973 E/KernelRpmStatsReader( 6919): 	at java.io.FileInputStream.<init>(FileInputStream.java:133)
03-19 07:26:43.973 E/KernelRpmStatsReader( 6919): 	at com.miui.powerkeeper.utils.KernelRpmStatsReader.readRpmStatsType1(Unknown Source:19)
03-19 07:26:43.973 E/KernelRpmStatsReader( 6919): 	at com.miui.powerkeeper.utils.KernelRpmStatsReader.readRpmStats(Unknown Source:63)
03-19 07:26:43.973 E/KernelRpmStatsReader( 6919): 	at com.miui.powerkeeper.powerchecker.PowerCheckerService.requestKernelRpmStatsUpdate(Unknown Source:4)
03-19 07:26:43.973 E/KernelRpmStatsReader( 6919): 	at com.miui.powerkeeper.powerchecker.PowerCheckerService.addBatteryHistoryRecord(Unknown Source:32)
03-19 07:26:43.973 E/KernelRpmStatsReader( 6919): 	at com.miui.powerkeeper.powerchecker.PowerCheckerService.updateBatteryLevelChanged(Unknown Source:8)
03-19 07:26:43.973 E/KernelRpmStatsReader( 6919): 	at com.miui.powerkeeper.powerchecker.PowerCheckerService.access$2700(Unknown Source:0)
03-19 07:26:43.973 E/KernelRpmStatsReader( 6919): 	at com.miui.powerkeeper.powerchecker.PowerCheckerService$PowerCheckHandler.handleMessage(Unknown Source:124)
03-19 07:26:43.973 E/KernelRpmStatsReader( 6919): 	at android.os.Handler.dispatchMessage(Handler.java:106)
03-19 07:26:43.973 E/KernelRpmStatsReader( 6919): 	at android.os.Looper.loopOnce(Looper.java:211)
03-19 07:26:43.973 E/KernelRpmStatsReader( 6919): 	at android.os.Looper.loop(Looper.java:300)
03-19 07:26:43.973 E/KernelRpmStatsReader( 6919): 	at android.os.HandlerThread.run(HandlerThread.java:67)
03-19 07:26:43.973 E/KernelRpmStatsReader( 6919): Caused by: android.system.ErrnoException: open failed: EACCES (Permission denied)
03-19 07:26:43.973 E/KernelRpmStatsReader( 6919): 	at libcore.io.Linux.open(Native Method)
03-19 07:26:43.973 E/KernelRpmStatsReader( 6919): 	at libcore.io.ForwardingOs.open(ForwardingOs.java:574)
03-19 07:26:43.973 E/KernelRpmStatsReader( 6919): 	at libcore.io.BlockGuardOs.open(BlockGuardOs.java:274)
03-19 07:26:43.973 E/KernelRpmStatsReader( 6919): 	at libcore.io.ForwardingOs.open(ForwardingOs.java:574)
03-19 07:26:43.973 E/KernelRpmStatsReader( 6919): 	at android.app.ActivityThread$AndroidOs.open(ActivityThread.java:8381)
03-19 07:26:43.973 E/KernelRpmStatsReader( 6919): 	at libcore.io.IoBridge.open(IoBridge.java:560)
03-19 07:26:43.973 E/KernelRpmStatsReader( 6919): 	... 13 more
03-19 07:27:20.034 E/ProcessManager( 1823): error write exception log
03-19 07:27:55.560 E/ProcessManager( 1823): error write exception log
03-19 07:32:11.468 E/KernelCpuSpeedReader( 1823): Failed to read cpu-freq: /sys/devices/system/cpu/cpu0/cpufreq/stats/time_in_state: open failed: ENOENT (No such file or directory)
03-19 07:32:11.468 E/KernelCpuSpeedReader( 1823): Failed to read cpu-freq: /sys/devices/system/cpu/cpu1190400/cpufreq/stats/time_in_state: open failed: ENOENT (No such file or directory)
03-19 07:32:11.469 E/KernelCpuSpeedReader( 1823): Failed to read cpu-freq: /sys/devices/system/cpu/cpu2707200/cpufreq/stats/time_in_state: open failed: ENOENT (No such file or directory)
03-19 07:32:11.469 E/KernelCpuSpeedReader( 1823): Failed to read cpu-freq: /sys/devices/system/cpu/cpu4512000/cpufreq/stats/time_in_state: open failed: ENOENT (No such file or directory)
03-19 07:39:11.526 E/KernelCpuSpeedReader( 1823): Failed to read cpu-freq: /sys/devices/system/cpu/cpu0/cpufreq/stats/time_in_state: open failed: ENOENT (No such file or directory)
03-19 07:39:11.528 E/KernelCpuSpeedReader( 1823): Failed to read cpu-freq: /sys/devices/system/cpu/cpu1190400/cpufreq/stats/time_in_state: open failed: ENOENT (No such file or directory)
03-19 07:39:11.529 E/KernelCpuSpeedReader( 1823): Failed to read cpu-freq: /sys/devices/system/cpu/cpu2707200/cpufreq/stats/time_in_state: open failed: ENOENT (No such file or directory)
03-19 07:39:11.530 E/KernelCpuSpeedReader( 1823): Failed to read cpu-freq: /sys/devices/system/cpu/cpu4512000/cpufreq/stats/time_in_state: open failed: ENOENT (No such file or directory)
03-19 07:42:56.494 E/KernelCpuSpeedReader( 1823): Failed to read cpu-freq: /sys/devices/system/cpu/cpu0/cpufreq/stats/time_in_state: open failed: ENOENT (No such file or directory)
03-19 07:42:56.495 E/KernelCpuSpeedReader( 1823): Failed to read cpu-freq: /sys/devices/system/cpu/cpu1190400/cpufreq/stats/time_in_state: open failed: ENOENT (No such file or directory)
03-19 07:42:56.495 E/KernelCpuSpeedReader( 1823): Failed to read cpu-freq: /sys/devices/system/cpu/cpu2707200/cpufreq/stats/time_in_state: open failed: ENOENT (No such file or directory)
03-19 07:42:56.496 E/KernelCpuSpeedReader( 1823): Failed to read cpu-freq: /sys/devices/system/cpu/cpu4512000/cpufreq/stats/time_in_state: open failed: ENOENT (No such file or directory)
03-19 07:56:33.232 E/AppOps  ( 1823): attributionTag  not declared in manifest of android
03-19 07:56:33.237 E/AppOps  ( 1823): attributionTag  not declared in manifest of android
03-19 07:56:33.256 E/AppOps  ( 1823): attributionTag  not declared in manifest of android
03-19 07:56:33.259 E/AppOps  ( 1823): attributionTag  not declared in manifest of android
03-19 07:56:33.262 E/AppOps  ( 1823): attributionTag  not declared in manifest of android
03-19 07:56:33.265 E/AppOps  ( 1823): attributionTag  not declared in manifest of android
03-19 07:56:33.267 E/AppOps  ( 1823): attributionTag  not declared in manifest of android
03-19 07:58:14.331 E/AppOps  ( 1823): attributionTag  not declared in manifest of android
03-19 08:00:42.509 E/KernelCpuSpeedReader( 1823): Failed to read cpu-freq: /sys/devices/system/cpu/cpu0/cpufreq/stats/time_in_state: open failed: ENOENT (No such file or directory)
03-19 08:00:42.510 E/KernelCpuSpeedReader( 1823): Failed to read cpu-freq: /sys/devices/system/cpu/cpu1190400/cpufreq/stats/time_in_state: open failed: ENOENT (No such file or directory)
03-19 08:00:42.511 E/KernelCpuSpeedReader( 1823): Failed to read cpu-freq: /sys/devices/system/cpu/cpu2707200/cpufreq/stats/time_in_state: open failed: ENOENT (No such file or directory)
03-19 08:00:42.511 E/KernelCpuSpeedReader( 1823): Failed to read cpu-freq: /sys/devices/system/cpu/cpu4512000/cpufreq/stats/time_in_state: open failed: ENOENT (No such file or directory)
03-19 08:03:11.597 E/VerityUtils( 1823): Failed to measure fs-verity, errno 1: /data/app/~~j3-oit2zPFAOcofyjHdQnQ==/com.google.android.youtube-Smaav0xpJCim_M9xlZp3tA==/base.apk
03-19 08:03:14.834 E/ProcessManager( 1823): error write exception log
03-19 08:03:15.505 E/KernelCpuSpeedReader( 1823): Failed to read cpu-freq: /sys/devices/system/cpu/cpu0/cpufreq/stats/time_in_state: open failed: ENOENT (No such file or directory)
03-19 08:03:15.512 E/KernelCpuSpeedReader( 1823): Failed to read cpu-freq: /sys/devices/system/cpu/cpu1190400/cpufreq/stats/time_in_state: open failed: ENOENT (No such file or directory)
03-19 08:03:15.513 E/KernelCpuSpeedReader( 1823): Failed to read cpu-freq: /sys/devices/system/cpu/cpu2707200/cpufreq/stats/time_in_state: open failed: ENOENT (No such file or directory)
03-19 08:03:15.513 E/KernelCpuSpeedReader( 1823): Failed to read cpu-freq: /sys/devices/system/cpu/cpu4512000/cpufreq/stats/time_in_state: open failed: ENOENT (No such file or directory)
03-19 08:03:24.198 E/KernelCpuSpeedReader( 1823): Failed to read cpu-freq: /sys/devices/system/cpu/cpu0/cpufreq/stats/time_in_state: open failed: ENOENT (No such file or directory)
03-19 08:03:24.198 E/KernelCpuSpeedReader( 1823): Failed to read cpu-freq: /sys/devices/system/cpu/cpu1190400/cpufreq/stats/time_in_state: open failed: ENOENT (No such file or directory)
03-19 08:03:24.198 E/KernelCpuSpeedReader( 1823): Failed to read cpu-freq: /sys/devices/system/cpu/cpu2707200/cpufreq/stats/time_in_state: open failed: ENOENT (No such file or directory)
03-19 08:03:24.198 E/KernelCpuSpeedReader( 1823): Failed to read cpu-freq: /sys/devices/system/cpu/cpu4512000/cpufreq/stats/time_in_state: open failed: ENOENT (No such file or directory)
03-19 08:06:59.070 E/ProcessManager( 1823): error write exception log
03-19 08:06:59.132 E/ProcessManager( 1823): error write exception log
03-19 08:06:59.670 E/KernelCpuSpeedReader( 1823): Failed to read cpu-freq: /sys/devices/system/cpu/cpu0/cpufreq/stats/time_in_state: open failed: ENOENT (No such file or directory)
03-19 08:06:59.670 E/KernelCpuSpeedReader( 1823): Failed to read cpu-freq: /sys/devices/system/cpu/cpu1190400/cpufreq/stats/time_in_state: open failed: ENOENT (No such file or directory)
03-19 08:06:59.670 E/KernelCpuSpeedReader( 1823): Failed to read cpu-freq: /sys/devices/system/cpu/cpu2707200/cpufreq/stats/time_in_state: open failed: ENOENT (No such file or directory)
03-19 08:06:59.671 E/KernelCpuSpeedReader( 1823): Failed to read cpu-freq: /sys/devices/system/cpu/cpu4512000/cpufreq/stats/time_in_state: open failed: ENOENT (No such file or directory)
03-19 08:07:00.195 E/KernelCpuSpeedReader( 1823): Failed to read cpu-freq: /sys/devices/system/cpu/cpu0/cpufreq/stats/time_in_state: open failed: ENOENT (No such file or directory)
03-19 08:07:00.196 E/KernelCpuSpeedReader( 1823): Failed to read cpu-freq: /sys/devices/system/cpu/cpu1190400/cpufreq/stats/time_in_state: open failed: ENOENT (No such file or directory)
03-19 08:07:00.196 E/KernelCpuSpeedReader( 1823): Failed to read cpu-freq: /sys/devices/system/cpu/cpu2707200/cpufreq/stats/time_in_state: open failed: ENOENT (No such file or directory)
03-19 08:07:00.197 E/KernelCpuSpeedReader( 1823): Failed to read cpu-freq: /sys/devices/system/cpu/cpu4512000/cpufreq/stats/time_in_state: open failed: ENOENT (No such file or directory)
03-19 08:07:08.327 E/KernelCpuSpeedReader( 1823): Failed to read cpu-freq: /sys/devices/system/cpu/cpu0/cpufreq/stats/time_in_state: open failed: ENOENT (No such file or directory)
03-19 08:07:08.328 E/KernelCpuSpeedReader( 1823): Failed to read cpu-freq: /sys/devices/system/cpu/cpu1190400/cpufreq/stats/time_in_state: open failed: ENOENT (No such file or directory)
03-19 08:07:08.331 E/KernelCpuSpeedReader( 1823): Failed to read cpu-freq: /sys/devices/system/cpu/cpu2707200/cpufreq/stats/time_in_state: open failed: ENOENT (No such file or directory)
03-19 08:07:08.334 E/KernelCpuSpeedReader( 1823): Failed to read cpu-freq: /sys/devices/system/cpu/cpu4512000/cpufreq/stats/time_in_state: open failed: ENOENT (No such file or directory)
03-19 08:10:36.323 E/KernelCpuSpeedReader( 1823): Failed to read cpu-freq: /sys/devices/system/cpu/cpu0/cpufreq/stats/time_in_state: open failed: ENOENT (No such file or directory)
03-19 08:10:36.324 E/KernelCpuSpeedReader( 1823): Failed to read cpu-freq: /sys/devices/system/cpu/cpu1190400/cpufreq/stats/time_in_state: open failed: ENOENT (No such file or directory)
03-19 08:10:36.324 E/KernelCpuSpeedReader( 1823): Failed to read cpu-freq: /sys/devices/system/cpu/cpu2707200/cpufreq/stats/time_in_state: open failed: ENOENT (No such file or directory)
03-19 08:10:36.325 E/KernelCpuSpeedReader( 1823): Failed to read cpu-freq: /sys/devices/system/cpu/cpu4512000/cpufreq/stats/time_in_state: open failed: ENOENT (No such file or directory)
03-19 08:10:45.001 E/KernelCpuSpeedReader( 1823): Failed to read cpu-freq: /sys/devices/system/cpu/cpu0/cpufreq/stats/time_in_state: open failed: ENOENT (No such file or directory)
03-19 08:10:45.001 E/KernelCpuSpeedReader( 1823): Failed to read cpu-freq: /sys/devices/system/cpu/cpu1190400/cpufreq/stats/time_in_state: open failed: ENOENT (No such file or directory)
03-19 08:10:45.001 E/KernelCpuSpeedReader( 1823): Failed to read cpu-freq: /sys/devices/system/cpu/cpu2707200/cpufreq/stats/time_in_state: open failed: ENOENT (No such file or directory)
03-19 08:10:45.001 E/KernelCpuSpeedReader( 1823): Failed to read cpu-freq: /sys/devices/system/cpu/cpu4512000/cpufreq/stats/time_in_state: open failed: ENOENT (No such file or directory)
03-19 08:12:40.890 E/KernelCpuSpeedReader( 1823): Failed to read cpu-freq: /sys/devices/system/cpu/cpu0/cpufreq/stats/time_in_state: open failed: ENOENT (No such file or directory)
03-19 08:12:40.890 E/KernelCpuSpeedReader( 1823): Failed to read cpu-freq: /sys/devices/system/cpu/cpu1190400/cpufreq/stats/time_in_state: open failed: ENOENT (No such file or directory)
03-19 08:12:40.890 E/KernelCpuSpeedReader( 1823): Failed to read cpu-freq: /sys/devices/system/cpu/cpu2707200/cpufreq/stats/time_in_state: open failed: ENOENT (No such file or directory)
03-19 08:12:40.890 E/KernelCpuSpeedReader( 1823): Failed to read cpu-freq: /sys/devices/system/cpu/cpu4512000/cpufreq/stats/time_in_state: open failed: ENOENT (No such file or directory)
03-19 08:12:46.026 E/KernelCpuSpeedReader( 1823): Failed to read cpu-freq: /sys/devices/system/cpu/cpu0/cpufreq/stats/time_in_state: open failed: ENOENT (No such file or directory)
03-19 08:12:46.027 E/KernelCpuSpeedReader( 1823): Failed to read cpu-freq: /sys/devices/system/cpu/cpu1190400/cpufreq/stats/time_in_state: open failed: ENOENT (No such file or directory)
03-19 08:12:46.027 E/KernelCpuSpeedReader( 1823): Failed to read cpu-freq: /sys/devices/system/cpu/cpu2707200/cpufreq/stats/time_in_state: open failed: ENOENT (No such file or directory)
03-19 08:12:46.028 E/KernelCpuSpeedReader( 1823): Failed to read cpu-freq: /sys/devices/system/cpu/cpu4512000/cpufreq/stats/time_in_state: open failed: ENOENT (No such file or directory)
03-19 08:17:30.435 E/KernelCpuSpeedReader( 1823): Failed to read cpu-freq: /sys/devices/system/cpu/cpu0/cpufreq/stats/time_in_state: open failed: ENOENT (No such file or directory)
03-19 08:17:30.435 E/KernelCpuSpeedReader( 1823): Failed to read cpu-freq: /sys/devices/system/cpu/cpu1190400/cpufreq/stats/time_in_state: open failed: ENOENT (No such file or directory)
03-19 08:17:30.435 E/KernelCpuSpeedReader( 1823): Failed to read cpu-freq: /sys/devices/system/cpu/cpu2707200/cpufreq/stats/time_in_state: open failed: ENOENT (No such file or directory)
03-19 08:17:30.435 E/KernelCpuSpeedReader( 1823): Failed to read cpu-freq: /sys/devices/system/cpu/cpu4512000/cpufreq/stats/time_in_state: open failed: ENOENT (No such file or directory)
03-19 08:17:30.656 E/ProcessManager( 1823): error write exception log
03-19 08:17:32.185 E/JobScheduler.Quota( 1823): <0>com.google.android.apps.subscriptions.red has 0 EJ quota without running anything
03-19 08:17:32.198 E/JobScheduler.Quota( 1823): <0>com.google.android.apps.subscriptions.red has 0 EJ quota without running anything
03-19 08:17:32.218 E/ProcessManager( 1823): error write exception log
03-19 08:17:33.194 E/ProcessManager( 1823): error write exception log
03-19 08:17:33.224 E/AppOps  ( 1823): Bad call made by uid 10266. Package "com.google.android.gms" does not belong to uid 10266.
03-19 08:17:33.237 E/AppOps  ( 1823): Bad call made by uid 10266. Package "com.google.android.gms" does not belong to uid 10266.
03-19 08:17:33.334 E/ProcessManager( 1823): error write exception log
03-19 08:17:33.584 E/ProcessManager( 1823): error write exception log
03-19 08:17:33.907 E/keystore2(  595): keystore2::error: In create_operation.
03-19 08:17:33.907 E/keystore2(  595): 
03-19 08:17:33.907 E/keystore2(  595): Caused by:
03-19 08:17:33.907 E/keystore2(  595):     0: In authorize_create: matching auth token is expired.
03-19 08:17:33.907 E/keystore2(  595):     1: Error::Km(ErrorCode(-26))
03-19 08:17:34.108 E/ProcessManager( 1823): error write exception log
03-19 08:17:34.122 E/ProcessManager( 1823): error write exception log
03-19 08:17:34.136 E/keystore2(  595): keystore2::error: In create_operation.
03-19 08:17:34.136 E/keystore2(  595): 
03-19 08:17:34.136 E/keystore2(  595): Caused by:
03-19 08:17:34.136 E/keystore2(  595):     0: In authorize_create: matching auth token is expired.
03-19 08:17:34.136 E/keystore2(  595):     1: Error::Km(ErrorCode(-26))
03-19 08:17:34.222 E/ProcessManager( 1823): error write exception log
03-19 08:17:34.458 E/ProcessManager( 1823): error write exception log
03-19 08:17:35.357 E/ProcessManager( 1823): error write exception log
03-19 08:17:36.683 E/ProcessManager( 1823): error write exception log
03-19 08:17:38.944 E/ProcessManager( 1823): error write exception log
03-19 08:17:38.953 E/ProcessManager( 1823): error write exception log
03-19 08:17:39.149 E/KernelCpuSpeedReader( 1823): Failed to read cpu-freq: /sys/devices/system/cpu/cpu0/cpufreq/stats/time_in_state: open failed: ENOENT (No such file or directory)
03-19 08:17:39.149 E/KernelCpuSpeedReader( 1823): Failed to read cpu-freq: /sys/devices/system/cpu/cpu1190400/cpufreq/stats/time_in_state: open failed: ENOENT (No such file or directory)
03-19 08:17:39.149 E/KernelCpuSpeedReader( 1823): Failed to read cpu-freq: /sys/devices/system/cpu/cpu2707200/cpufreq/stats/time_in_state: open failed: ENOENT (No such file or directory)
03-19 08:17:39.149 E/KernelCpuSpeedReader( 1823): Failed to read cpu-freq: /sys/devices/system/cpu/cpu4512000/cpufreq/stats/time_in_state: open failed: ENOENT (No such file or directory)
03-19 08:17:54.739 E/ProcessManager( 1823): error write exception log
03-19 08:22:56.157 E/ProcessManager( 1823): error write exception log
03-19 08:23:26.656 E/KernelCpuSpeedReader( 1823): Failed to read cpu-freq: /sys/devices/system/cpu/cpu0/cpufreq/stats/time_in_state: open failed: ENOENT (No such file or directory)
03-19 08:23:26.656 E/KernelCpuSpeedReader( 1823): Failed to read cpu-freq: /sys/devices/system/cpu/cpu1190400/cpufreq/stats/time_in_state: open failed: ENOENT (No such file or directory)
03-19 08:23:26.657 E/KernelCpuSpeedReader( 1823): Failed to read cpu-freq: /sys/devices/system/cpu/cpu2707200/cpufreq/stats/time_in_state: open failed: ENOENT (No such file or directory)
03-19 08:23:26.658 E/KernelCpuSpeedReader( 1823): Failed to read cpu-freq: /sys/devices/system/cpu/cpu4512000/cpufreq/stats/time_in_state: open failed: ENOENT (No such file or directory)
03-19 08:28:07.824 E/KernelCpuSpeedReader( 1823): Failed to read cpu-freq: /sys/devices/system/cpu/cpu0/cpufreq/stats/time_in_state: open failed: ENOENT (No such file or directory)
03-19 08:28:07.825 E/KernelCpuSpeedReader( 1823): Failed to read cpu-freq: /sys/devices/system/cpu/cpu1190400/cpufreq/stats/time_in_state: open failed: ENOENT (No such file or directory)
03-19 08:28:07.832 E/KernelCpuSpeedReader( 1823): Failed to read cpu-freq: /sys/devices/system/cpu/cpu2707200/cpufreq/stats/time_in_state: open failed: ENOENT (No such file or directory)
03-19 08:28:07.832 E/KernelCpuSpeedReader( 1823): Failed to read cpu-freq: /sys/devices/system/cpu/cpu4512000/cpufreq/stats/time_in_state: open failed: ENOENT (No such file or directory)
03-19 08:28:19.395 E/ProcessManager( 1823): error write exception log
03-19 08:28:21.734 E/KernelCpuSpeedReader( 1823): Failed to read cpu-freq: /sys/devices/system/cpu/cpu0/cpufreq/stats/time_in_state: open failed: ENOENT (No such file or directory)
03-19 08:28:21.734 E/KernelCpuSpeedReader( 1823): Failed to read cpu-freq: /sys/devices/system/cpu/cpu1190400/cpufreq/stats/time_in_state: open failed: ENOENT (No such file or directory)
03-19 08:28:21.735 E/KernelCpuSpeedReader( 1823): Failed to read cpu-freq: /sys/devices/system/cpu/cpu2707200/cpufreq/stats/time_in_state: open failed: ENOENT (No such file or directory)
03-19 08:28:21.735 E/KernelCpuSpeedReader( 1823): Failed to read cpu-freq: /sys/devices/system/cpu/cpu4512000/cpufreq/stats/time_in_state: open failed: ENOENT (No such file or directory)
03-19 08:28:23.106 E/ProcessManager( 1823): error write exception log
03-19 08:29:14.426 E/KernelRpmStatsReader( 6919): Failure in reading rpm stats
03-19 08:29:14.426 E/KernelRpmStatsReader( 6919): java.io.FileNotFoundException: /sys/power/system_sleep/stats: open failed: EACCES (Permission denied)
03-19 08:29:14.426 E/KernelRpmStatsReader( 6919): 	at libcore.io.IoBridge.open(IoBridge.java:574)
03-19 08:29:14.426 E/KernelRpmStatsReader( 6919): 	at java.io.FileInputStream.<init>(FileInputStream.java:179)
03-19 08:29:14.426 E/KernelRpmStatsReader( 6919): 	at java.io.FileInputStream.<init>(FileInputStream.java:133)
03-19 08:29:14.426 E/KernelRpmStatsReader( 6919): 	at com.miui.powerkeeper.utils.KernelRpmStatsReader.readRpmStatsType1(Unknown Source:19)
03-19 08:29:14.426 E/KernelRpmStatsReader( 6919): 	at com.miui.powerkeeper.utils.KernelRpmStatsReader.readRpmStats(Unknown Source:63)
03-19 08:29:14.426 E/KernelRpmStatsReader( 6919): 	at com.miui.powerkeeper.powerchecker.PowerCheckerService.requestKernelRpmStatsUpdate(Unknown Source:4)
03-19 08:29:14.426 E/KernelRpmStatsReader( 6919): 	at com.miui.powerkeeper.powerchecker.PowerCheckerService.addBatteryHistoryRecord(Unknown Source:32)
03-19 08:29:14.426 E/KernelRpmStatsReader( 6919): 	at com.miui.powerkeeper.powerchecker.PowerCheckerService.updateBatteryLevelChanged(Unknown Source:8)
03-19 08:29:14.426 E/KernelRpmStatsReader( 6919): 	at com.miui.powerkeeper.powerchecker.PowerCheckerService.access$2700(Unknown Source:0)
03-19 08:29:14.426 E/KernelRpmStatsReader( 6919): 	at com.miui.powerkeeper.powerchecker.PowerCheckerService$PowerCheckHandler.handleMessage(Unknown Source:124)
03-19 08:29:14.426 E/KernelRpmStatsReader( 6919): 	at android.os.Handler.dispatchMessage(Handler.java:106)
03-19 08:29:14.426 E/KernelRpmStatsReader( 6919): 	at android.os.Looper.loopOnce(Looper.java:211)
03-19 08:29:14.426 E/KernelRpmStatsReader( 6919): 	at android.os.Looper.loop(Looper.java:300)
03-19 08:29:14.426 E/KernelRpmStatsReader( 6919): 	at android.os.HandlerThread.run(HandlerThread.java:67)
03-19 08:29:14.426 E/KernelRpmStatsReader( 6919): Caused by: android.system.ErrnoException: open failed: EACCES (Permission denied)
03-19 08:29:14.426 E/KernelRpmStatsReader( 6919): 	at libcore.io.Linux.open(Native Method)
03-19 08:29:14.426 E/KernelRpmStatsReader( 6919): 	at libcore.io.ForwardingOs.open(ForwardingOs.java:574)
03-19 08:29:14.426 E/KernelRpmStatsReader( 6919): 	at libcore.io.BlockGuardOs.open(BlockGuardOs.java:274)
03-19 08:29:14.426 E/KernelRpmStatsReader( 6919): 	at libcore.io.ForwardingOs.open(ForwardingOs.java:574)
03-19 08:29:14.426 E/KernelRpmStatsReader( 6919): 	at android.app.ActivityThread$AndroidOs.open(ActivityThread.java:8381)
03-19 08:29:14.426 E/KernelRpmStatsReader( 6919): 	at libcore.io.IoBridge.open(IoBridge.java:560)
