03-18 23:00:30.987 E/KernelCpuSpeedReader( 1823): Failed to read cpu-freq: /sys/devices/system/cpu/cpu2707200/cpufreq/stats/time_in_state: open failed: ENOENT (No such file or directory)
03-18 23:00:30.987 E/KernelCpuSpeedReader( 1823): Failed to read cpu-freq: /sys/devices/system/cpu/cpu4512000/cpufreq/stats/time_in_state: open failed: ENOENT (No such file or directory)
03-18 23:00:30.995 E/AppOps  ( 1823): Bad call made by uid 1002. Package "com.google.android.gms" does not belong to uid 1002.
03-18 23:00:31.542 E/AppOps  ( 1823): attributionTag  not declared in manifest of android
03-18 23:00:31.545 E/AppOps  ( 1823): attributionTag  not declared in manifest of android
03-18 23:00:32.189 E/AppOps  ( 1823): attributionTag  not declared in manifest of android
03-18 23:00:35.694 E/AppOps  ( 1823): attributionTag  not declared in manifest of android
03-18 23:00:35.699 E/AppOps  ( 1823): attributionTag  not declared in manifest of android
03-18 23:00:35.703 E/AppOps  ( 1823): attributionTag  not declared in manifest of android
03-18 23:00:36.692 E/AppOps  ( 1823): attributionTag  not declared in manifest of android
03-18 23:00:36.695 E/AppOps  ( 1823): attributionTag  not declared in manifest of android
03-18 23:00:37.192 E/AppOps  ( 1823): attributionTag  not declared in manifest of android
03-18 23:00:37.195 E/AppOps  ( 1823): attributionTag  not declared in manifest of android
03-18 23:00:37.198 E/AppOps  ( 1823): attributionTag  not declared in manifest of android
03-18 23:00:37.201 E/AppOps  ( 1823): attributionTag  not declared in manifest of android
03-18 23:00:38.188 E/AppOps  ( 1823): attributionTag  not declared in manifest of android
03-18 23:00:38.191 E/AppOps  ( 1823): attributionTag  not declared in manifest of android
03-18 23:00:41.089 E/KernelCpuSpeedReader( 1823): Failed to read cpu-freq: /sys/devices/system/cpu/cpu0/cpufreq/stats/time_in_state: open failed: ENOENT (No such file or directory)
03-18 23:00:41.090 E/KernelCpuSpeedReader( 1823): Failed to read cpu-freq: /sys/devices/system/cpu/cpu1190400/cpufreq/stats/time_in_state: open failed: ENOENT (No such file or directory)
03-18 23:00:41.090 E/KernelCpuSpeedReader( 1823): Failed to read cpu-freq: /sys/devices/system/cpu/cpu2707200/cpufreq/stats/time_in_state: open failed: ENOENT (No such file or directory)
03-18 23:00:41.090 E/KernelCpuSpeedReader( 1823): Failed to read cpu-freq: /sys/devices/system/cpu/cpu4512000/cpufreq/stats/time_in_state: open failed: ENOENT (No such file or directory)
03-18 23:00:42.476 E/ActivityManager( 1823): Cancel pending or running compactions as system is awake
03-18 23:00:42.523 E/KernelCpuSpeedReader( 1823): Failed to read cpu-freq: /sys/devices/system/cpu/cpu0/cpufreq/stats/time_in_state: open failed: ENOENT (No such file or directory)
03-18 23:00:42.523 E/KernelCpuSpeedReader( 1823): Failed to read cpu-freq: /sys/devices/system/cpu/cpu1190400/cpufreq/stats/time_in_state: open failed: ENOENT (No such file or directory)
03-18 23:00:42.523 E/KernelCpuSpeedReader( 1823): Failed to read cpu-freq: /sys/devices/system/cpu/cpu2707200/cpufreq/stats/time_in_state: open failed: ENOENT (No such file or directory)
03-18 23:00:42.523 E/KernelCpuSpeedReader( 1823): Failed to read cpu-freq: /sys/devices/system/cpu/cpu4512000/cpufreq/stats/time_in_state: open failed: ENOENT (No such file or directory)
03-18 23:00:42.535 E/AppOps  ( 1823): Bad call made by uid 1002. Package "com.google.android.gms" does not belong to uid 1002.
03-18 23:00:43.692 E/AppOps  ( 1823): attributionTag  not declared in manifest of android
03-18 23:00:44.191 E/AppOps  ( 1823): attributionTag  not declared in manifest of android
03-18 23:00:46.954 E/miui_keyguard_password( 3144): checkPasswordForUsers onChecked; result = true,isCancelled:false, mUserIdMatched = 0, mUserIdLocked: 0, mThrottleTimeout = 0
03-18 23:00:47.446 E/MiuiActivityController( 1823): MiuiLog-ActivityObserver: There was something wrong : null
03-18 23:00:47.635 E/ProcessManager( 1823): error write exception log
03-18 23:00:48.003 E/ProcessManager( 1823): error write exception log
03-18 23:00:48.147 E/ProcessManager( 1823): error write exception log
03-18 23:00:49.181 E/ProcessManager( 1823): error write exception log
03-18 23:00:49.519 E/ProcessManager( 1823): error write exception log
03-18 23:00:51.985 E/AppOps  ( 1823): Bad call made by uid 10266. Package "com.google.android.gms" does not belong to uid 10266.
03-18 23:00:52.014 E/AppOps  ( 1823): Bad call made by uid 10266. Package "com.google.android.gms" does not belong to uid 10266.
03-18 23:00:53.323 E/ProcessManager( 1823): error write exception log
03-18 23:00:55.510 E/MiuiActivityController( 1823): MiuiLog-ActivityObserver: There was something wrong : null
03-18 23:00:55.573 E/KernelCpuSpeedReader( 1823): Failed to read cpu-freq: /sys/devices/system/cpu/cpu0/cpufreq/stats/time_in_state: open failed: ENOENT (No such file or directory)
03-18 23:00:55.574 E/KernelCpuSpeedReader( 1823): Failed to read cpu-freq: /sys/devices/system/cpu/cpu1190400/cpufreq/stats/time_in_state: open failed: ENOENT (No such file or directory)
03-18 23:00:55.574 E/KernelCpuSpeedReader( 1823): Failed to read cpu-freq: /sys/devices/system/cpu/cpu2707200/cpufreq/stats/time_in_state: open failed: ENOENT (No such file or directory)
03-18 23:00:55.575 E/KernelCpuSpeedReader( 1823): Failed to read cpu-freq: /sys/devices/system/cpu/cpu4512000/cpufreq/stats/time_in_state: open failed: ENOENT (No such file or directory)
03-18 23:00:55.728 E/MiuiActivityController( 1823): MiuiLog-ActivityObserver: There was something wrong : null
03-18 23:00:56.538 E/ProcessManager( 1823): error write exception log
03-18 23:00:56.724 E/MiuiActivityController( 1823): MiuiLog-ActivityObserver: There was something wrong : null
03-18 23:00:56.790 E/MiuiActivityController( 1823): MiuiLog-ActivityObserver: There was something wrong : null
03-18 23:00:57.004 E/MiuiActivityController( 1823): MiuiLog-ActivityObserver: There was something wrong : null
03-18 23:01:05.242 E/MiuiActivityController( 1823): MiuiLog-ActivityObserver: There was something wrong : null
03-18 23:01:05.701 E/MiuiActivityController( 1823): MiuiLog-ActivityObserver: There was something wrong : null
03-18 23:01:06.248 E/ProcessManager( 1823): error write exception log
03-18 23:01:08.168 E/MiuiActivityController( 1823): MiuiLog-ActivityObserver: There was something wrong : null
03-18 23:01:09.271 E/ProcessManager( 1823): error write exception log
03-18 23:01:09.383 E/ProcessManager( 1823): error write exception log
03-18 23:01:09.580 E/ProcessManager( 1823): error write exception log
03-18 23:01:09.661 E/MiuiActivityController( 1823): MiuiLog-ActivityObserver: There was something wrong : null
03-18 23:01:09.758 E/MiuiMultiWindowUtils(30348): initFreeFormResolutionArgs failed, device is spes
03-18 23:01:09.795 E/ActivityThread(30348): Failed to find provider info for com.xiaomi.mipicks.dbcache
03-18 23:01:10.269 E/MiuiActivityController( 1823): MiuiLog-ActivityObserver: There was something wrong : null
03-18 23:01:10.311 E/ProcessManager( 1823): error write exception log
03-18 23:01:10.389 E/ProcessManager( 1823): error write exception log
03-18 23:01:10.424 E/ProcessManager( 1823): error write exception log
03-18 23:01:10.757 E/MiuiActivityController( 1823): MiuiLog-ActivityObserver: There was something wrong : null
03-18 23:01:11.000 E/MiuiActivityController( 1823): MiuiLog-ActivityObserver: There was something wrong : null
03-18 23:01:11.005 E/MiuiActivityController( 1823): MiuiLog-ActivityObserver: There was something wrong : null
03-18 23:01:12.857 E/ProcessManager( 1823): error write exception log
03-18 23:01:14.893 E/ProcessManager( 1823): error write exception log
03-18 23:01:16.156 E/ProcessManager( 1823): error write exception log
03-18 23:01:25.149 E/ActivityThread(30769): Failed to find provider info for com.facebook.appmanager.nekodirect
03-18 23:01:26.605 E/ProcessManager( 1823): error write exception log
03-18 23:01:26.803 E/ProcessManager( 1823): error write exception log
03-18 23:01:27.831 E/ProcessManager( 1823): error write exception log
03-18 23:01:54.084 E/MiuiActivityController( 1823): MiuiLog-ActivityObserver: There was something wrong : null
03-18 23:01:54.592 E/MiuiActivityController( 1823): MiuiLog-ActivityObserver: There was something wrong : null
03-18 23:01:54.640 E/ProcessManager( 1823): error write exception log
03-18 23:01:54.761 E/MiuiActivityController( 1823): MiuiLog-ActivityObserver: There was something wrong : null
03-18 23:01:55.131 E/ProcessManager( 1823): error write exception log
03-18 23:01:56.820 E/AppOps  ( 1823): attributionTag  not declared in manifest of android
03-18 23:02:08.806 E/AppOps  ( 1823): attributionTag  not declared in manifest of android
03-18 23:02:09.883 E/AppOps  ( 1823): attributionTag  not declared in manifest of android
03-18 23:02:09.887 E/AppOps  ( 1823): attributionTag  not declared in manifest of android
03-18 23:02:43.431 E/ProcessManager( 1823): error write exception log
03-18 23:02:44.399 E/ProcessManager( 1823): error write exception log
03-18 23:03:52.299 E/AppOps  ( 1823): attributionTag  not declared in manifest of android
03-18 23:03:53.258 E/AppOps  ( 1823): attributionTag  not declared in manifest of android
03-18 23:03:53.263 E/AppOps  ( 1823): attributionTag  not declared in manifest of android
03-18 23:03:54.847 E/ProcessManager( 1823): error write exception log
03-18 23:03:56.816 E/KernelCpuSpeedReader( 1823): Failed to read cpu-freq: /sys/devices/system/cpu/cpu0/cpufreq/stats/time_in_state: open failed: ENOENT (No such file or directory)
03-18 23:03:56.817 E/KernelCpuSpeedReader( 1823): Failed to read cpu-freq: /sys/devices/system/cpu/cpu1190400/cpufreq/stats/time_in_state: open failed: ENOENT (No such file or directory)
03-18 23:03:56.817 E/KernelCpuSpeedReader( 1823): Failed to read cpu-freq: /sys/devices/system/cpu/cpu2707200/cpufreq/stats/time_in_state: open failed: ENOENT (No such file or directory)
03-18 23:03:56.818 E/KernelCpuSpeedReader( 1823): Failed to read cpu-freq: /sys/devices/system/cpu/cpu4512000/cpufreq/stats/time_in_state: open failed: ENOENT (No such file or directory)
03-18 23:04:06.901 E/KernelRpmStatsReader( 6919): Failure in reading rpm stats
03-18 23:04:06.901 E/KernelRpmStatsReader( 6919): java.io.FileNotFoundException: /sys/power/system_sleep/stats: open failed: EACCES (Permission denied)
03-18 23:04:06.901 E/KernelRpmStatsReader( 6919): 	at libcore.io.IoBridge.open(IoBridge.java:574)
03-18 23:04:06.901 E/KernelRpmStatsReader( 6919): 	at java.io.FileInputStream.<init>(FileInputStream.java:179)
03-18 23:04:06.901 E/KernelRpmStatsReader( 6919): 	at java.io.FileInputStream.<init>(FileInputStream.java:133)
03-18 23:04:06.901 E/KernelRpmStatsReader( 6919): 	at com.miui.powerkeeper.utils.KernelRpmStatsReader.readRpmStatsType1(Unknown Source:19)
03-18 23:04:06.901 E/KernelRpmStatsReader( 6919): 	at com.miui.powerkeeper.utils.KernelRpmStatsReader.readRpmStats(Unknown Source:63)
03-18 23:04:06.901 E/KernelRpmStatsReader( 6919): 	at com.miui.powerkeeper.powerchecker.PowerCheckerService.requestKernelRpmStatsUpdate(Unknown Source:4)
03-18 23:04:06.901 E/KernelRpmStatsReader( 6919): 	at com.miui.powerkeeper.powerchecker.PowerCheckerService.addBatteryHistoryRecord(Unknown Source:32)
03-18 23:04:06.901 E/KernelRpmStatsReader( 6919): 	at com.miui.powerkeeper.powerchecker.PowerCheckerService.updateBatteryLevelChanged(Unknown Source:8)
03-18 23:04:06.901 E/KernelRpmStatsReader( 6919): 	at com.miui.powerkeeper.powerchecker.PowerCheckerService.access$2700(Unknown Source:0)
03-18 23:04:06.901 E/KernelRpmStatsReader( 6919): 	at com.miui.powerkeeper.powerchecker.PowerCheckerService$PowerCheckHandler.handleMessage(Unknown Source:124)
03-18 23:04:06.901 E/KernelRpmStatsReader( 6919): 	at android.os.Handler.dispatchMessage(Handler.java:106)
03-18 23:04:06.901 E/KernelRpmStatsReader( 6919): 	at android.os.Looper.loopOnce(Looper.java:211)
03-18 23:04:06.901 E/KernelRpmStatsReader( 6919): 	at android.os.Looper.loop(Looper.java:300)
03-18 23:04:06.901 E/KernelRpmStatsReader( 6919): 	at android.os.HandlerThread.run(HandlerThread.java:67)
03-18 23:04:06.901 E/KernelRpmStatsReader( 6919): Caused by: android.system.ErrnoException: open failed: EACCES (Permission denied)
03-18 23:04:06.901 E/KernelRpmStatsReader( 6919): 	at libcore.io.Linux.open(Native Method)
03-18 23:04:06.901 E/KernelRpmStatsReader( 6919): 	at libcore.io.ForwardingOs.open(ForwardingOs.java:574)
03-18 23:04:06.901 E/KernelRpmStatsReader( 6919): 	at libcore.io.BlockGuardOs.open(BlockGuardOs.java:274)
03-18 23:04:06.901 E/KernelRpmStatsReader( 6919): 	at libcore.io.ForwardingOs.open(ForwardingOs.java:574)
03-18 23:04:06.901 E/KernelRpmStatsReader( 6919): 	at android.app.ActivityThread$AndroidOs.open(ActivityThread.java:8381)
03-18 23:04:06.901 E/KernelRpmStatsReader( 6919): 	at libcore.io.IoBridge.open(IoBridge.java:560)
03-18 23:04:06.901 E/KernelRpmStatsReader( 6919): 	... 13 more
03-18 23:05:43.433 E/AppOps  ( 1823): attributionTag  not declared in manifest of android
03-18 23:05:43.439 E/AppOps  ( 1823): attributionTag  not declared in manifest of android
03-18 23:05:44.390 E/AppOps  ( 1823): attributionTag  not declared in manifest of android
03-18 23:05:44.394 E/AppOps  ( 1823): attributionTag  not declared in manifest of android
03-18 23:06:03.694 E/ProcessManager( 1823): error write exception log
03-18 23:07:51.919 E/AppOps  ( 1823): attributionTag  not declared in manifest of android
03-18 23:07:51.922 E/AppOps  ( 1823): attributionTag  not declared in manifest of android
03-18 23:07:51.925 E/AppOps  ( 1823): attributionTag  not declared in manifest of android
03-18 23:07:52.879 E/AppOps  ( 1823): attributionTag  not declared in manifest of android
03-18 23:07:52.882 E/AppOps  ( 1823): attributionTag  not declared in manifest of android
03-18 23:08:56.797 E/KernelCpuSpeedReader( 1823): Failed to read cpu-freq: /sys/devices/system/cpu/cpu0/cpufreq/stats/time_in_state: open failed: ENOENT (No such file or directory)
03-18 23:08:56.797 E/KernelCpuSpeedReader( 1823): Failed to read cpu-freq: /sys/devices/system/cpu/cpu1190400/cpufreq/stats/time_in_state: open failed: ENOENT (No such file or directory)
03-18 23:08:56.797 E/KernelCpuSpeedReader( 1823): Failed to read cpu-freq: /sys/devices/system/cpu/cpu2707200/cpufreq/stats/time_in_state: open failed: ENOENT (No such file or directory)
03-18 23:08:56.797 E/KernelCpuSpeedReader( 1823): Failed to read cpu-freq: /sys/devices/system/cpu/cpu4512000/cpufreq/stats/time_in_state: open failed: ENOENT (No such file or directory)
03-18 23:09:24.994 E/AppOps  ( 1823): attributionTag  not declared in manifest of android
03-18 23:09:24.998 E/AppOps  ( 1823): attributionTag  not declared in manifest of android
03-18 23:09:25.954 E/AppOps  ( 1823): attributionTag  not declared in manifest of android
03-18 23:09:26.913 E/AppOps  ( 1823): attributionTag  not declared in manifest of android
03-18 23:09:26.918 E/AppOps  ( 1823): attributionTag  not declared in manifest of android
03-18 23:10:50.787 E/KernelCpuSpeedReader( 1823): Failed to read cpu-freq: /sys/devices/system/cpu/cpu0/cpufreq/stats/time_in_state: open failed: ENOENT (No such file or directory)
03-18 23:10:50.787 E/KernelCpuSpeedReader( 1823): Failed to read cpu-freq: /sys/devices/system/cpu/cpu1190400/cpufreq/stats/time_in_state: open failed: ENOENT (No such file or directory)
03-18 23:10:50.787 E/KernelCpuSpeedReader( 1823): Failed to read cpu-freq: /sys/devices/system/cpu/cpu2707200/cpufreq/stats/time_in_state: open failed: ENOENT (No such file or directory)
03-18 23:10:50.787 E/KernelCpuSpeedReader( 1823): Failed to read cpu-freq: /sys/devices/system/cpu/cpu4512000/cpufreq/stats/time_in_state: open failed: ENOENT (No such file or directory)
03-18 23:11:00.806 E/KernelRpmStatsReader( 6919): Failure in reading rpm stats
03-18 23:11:00.806 E/KernelRpmStatsReader( 6919): java.io.FileNotFoundException: /sys/power/system_sleep/stats: open failed: EACCES (Permission denied)
03-18 23:11:00.806 E/KernelRpmStatsReader( 6919): 	at libcore.io.IoBridge.open(IoBridge.java:574)
03-18 23:11:00.806 E/KernelRpmStatsReader( 6919): 	at java.io.FileInputStream.<init>(FileInputStream.java:179)
03-18 23:11:00.806 E/KernelRpmStatsReader( 6919): 	at java.io.FileInputStream.<init>(FileInputStream.java:133)
03-18 23:11:00.806 E/KernelRpmStatsReader( 6919): 	at com.miui.powerkeeper.utils.KernelRpmStatsReader.readRpmStatsType1(Unknown Source:19)
03-18 23:11:00.806 E/KernelRpmStatsReader( 6919): 	at com.miui.powerkeeper.utils.KernelRpmStatsReader.readRpmStats(Unknown Source:63)
03-18 23:11:00.806 E/KernelRpmStatsReader( 6919): 	at com.miui.powerkeeper.powerchecker.PowerCheckerService.requestKernelRpmStatsUpdate(Unknown Source:4)
03-18 23:11:00.806 E/KernelRpmStatsReader( 6919): 	at com.miui.powerkeeper.powerchecker.PowerCheckerService.addBatteryHistoryRecord(Unknown Source:32)
03-18 23:11:00.806 E/KernelRpmStatsReader( 6919): 	at com.miui.powerkeeper.powerchecker.PowerCheckerService.updateBatteryLevelChanged(Unknown Source:8)
03-18 23:11:00.806 E/KernelRpmStatsReader( 6919): 	at com.miui.powerkeeper.powerchecker.PowerCheckerService.access$2700(Unknown Source:0)
03-18 23:11:00.806 E/KernelRpmStatsReader( 6919): 	at com.miui.powerkeeper.powerchecker.PowerCheckerService$PowerCheckHandler.handleMessage(Unknown Source:124)
03-18 23:11:00.806 E/KernelRpmStatsReader( 6919): 	at android.os.Handler.dispatchMessage(Handler.java:106)
03-18 23:11:00.806 E/KernelRpmStatsReader( 6919): 	at android.os.Looper.loopOnce(Looper.java:211)
03-18 23:11:00.806 E/KernelRpmStatsReader( 6919): 	at android.os.Looper.loop(Looper.java:300)
03-18 23:11:00.806 E/KernelRpmStatsReader( 6919): 	at android.os.HandlerThread.run(HandlerThread.java:67)
03-18 23:11:00.806 E/KernelRpmStatsReader( 6919): Caused by: android.system.ErrnoException: open failed: EACCES (Permission denied)
03-18 23:11:00.806 E/KernelRpmStatsReader( 6919): 	at libcore.io.Linux.open(Native Method)
03-18 23:11:00.806 E/KernelRpmStatsReader( 6919): 	at libcore.io.ForwardingOs.open(ForwardingOs.java:574)
03-18 23:11:00.806 E/KernelRpmStatsReader( 6919): 	at libcore.io.BlockGuardOs.open(BlockGuardOs.java:274)
03-18 23:11:00.806 E/KernelRpmStatsReader( 6919): 	at libcore.io.ForwardingOs.open(ForwardingOs.java:574)
03-18 23:11:00.806 E/KernelRpmStatsReader( 6919): 	at android.app.ActivityThread$AndroidOs.open(ActivityThread.java:8381)
03-18 23:11:00.806 E/KernelRpmStatsReader( 6919): 	at libcore.io.IoBridge.open(IoBridge.java:560)
03-18 23:11:00.806 E/KernelRpmStatsReader( 6919): 	... 13 more
03-18 23:12:25.466 E/ProcessManager( 1823): error write exception log
03-18 23:12:28.583 E/ProcessManager( 1823): error write exception log
03-18 23:12:28.985 E/ProcessManager( 1823): error write exception log
03-18 23:13:56.738 E/KernelCpuSpeedReader( 1823): Failed to read cpu-freq: /sys/devices/system/cpu/cpu0/cpufreq/stats/time_in_state: open failed: ENOENT (No such file or directory)
03-18 23:13:56.742 E/KernelCpuSpeedReader( 1823): Failed to read cpu-freq: /sys/devices/system/cpu/cpu1190400/cpufreq/stats/time_in_state: open failed: ENOENT (No such file or directory)
03-18 23:13:56.742 E/KernelCpuSpeedReader( 1823): Failed to read cpu-freq: /sys/devices/system/cpu/cpu2707200/cpufreq/stats/time_in_state: open failed: ENOENT (No such file or directory)
03-18 23:13:56.742 E/KernelCpuSpeedReader( 1823): Failed to read cpu-freq: /sys/devices/system/cpu/cpu4512000/cpufreq/stats/time_in_state: open failed: ENOENT (No such file or directory)
03-18 23:14:06.789 E/KernelRpmStatsReader( 6919): Failure in reading rpm stats
03-18 23:14:06.789 E/KernelRpmStatsReader( 6919): java.io.FileNotFoundException: /sys/power/system_sleep/stats: open failed: EACCES (Permission denied)
03-18 23:14:06.789 E/KernelRpmStatsReader( 6919): 	at libcore.io.IoBridge.open(IoBridge.java:574)
03-18 23:14:06.789 E/KernelRpmStatsReader( 6919): 	at java.io.FileInputStream.<init>(FileInputStream.java:179)
03-18 23:14:06.789 E/KernelRpmStatsReader( 6919): 	at java.io.FileInputStream.<init>(FileInputStream.java:133)
03-18 23:14:06.789 E/KernelRpmStatsReader( 6919): 	at com.miui.powerkeeper.utils.KernelRpmStatsReader.readRpmStatsType1(Unknown Source:19)
03-18 23:14:06.789 E/KernelRpmStatsReader( 6919): 	at com.miui.powerkeeper.utils.KernelRpmStatsReader.readRpmStats(Unknown Source:63)
03-18 23:14:06.789 E/KernelRpmStatsReader( 6919): 	at com.miui.powerkeeper.powerchecker.PowerCheckerService.requestKernelRpmStatsUpdate(Unknown Source:4)
03-18 23:14:06.789 E/KernelRpmStatsReader( 6919): 	at com.miui.powerkeeper.powerchecker.PowerCheckerService.addBatteryHistoryRecord(Unknown Source:32)
03-18 23:14:06.789 E/KernelRpmStatsReader( 6919): 	at com.miui.powerkeeper.powerchecker.PowerCheckerService.updateBatteryLevelChanged(Unknown Source:8)
03-18 23:14:06.789 E/KernelRpmStatsReader( 6919): 	at com.miui.powerkeeper.powerchecker.PowerCheckerService.access$2700(Unknown Source:0)
03-18 23:14:06.789 E/KernelRpmStatsReader( 6919): 	at com.miui.powerkeeper.powerchecker.PowerCheckerService$PowerCheckHandler.handleMessage(Unknown Source:124)
03-18 23:14:06.789 E/KernelRpmStatsReader( 6919): 	at android.os.Handler.dispatchMessage(Handler.java:106)
03-18 23:14:06.789 E/KernelRpmStatsReader( 6919): 	at android.os.Looper.loopOnce(Looper.java:211)
03-18 23:14:06.789 E/KernelRpmStatsReader( 6919): 	at android.os.Looper.loop(Looper.java:300)
03-18 23:14:06.789 E/KernelRpmStatsReader( 6919): 	at android.os.HandlerThread.run(HandlerThread.java:67)
03-18 23:14:06.789 E/KernelRpmStatsReader( 6919): Caused by: android.system.ErrnoException: open failed: EACCES (Permission denied)
03-18 23:14:06.789 E/KernelRpmStatsReader( 6919): 	at libcore.io.Linux.open(Native Method)
03-18 23:14:06.789 E/KernelRpmStatsReader( 6919): 	at libcore.io.ForwardingOs.open(ForwardingOs.java:574)
03-18 23:14:06.789 E/KernelRpmStatsReader( 6919): 	at libcore.io.BlockGuardOs.open(BlockGuardOs.java:274)
03-18 23:14:06.789 E/KernelRpmStatsReader( 6919): 	at libcore.io.ForwardingOs.open(ForwardingOs.java:574)
03-18 23:14:06.789 E/KernelRpmStatsReader( 6919): 	at android.app.ActivityThread$AndroidOs.open(ActivityThread.java:8381)
03-18 23:14:06.789 E/KernelRpmStatsReader( 6919): 	at libcore.io.IoBridge.open(IoBridge.java:560)
03-18 23:14:06.789 E/KernelRpmStatsReader( 6919): 	... 13 more
03-18 23:14:21.002 E/ProcessManager( 1823): error write exception log
03-18 23:15:14.578 E/MiuiInputKeyEventLog( 1823): before go to home
03-18 23:15:14.823 E/MiuiActivityController( 1823): MiuiLog-ActivityObserver: There was something wrong : null
03-18 23:15:14.895 E/AppOps  ( 1823): attributionTag  not declared in manifest of android
03-18 23:15:14.896 E/AppOps  ( 1823): attributionTag  not declared in manifest of android
03-18 23:15:15.158 E/MiuiActivityController( 1823): MiuiLog-ActivityObserver: There was something wrong : null
03-18 23:15:15.240 E/ProcessManager( 1823): error write exception log
03-18 23:15:15.497 E/ProcessManager( 1823): error write exception log
03-18 23:15:15.563 E/ProcessManager( 1823): error write exception log
03-18 23:15:15.726 E/ProcessManager( 1823): error write exception log
03-18 23:15:15.760 E/VerityUtils( 1823): Failed to measure fs-verity, errno 1: /data/app/~~j3-oit2zPFAOcofyjHdQnQ==/com.google.android.youtube-Smaav0xpJCim_M9xlZp3tA==/base.apk
03-18 23:15:15.864 E/ProcessManager( 1823): error write exception log
03-18 23:15:15.999 E/ProcessManager( 1823): error write exception log
03-18 23:15:16.435 E/ProcessManager( 1823): error write exception log
03-18 23:15:16.620 E/ProcessManager( 1823): error write exception log
03-18 23:15:16.682 E/ProcessManager( 1823): error write exception log
03-18 23:15:16.712 E/MiuiActivityController( 1823): MiuiLog-ActivityObserver: There was something wrong : null
03-18 23:15:16.823 E/ProcessManager( 1823): error write exception log
03-18 23:15:17.003 E/KernelCpuSpeedReader( 1823): Failed to read cpu-freq: /sys/devices/system/cpu/cpu0/cpufreq/stats/time_in_state: open failed: ENOENT (No such file or directory)
03-18 23:15:17.003 E/KernelCpuSpeedReader( 1823): Failed to read cpu-freq: /sys/devices/system/cpu/cpu1190400/cpufreq/stats/time_in_state: open failed: ENOENT (No such file or directory)
03-18 23:15:17.003 E/KernelCpuSpeedReader( 1823): Failed to read cpu-freq: /sys/devices/system/cpu/cpu2707200/cpufreq/stats/time_in_state: open failed: ENOENT (No such file or directory)
03-18 23:15:17.004 E/KernelCpuSpeedReader( 1823): Failed to read cpu-freq: /sys/devices/system/cpu/cpu4512000/cpufreq/stats/time_in_state: open failed: ENOENT (No such file or directory)
03-18 23:15:17.840 E/ProcessManager( 1823): error write exception log
03-18 23:15:18.519 E/ProcessManager( 1823): error write exception log
03-18 23:15:18.687 E/ProcessManager( 1823): error write exception log
03-18 23:15:18.877 E/ProcessManager( 1823): error write exception log
03-18 23:15:18.970 E/ProcessManager( 1823): error write exception log
03-18 23:15:18.993 E/PackageDexUsage( 1823): Unsupported context?
03-18 23:15:19.328 E/ProcessManager( 1823): error write exception log
03-18 23:15:19.710 E/ProcessManager( 1823): error write exception log
03-18 23:15:19.855 E/ActivityThread( 3144): Failed to find provider info for com.milink.service.device
03-18 23:15:19.909 E/ActivityThread( 3144): Failed to find provider info for com.milink.service.device
03-18 23:15:20.130 E/ProcessManager( 1823): error write exception log
03-18 23:15:20.284 E/ProcessManager( 1823): error write exception log
03-18 23:15:20.479 E/ProcessManager( 1823): error write exception log
03-18 23:15:20.633 E/PackageDexUsage( 1823): Unsupported context?
03-18 23:15:20.762 E/KernelCpuSpeedReader( 1823): Failed to read cpu-freq: /sys/devices/system/cpu/cpu0/cpufreq/stats/time_in_state: open failed: ENOENT (No such file or directory)
03-18 23:15:20.763 E/KernelCpuSpeedReader( 1823): Failed to read cpu-freq: /sys/devices/system/cpu/cpu1190400/cpufreq/stats/time_in_state: open failed: ENOENT (No such file or directory)
03-18 23:15:20.763 E/KernelCpuSpeedReader( 1823): Failed to read cpu-freq: /sys/devices/system/cpu/cpu2707200/cpufreq/stats/time_in_state: open failed: ENOENT (No such file or directory)
03-18 23:15:20.763 E/KernelCpuSpeedReader( 1823): Failed to read cpu-freq: /sys/devices/system/cpu/cpu4512000/cpufreq/stats/time_in_state: open failed: ENOENT (No such file or directory)
03-18 23:15:20.802 E/ProcessManager( 1823): error write exception log
03-18 23:15:21.452 E/MiuiActivityController( 1823): MiuiLog-ActivityObserver: There was something wrong : null
03-18 23:15:21.456 E/KernelCpuSpeedReader( 1823): Failed to read cpu-freq: /sys/devices/system/cpu/cpu0/cpufreq/stats/time_in_state: open failed: ENOENT (No such file or directory)
03-18 23:15:21.456 E/KernelCpuSpeedReader( 1823): Failed to read cpu-freq: /sys/devices/system/cpu/cpu1190400/cpufreq/stats/time_in_state: open failed: ENOENT (No such file or directory)
03-18 23:15:21.456 E/KernelCpuSpeedReader( 1823): Failed to read cpu-freq: /sys/devices/system/cpu/cpu2707200/cpufreq/stats/time_in_state: open failed: ENOENT (No such file or directory)
03-18 23:15:21.456 E/KernelCpuSpeedReader( 1823): Failed to read cpu-freq: /sys/devices/system/cpu/cpu4512000/cpufreq/stats/time_in_state: open failed: ENOENT (No such file or directory)
03-18 23:15:21.557 E/ActivityThread( 3144): Failed to find provider info for com.milink.service.device
03-18 23:15:21.736 E/MiuiActivityController( 1823): MiuiLog-ActivityObserver: There was something wrong : null
03-18 23:15:21.840 E/ProcessManager( 1823): error write exception log
03-18 23:15:22.035 E/ProcessManager( 1823): error write exception log
03-18 23:15:22.194 E/PackageDexUsage( 1823): Unsupported context?
03-18 23:15:22.361 E/ProcessManager( 1823): error write exception log
03-18 23:15:22.419 E/ProcessManager( 1823): error write exception log
03-18 23:15:22.990 E/ProcessManager( 1823): error write exception log
03-18 23:15:23.613 E/ActivityThread( 2410): Failed to find provider info for com.facebook.appmanager.nekodirect
03-18 23:15:24.114 E/PackageDexUsage( 1823): Unsupported context?
03-18 23:15:26.122 E/ProcessManager( 1823): error write exception log
03-18 23:15:26.337 E/ProcessManager( 1823): error write exception log
03-18 23:15:27.148 E/PackageDexUsage( 1823): Unsupported context?
03-18 23:15:27.479 E/PackageDexUsage( 1823): Unsupported context?
03-18 23:15:27.539 E/ProcessManager( 1823): error write exception log
03-18 23:15:46.430 E/ProcessManager( 1823): error write exception log
03-18 23:15:50.281 E/ProcessManager( 1823): error write exception log
03-18 23:15:50.298 E/ProcessManager( 1823): error write exception log
03-18 23:15:50.323 E/ProcessManager( 1823): error write exception log
03-18 23:15:56.097 E/ProcessManager( 1823): error write exception log
03-18 23:15:59.665 E/ProcessManager( 1823): error write exception log
03-18 23:16:49.349 E/AppOps  ( 1823): attributionTag  not declared in manifest of android
03-18 23:16:49.354 E/AppOps  ( 1823): attributionTag  not declared in manifest of android
03-18 23:16:49.358 E/AppOps  ( 1823): attributionTag  not declared in manifest of android
03-18 23:16:49.362 E/AppOps  ( 1823): attributionTag  not declared in manifest of android
03-18 23:16:49.366 E/AppOps  ( 1823): attributionTag  not declared in manifest of android
03-18 23:17:04.271 E/KernelCpuSpeedReader( 1823): Failed to read cpu-freq: /sys/devices/system/cpu/cpu0/cpufreq/stats/time_in_state: open failed: ENOENT (No such file or directory)
03-18 23:17:04.272 E/KernelCpuSpeedReader( 1823): Failed to read cpu-freq: /sys/devices/system/cpu/cpu1190400/cpufreq/stats/time_in_state: open failed: ENOENT (No such file or directory)
03-18 23:17:04.272 E/KernelCpuSpeedReader( 1823): Failed to read cpu-freq: /sys/devices/system/cpu/cpu2707200/cpufreq/stats/time_in_state: open failed: ENOENT (No such file or directory)
03-18 23:17:04.272 E/KernelCpuSpeedReader( 1823): Failed to read cpu-freq: /sys/devices/system/cpu/cpu4512000/cpufreq/stats/time_in_state: open failed: ENOENT (No such file or directory)
03-18 23:17:54.747 E/ActivityManager( 1823): Cancel pending or running compactions as system is awake
03-18 23:17:54.859 E/KernelCpuSpeedReader( 1823): Failed to read cpu-freq: /sys/devices/system/cpu/cpu0/cpufreq/stats/time_in_state: open failed: ENOENT (No such file or directory)
03-18 23:17:54.860 E/KernelCpuSpeedReader( 1823): Failed to read cpu-freq: /sys/devices/system/cpu/cpu1190400/cpufreq/stats/time_in_state: open failed: ENOENT (No such file or directory)
03-18 23:17:54.861 E/KernelCpuSpeedReader( 1823): Failed to read cpu-freq: /sys/devices/system/cpu/cpu2707200/cpufreq/stats/time_in_state: open failed: ENOENT (No such file or directory)
03-18 23:17:54.861 E/KernelCpuSpeedReader( 1823): Failed to read cpu-freq: /sys/devices/system/cpu/cpu4512000/cpufreq/stats/time_in_state: open failed: ENOENT (No such file or directory)
03-18 23:17:55.218 E/ProcessManager( 1823): error write exception log
03-18 23:17:55.240 E/AppOps  ( 1823): Bad call made by uid 1002. Package "com.google.android.gms" does not belong to uid 1002.
03-18 23:17:55.393 E/ProcessManager( 1823): error write exception log
03-18 23:17:58.042 E/ActivityThread( 3144): Failed to find provider info for com.milink.service.device
03-18 23:17:58.058 E/ActivityThread( 3144): Failed to find provider info for com.milink.service.device
03-18 23:18:00.255 E/ProcessManager( 1823): error write exception log
03-18 23:18:00.447 E/NetlinkEvent(  965): NetlinkEvent::FindParam(): Parameter 'INTERFACE' not found
03-18 23:18:00.447 E/NetlinkEvent(  965): NetlinkEvent::FindParam(): Parameter 'STATE' not found
03-18 23:18:00.447 E/NetlinkEvent(  965): NetlinkEvent::FindParam(): Parameter 'TIME_NS' not found
03-18 23:18:00.447 E/NetlinkEvent(  965): NetlinkEvent::FindParam(): Parameter 'UID' not found
03-18 23:18:02.860 E/ProcessManager( 1823): error write exception log
03-18 23:18:02.993 E/ProcessManager( 1823): error write exception log
03-18 23:18:04.202 E/ProcessManager( 1823): error write exception log
03-18 23:18:04.330 E/PackageDexUsage( 1823): Unsupported context?
03-18 23:18:05.457 E/NetlinkEvent(  965): NetlinkEvent::FindParam(): Parameter 'INTERFACE' not found
03-18 23:18:05.457 E/NetlinkEvent(  965): NetlinkEvent::FindParam(): Parameter 'STATE' not found
03-18 23:18:05.457 E/NetlinkEvent(  965): NetlinkEvent::FindParam(): Parameter 'TIME_NS' not found
03-18 23:18:05.457 E/NetlinkEvent(  965): NetlinkEvent::FindParam(): Parameter 'UID' not found
03-18 23:18:05.615 E/ProcessManager( 1823): error write exception log
03-18 23:18:05.913 E/KernelCpuSpeedReader( 1823): Failed to read cpu-freq: /sys/devices/system/cpu/cpu0/cpufreq/stats/time_in_state: open failed: ENOENT (No such file or directory)
03-18 23:18:05.913 E/KernelCpuSpeedReader( 1823): Failed to read cpu-freq: /sys/devices/system/cpu/cpu1190400/cpufreq/stats/time_in_state: open failed: ENOENT (No such file or directory)
03-18 23:18:05.913 E/KernelCpuSpeedReader( 1823): Failed to read cpu-freq: /sys/devices/system/cpu/cpu2707200/cpufreq/stats/time_in_state: open failed: ENOENT (No such file or directory)
03-18 23:18:05.913 E/KernelCpuSpeedReader( 1823): Failed to read cpu-freq: /sys/devices/system/cpu/cpu4512000/cpufreq/stats/time_in_state: open failed: ENOENT (No such file or directory)
03-18 23:18:05.974 E/ProcessManager( 1823): error write exception log
03-18 23:18:06.051 E/ProcessManager( 1823): error write exception log
03-18 23:18:06.088 E/ActivityThread( 3144): Failed to find provider info for com.milink.service.device
03-18 23:18:06.347 E/ProcessManager( 1823): error write exception log
03-18 23:18:06.555 E/ActivityManager( 1823): Cancel pending or running compactions as system is awake
03-18 23:18:06.641 E/KernelCpuSpeedReader( 1823): Failed to read cpu-freq: /sys/devices/system/cpu/cpu0/cpufreq/stats/time_in_state: open failed: ENOENT (No such file or directory)
03-18 23:18:06.641 E/KernelCpuSpeedReader( 1823): Failed to read cpu-freq: /sys/devices/system/cpu/cpu1190400/cpufreq/stats/time_in_state: open failed: ENOENT (No such file or directory)
03-18 23:18:06.641 E/KernelCpuSpeedReader( 1823): Failed to read cpu-freq: /sys/devices/system/cpu/cpu2707200/cpufreq/stats/time_in_state: open failed: ENOENT (No such file or directory)
03-18 23:18:06.641 E/KernelCpuSpeedReader( 1823): Failed to read cpu-freq: /sys/devices/system/cpu/cpu4512000/cpufreq/stats/time_in_state: open failed: ENOENT (No such file or directory)
03-18 23:18:06.663 E/AppOps  ( 1823): Bad call made by uid 1002. Package "com.google.android.gms" does not belong to uid 1002.
03-18 23:18:06.943 E/WindowManager( 1823): setOnBackInvokedCallback(): No window state for package:com.android.systemui
03-18 23:18:07.880 E/AppOps  ( 1823): Bad call made by uid 1002. Package "com.google.android.gms" does not belong to uid 1002.
03-18 23:18:08.966 E/ProcessManager( 1823): error write exception log
03-18 23:18:09.095 E/KernelCpuSpeedReader( 1823): Failed to read cpu-freq: /sys/devices/system/cpu/cpu0/cpufreq/stats/time_in_state: open failed: ENOENT (No such file or directory)
03-18 23:18:09.095 E/KernelCpuSpeedReader( 1823): Failed to read cpu-freq: /sys/devices/system/cpu/cpu1190400/cpufreq/stats/time_in_state: open failed: ENOENT (No such file or directory)
03-18 23:18:09.096 E/KernelCpuSpeedReader( 1823): Failed to read cpu-freq: /sys/devices/system/cpu/cpu2707200/cpufreq/stats/time_in_state: open failed: ENOENT (No such file or directory)
03-18 23:18:09.096 E/KernelCpuSpeedReader( 1823): Failed to read cpu-freq: /sys/devices/system/cpu/cpu4512000/cpufreq/stats/time_in_state: open failed: ENOENT (No such file or directory)
03-18 23:18:09.403 E/ActivityManager( 1823): Cancel pending or running compactions as system is awake
03-18 23:18:09.535 E/ProcessManager( 1823): error write exception log
03-18 23:18:09.546 E/KernelCpuSpeedReader( 1823): Failed to read cpu-freq: /sys/devices/system/cpu/cpu0/cpufreq/stats/time_in_state: open failed: ENOENT (No such file or directory)
03-18 23:18:09.546 E/KernelCpuSpeedReader( 1823): Failed to read cpu-freq: /sys/devices/system/cpu/cpu1190400/cpufreq/stats/time_in_state: open failed: ENOENT (No such file or directory)
03-18 23:18:09.546 E/KernelCpuSpeedReader( 1823): Failed to read cpu-freq: /sys/devices/system/cpu/cpu2707200/cpufreq/stats/time_in_state: open failed: ENOENT (No such file or directory)
03-18 23:18:09.546 E/KernelCpuSpeedReader( 1823): Failed to read cpu-freq: /sys/devices/system/cpu/cpu4512000/cpufreq/stats/time_in_state: open failed: ENOENT (No such file or directory)
03-18 23:18:09.551 E/AppOps  ( 1823): Bad call made by uid 1002. Package "com.google.android.gms" does not belong to uid 1002.
03-18 23:18:09.761 E/WindowManager( 1823): setOnBackInvokedCallback(): No window state for package:com.android.systemui
03-18 23:18:10.581 E/AppOps  ( 1823): Bad call made by uid 1002. Package "com.google.android.gms" does not belong to uid 1002.
03-18 23:18:10.686 E/PackageDexUsage( 1823): Unsupported context?
03-18 23:18:10.988 E/ActivityManager( 1823): Cancel pending or running compactions as system is awake
03-18 23:18:11.032 E/ProcessManager( 1823): error write exception log
03-18 23:18:11.895 E/ProcessManager( 1823): error write exception log
03-18 23:18:12.139 E/AppOps  ( 1823): Bad call made by uid 1002. Package "com.google.android.gms" does not belong to uid 1002.
03-18 23:18:21.240 E/KernelCpuSpeedReader( 1823): Failed to read cpu-freq: /sys/devices/system/cpu/cpu0/cpufreq/stats/time_in_state: open failed: ENOENT (No such file or directory)
03-18 23:18:21.241 E/KernelCpuSpeedReader( 1823): Failed to read cpu-freq: /sys/devices/system/cpu/cpu1190400/cpufreq/stats/time_in_state: open failed: ENOENT (No such file or directory)
03-18 23:18:21.241 E/KernelCpuSpeedReader( 1823): Failed to read cpu-freq: /sys/devices/system/cpu/cpu2707200/cpufreq/stats/time_in_state: open failed: ENOENT (No such file or directory)
03-18 23:18:21.241 E/KernelCpuSpeedReader( 1823): Failed to read cpu-freq: /sys/devices/system/cpu/cpu4512000/cpufreq/stats/time_in_state: open failed: ENOENT (No such file or directory)
03-18 23:18:42.486 E/ProcessManager( 1823): error write exception log
03-18 23:18:42.508 E/ProcessManager( 1823): error write exception log
03-18 23:18:56.738 E/ProcessManager( 1823): error write exception log
03-18 23:18:59.774 E/ProcessManager( 1823): error write exception log
03-18 23:19:00.991 E/ProcessManager( 1823): error write exception log
03-18 23:19:19.221 E/ProcessManager( 1823): error write exception log
03-18 23:19:42.570 E/KernelCpuSpeedReader( 1823): Failed to read cpu-freq: /sys/devices/system/cpu/cpu0/cpufreq/stats/time_in_state: open failed: ENOENT (No such file or directory)
03-18 23:19:42.571 E/KernelCpuSpeedReader( 1823): Failed to read cpu-freq: /sys/devices/system/cpu/cpu1190400/cpufreq/stats/time_in_state: open failed: ENOENT (No such file or directory)
03-18 23:19:42.571 E/KernelCpuSpeedReader( 1823): Failed to read cpu-freq: /sys/devices/system/cpu/cpu2707200/cpufreq/stats/time_in_state: open failed: ENOENT (No such file or directory)
03-18 23:19:42.571 E/KernelCpuSpeedReader( 1823): Failed to read cpu-freq: /sys/devices/system/cpu/cpu4512000/cpufreq/stats/time_in_state: open failed: ENOENT (No such file or directory)
03-18 23:20:50.715 E/ProcessManager( 1823): error write exception log
03-18 23:22:01.140 E/ProcessManager( 1823): error write exception log
03-18 23:22:01.369 E/ProcessManager( 1823): error write exception log
03-18 23:22:01.436 E/ProcessManager( 1823): error write exception log
03-18 23:22:01.825 E/ActivityThread( 6913): Failed to find provider info for com.facebook.appmanager.nekodirect
03-18 23:22:01.923 E/ProcessManager( 1823): error write exception log
03-18 23:22:04.999 E/ProcessManager( 1823): error write exception log
03-18 23:22:05.921 E/ProcessManager( 1823): error write exception log
03-18 23:22:09.276 E/KernelCpuSpeedReader( 1823): Failed to read cpu-freq: /sys/devices/system/cpu/cpu0/cpufreq/stats/time_in_state: open failed: ENOENT (No such file or directory)
03-18 23:22:09.276 E/KernelCpuSpeedReader( 1823): Failed to read cpu-freq: /sys/devices/system/cpu/cpu1190400/cpufreq/stats/time_in_state: open failed: ENOENT (No such file or directory)
03-18 23:22:09.277 E/KernelCpuSpeedReader( 1823): Failed to read cpu-freq: /sys/devices/system/cpu/cpu2707200/cpufreq/stats/time_in_state: open failed: ENOENT (No such file or directory)
03-18 23:22:09.277 E/KernelCpuSpeedReader( 1823): Failed to read cpu-freq: /sys/devices/system/cpu/cpu4512000/cpufreq/stats/time_in_state: open failed: ENOENT (No such file or directory)
03-18 23:22:11.010 E/ProcessManager( 1823): error write exception log
03-18 23:22:19.444 E/KernelRpmStatsReader( 6919): Failure in reading rpm stats
03-18 23:22:19.444 E/KernelRpmStatsReader( 6919): java.io.FileNotFoundException: /sys/power/system_sleep/stats: open failed: EACCES (Permission denied)
03-18 23:22:19.444 E/KernelRpmStatsReader( 6919): 	at libcore.io.IoBridge.open(IoBridge.java:574)
03-18 23:22:19.444 E/KernelRpmStatsReader( 6919): 	at java.io.FileInputStream.<init>(FileInputStream.java:179)
03-18 23:22:19.444 E/KernelRpmStatsReader( 6919): 	at java.io.FileInputStream.<init>(FileInputStream.java:133)
03-18 23:22:19.444 E/KernelRpmStatsReader( 6919): 	at com.miui.powerkeeper.utils.KernelRpmStatsReader.readRpmStatsType1(Unknown Source:19)
03-18 23:22:19.444 E/KernelRpmStatsReader( 6919): 	at com.miui.powerkeeper.utils.KernelRpmStatsReader.readRpmStats(Unknown Source:63)
03-18 23:22:19.444 E/KernelRpmStatsReader( 6919): 	at com.miui.powerkeeper.powerchecker.PowerCheckerService.requestKernelRpmStatsUpdate(Unknown Source:4)
03-18 23:22:19.444 E/KernelRpmStatsReader( 6919): 	at com.miui.powerkeeper.powerchecker.PowerCheckerService.addBatteryHistoryRecord(Unknown Source:32)
03-18 23:22:19.444 E/KernelRpmStatsReader( 6919): 	at com.miui.powerkeeper.powerchecker.PowerCheckerService.updateBatteryLevelChanged(Unknown Source:8)
03-18 23:22:19.444 E/KernelRpmStatsReader( 6919): 	at com.miui.powerkeeper.powerchecker.PowerCheckerService.access$2700(Unknown Source:0)
03-18 23:22:19.444 E/KernelRpmStatsReader( 6919): 	at com.miui.powerkeeper.powerchecker.PowerCheckerService$PowerCheckHandler.handleMessage(Unknown Source:124)
03-18 23:22:19.444 E/KernelRpmStatsReader( 6919): 	at android.os.Handler.dispatchMessage(Handler.java:106)
03-18 23:22:19.444 E/KernelRpmStatsReader( 6919): 	at android.os.Looper.loopOnce(Looper.java:211)
03-18 23:22:19.444 E/KernelRpmStatsReader( 6919): 	at android.os.Looper.loop(Looper.java:300)
03-18 23:22:19.444 E/KernelRpmStatsReader( 6919): 	at android.os.HandlerThread.run(HandlerThread.java:67)
03-18 23:22:19.444 E/KernelRpmStatsReader( 6919): Caused by: android.system.ErrnoException: open failed: EACCES (Permission denied)
03-18 23:22:19.444 E/KernelRpmStatsReader( 6919): 	at libcore.io.Linux.open(Native Method)
03-18 23:22:19.444 E/KernelRpmStatsReader( 6919): 	at libcore.io.ForwardingOs.open(ForwardingOs.java:574)
03-18 23:22:19.444 E/KernelRpmStatsReader( 6919): 	at libcore.io.BlockGuardOs.open(BlockGuardOs.java:274)
03-18 23:22:19.444 E/KernelRpmStatsReader( 6919): 	at libcore.io.ForwardingOs.open(ForwardingOs.java:574)
03-18 23:22:19.444 E/KernelRpmStatsReader( 6919): 	at android.app.ActivityThread$AndroidOs.open(ActivityThread.java:8381)
03-18 23:22:19.444 E/KernelRpmStatsReader( 6919): 	at libcore.io.IoBridge.open(IoBridge.java:560)
03-18 23:22:19.444 E/KernelRpmStatsReader( 6919): 	... 13 more
03-18 23:22:56.485 E/ProcessManager( 1823): error write exception log
03-18 23:22:56.569 E/ProcessManager( 1823): error write exception log
03-18 23:23:32.265 E/KernelCpuSpeedReader( 1823): Failed to read cpu-freq: /sys/devices/system/cpu/cpu0/cpufreq/stats/time_in_state: open failed: ENOENT (No such file or directory)
03-18 23:23:32.266 E/KernelCpuSpeedReader( 1823): Failed to read cpu-freq: /sys/devices/system/cpu/cpu1190400/cpufreq/stats/time_in_state: open failed: ENOENT (No such file or directory)
03-18 23:23:32.266 E/KernelCpuSpeedReader( 1823): Failed to read cpu-freq: /sys/devices/system/cpu/cpu2707200/cpufreq/stats/time_in_state: open failed: ENOENT (No such file or directory)
03-18 23:23:32.266 E/KernelCpuSpeedReader( 1823): Failed to read cpu-freq: /sys/devices/system/cpu/cpu4512000/cpufreq/stats/time_in_state: open failed: ENOENT (No such file or directory)
03-18 23:25:33.378 E/KernelCpuSpeedReader( 1823): Failed to read cpu-freq: /sys/devices/system/cpu/cpu0/cpufreq/stats/time_in_state: open failed: ENOENT (No such file or directory)
03-18 23:25:33.379 E/KernelCpuSpeedReader( 1823): Failed to read cpu-freq: /sys/devices/system/cpu/cpu1190400/cpufreq/stats/time_in_state: open failed: ENOENT (No such file or directory)
03-18 23:25:33.379 E/KernelCpuSpeedReader( 1823): Failed to read cpu-freq: /sys/devices/system/cpu/cpu2707200/cpufreq/stats/time_in_state: open failed: ENOENT (No such file or directory)
03-18 23:25:33.380 E/KernelCpuSpeedReader( 1823): Failed to read cpu-freq: /sys/devices/system/cpu/cpu4512000/cpufreq/stats/time_in_state: open failed: ENOENT (No such file or directory)
03-18 23:28:02.302 E/KernelCpuSpeedReader( 1823): Failed to read cpu-freq: /sys/devices/system/cpu/cpu0/cpufreq/stats/time_in_state: open failed: ENOENT (No such file or directory)
03-18 23:28:02.303 E/KernelCpuSpeedReader( 1823): Failed to read cpu-freq: /sys/devices/system/cpu/cpu1190400/cpufreq/stats/time_in_state: open failed: ENOENT (No such file or directory)
03-18 23:28:02.304 E/KernelCpuSpeedReader( 1823): Failed to read cpu-freq: /sys/devices/system/cpu/cpu2707200/cpufreq/stats/time_in_state: open failed: ENOENT (No such file or directory)
03-18 23:28:02.304 E/KernelCpuSpeedReader( 1823): Failed to read cpu-freq: /sys/devices/system/cpu/cpu4512000/cpufreq/stats/time_in_state: open failed: ENOENT (No such file or directory)
03-18 23:28:03.868 E/ActivityThread( 7560): Failed to find provider info for com.facebook.appmanager.nekodirect
03-18 23:28:05.143 E/ProcessManager( 1823): error write exception log
03-18 23:28:05.198 E/ProcessManager( 1823): error write exception log
03-18 23:28:10.363 E/ProcessManager( 1823): error write exception log
03-18 23:28:19.283 E/ProcessManager( 1823): error write exception log
03-18 23:30:22.205 E/KernelCpuSpeedReader( 1823): Failed to read cpu-freq: /sys/devices/system/cpu/cpu0/cpufreq/stats/time_in_state: open failed: ENOENT (No such file or directory)
03-18 23:30:22.205 E/KernelCpuSpeedReader( 1823): Failed to read cpu-freq: /sys/devices/system/cpu/cpu1190400/cpufreq/stats/time_in_state: open failed: ENOENT (No such file or directory)
03-18 23:30:22.206 E/KernelCpuSpeedReader( 1823): Failed to read cpu-freq: /sys/devices/system/cpu/cpu2707200/cpufreq/stats/time_in_state: open failed: ENOENT (No such file or directory)
03-18 23:30:22.206 E/KernelCpuSpeedReader( 1823): Failed to read cpu-freq: /sys/devices/system/cpu/cpu4512000/cpufreq/stats/time_in_state: open failed: ENOENT (No such file or directory)
03-18 23:31:19.959 E/KernelCpuSpeedReader( 1823): Failed to read cpu-freq: /sys/devices/system/cpu/cpu0/cpufreq/stats/time_in_state: open failed: ENOENT (No such file or directory)
03-18 23:31:19.960 E/KernelCpuSpeedReader( 1823): Failed to read cpu-freq: /sys/devices/system/cpu/cpu1190400/cpufreq/stats/time_in_state: open failed: ENOENT (No such file or directory)
03-18 23:31:19.960 E/KernelCpuSpeedReader( 1823): Failed to read cpu-freq: /sys/devices/system/cpu/cpu2707200/cpufreq/stats/time_in_state: open failed: ENOENT (No such file or directory)
03-18 23:31:19.962 E/KernelCpuSpeedReader( 1823): Failed to read cpu-freq: /sys/devices/system/cpu/cpu4512000/cpufreq/stats/time_in_state: open failed: ENOENT (No such file or directory)
03-18 23:33:00.069 E/KernelCpuSpeedReader( 1823): Failed to read cpu-freq: /sys/devices/system/cpu/cpu0/cpufreq/stats/time_in_state: open failed: ENOENT (No such file or directory)
03-18 23:33:00.070 E/KernelCpuSpeedReader( 1823): Failed to read cpu-freq: /sys/devices/system/cpu/cpu1190400/cpufreq/stats/time_in_state: open failed: ENOENT (No such file or directory)
03-18 23:33:00.071 E/KernelCpuSpeedReader( 1823): Failed to read cpu-freq: /sys/devices/system/cpu/cpu2707200/cpufreq/stats/time_in_state: open failed: ENOENT (No such file or directory)
03-18 23:33:00.072 E/KernelCpuSpeedReader( 1823): Failed to read cpu-freq: /sys/devices/system/cpu/cpu4512000/cpufreq/stats/time_in_state: open failed: ENOENT (No such file or directory)
03-18 23:34:20.389 E/KernelCpuSpeedReader( 1823): Failed to read cpu-freq: /sys/devices/system/cpu/cpu0/cpufreq/stats/time_in_state: open failed: ENOENT (No such file or directory)
03-18 23:34:20.390 E/KernelCpuSpeedReader( 1823): Failed to read cpu-freq: /sys/devices/system/cpu/cpu1190400/cpufreq/stats/time_in_state: open failed: ENOENT (No such file or directory)
03-18 23:34:20.391 E/KernelCpuSpeedReader( 1823): Failed to read cpu-freq: /sys/devices/system/cpu/cpu2707200/cpufreq/stats/time_in_state: open failed: ENOENT (No such file or directory)
03-18 23:34:20.391 E/KernelCpuSpeedReader( 1823): Failed to read cpu-freq: /sys/devices/system/cpu/cpu4512000/cpufreq/stats/time_in_state: open failed: ENOENT (No such file or directory)
03-18 23:35:33.052 E/KernelCpuSpeedReader( 1823): Failed to read cpu-freq: /sys/devices/system/cpu/cpu0/cpufreq/stats/time_in_state: open failed: ENOENT (No such file or directory)
03-18 23:35:33.053 E/KernelCpuSpeedReader( 1823): Failed to read cpu-freq: /sys/devices/system/cpu/cpu1190400/cpufreq/stats/time_in_state: open failed: ENOENT (No such file or directory)
03-18 23:35:33.053 E/KernelCpuSpeedReader( 1823): Failed to read cpu-freq: /sys/devices/system/cpu/cpu2707200/cpufreq/stats/time_in_state: open failed: ENOENT (No such file or directory)
03-18 23:35:33.054 E/KernelCpuSpeedReader( 1823): Failed to read cpu-freq: /sys/devices/system/cpu/cpu4512000/cpufreq/stats/time_in_state: open failed: ENOENT (No such file or directory)
