03-19 01:04:16.410 E/ActivityThread(12389): Failed to find provider info for com.xiaomi.mipicks.dbcache
03-19 01:04:16.549 E/PackageManager( 1823): ERROR: could not load root hash from incremental install
03-19 01:04:17.573 E/ProcessManager( 1823): error write exception log
03-19 01:04:18.131 E/FrameworkListener(  965): read() failed (Connection reset by peer)
03-19 01:04:18.132 E/FrameworkListener(  965): read() failed (Connection reset by peer)
03-19 01:04:18.132 E/FrameworkListener(  965): read() failed (Connection reset by peer)
03-19 01:04:18.137 E/FrameworkListener(  965): read() failed (Connection reset by peer)
03-19 01:04:19.699 E/VerityUtils( 1823): Failed to measure fs-verity, errno 1: /data/app/~~9JZsVPhZgr1M2SyL1S5GHg==/com.miui.global.packageinstaller-3DD3Qdi0JRUvkcAcJujtSQ==/base.apk
03-19 01:04:19.915 E/VerityUtils( 1823): Failed to measure fs-verity, errno 1: /data/app/~~9JZsVPhZgr1M2SyL1S5GHg==/com.miui.global.packageinstaller-3DD3Qdi0JRUvkcAcJujtSQ==/base.apk
03-19 01:12:55.750 E/KernelCpuSpeedReader( 1823): Failed to read cpu-freq: /sys/devices/system/cpu/cpu0/cpufreq/stats/time_in_state: open failed: ENOENT (No such file or directory)
03-19 01:12:55.750 E/KernelCpuSpeedReader( 1823): Failed to read cpu-freq: /sys/devices/system/cpu/cpu1190400/cpufreq/stats/time_in_state: open failed: ENOENT (No such file or directory)
03-19 01:12:55.751 E/KernelCpuSpeedReader( 1823): Failed to read cpu-freq: /sys/devices/system/cpu/cpu2707200/cpufreq/stats/time_in_state: open failed: ENOENT (No such file or directory)
03-19 01:12:55.751 E/KernelCpuSpeedReader( 1823): Failed to read cpu-freq: /sys/devices/system/cpu/cpu4512000/cpufreq/stats/time_in_state: open failed: ENOENT (No such file or directory)
03-19 01:14:49.224 E/ProcessManager( 1823): error write exception log
03-19 01:18:06.669 E/ProcessManager( 1823): error write exception log
03-19 01:18:06.716 E/ProcessManager( 1823): error write exception log
03-19 01:18:09.097 E/ProcessManager( 1823): error write exception log
03-19 01:18:09.184 E/ProcessManager( 1823): error write exception log
03-19 01:18:09.330 E/ProcessManager( 1823): error write exception log
03-19 01:18:09.639 E/ProcessManager( 1823): error write exception log
03-19 01:18:10.134 E/AppOps  ( 1823): Bad call made by uid 10266. Package "com.google.android.gms" does not belong to uid 10266.
03-19 01:18:10.185 E/AppOps  ( 1823): Bad call made by uid 10266. Package "com.google.android.gms" does not belong to uid 10266.
03-19 01:18:10.516 E/ProcessManager( 1823): error write exception log
03-19 01:18:11.142 E/AppOps  ( 1823): Bad call made by uid 10215. Package "com.google.android.gms" does not belong to uid 10215.
03-19 01:18:11.210 E/AppOps  ( 1823): Bad call made by uid 10215. Package "com.google.android.gms" does not belong to uid 10215.
03-19 01:18:11.246 E/ProcessManager( 1823): error write exception log
03-19 01:18:11.558 E/ProcessManager( 1823): error write exception log
03-19 01:18:11.684 E/AppOps  ( 1823): Bad call made by uid 10155. Package "com.google.android.gms" does not belong to uid 10155.
03-19 01:18:11.685 E/VerityUtils( 1823): Failed to measure fs-verity, errno 1: /data/app/~~j3-oit2zPFAOcofyjHdQnQ==/com.google.android.youtube-Smaav0xpJCim_M9xlZp3tA==/base.apk
03-19 01:18:11.713 E/AppOps  ( 1823): Bad call made by uid 10155. Package "com.google.android.gms" does not belong to uid 10155.
03-19 01:18:11.809 E/ProcessManager( 1823): error write exception log
03-19 01:18:11.987 E/ProcessManager( 1823): error write exception log
03-19 01:18:13.456 E/ActivityThread(13549): Failed to find provider info for com.facebook.appmanager.nekodirect
03-19 01:18:14.739 E/ProcessManager( 1823): error write exception log
03-19 01:18:16.451 E/ProcessManager( 1823): error write exception log
03-19 01:18:16.472 E/ProcessManager( 1823): error write exception log
03-19 01:18:17.184 E/ProcessManager( 1823): error write exception log
03-19 01:22:56.645 E/ProcessManager( 1823): error write exception log
03-19 01:22:56.652 E/ProcessManager( 1823): error write exception log
03-19 01:22:57.369 E/ProcessManager( 1823): error write exception log
03-19 01:22:57.409 E/ProcessManager( 1823): error write exception log
03-19 01:23:57.567 E/ProcessManager( 1823): error write exception log
03-19 01:32:33.256 E/ProcessManager( 1823): error write exception log
03-19 01:32:55.752 E/KernelCpuSpeedReader( 1823): Failed to read cpu-freq: /sys/devices/system/cpu/cpu0/cpufreq/stats/time_in_state: open failed: ENOENT (No such file or directory)
03-19 01:32:55.752 E/KernelCpuSpeedReader( 1823): Failed to read cpu-freq: /sys/devices/system/cpu/cpu1190400/cpufreq/stats/time_in_state: open failed: ENOENT (No such file or directory)
03-19 01:32:55.753 E/KernelCpuSpeedReader( 1823): Failed to read cpu-freq: /sys/devices/system/cpu/cpu2707200/cpufreq/stats/time_in_state: open failed: ENOENT (No such file or directory)
03-19 01:32:55.753 E/KernelCpuSpeedReader( 1823): Failed to read cpu-freq: /sys/devices/system/cpu/cpu4512000/cpufreq/stats/time_in_state: open failed: ENOENT (No such file or directory)
03-19 01:52:56.736 E/KernelCpuSpeedReader( 1823): Failed to read cpu-freq: /sys/devices/system/cpu/cpu0/cpufreq/stats/time_in_state: open failed: ENOENT (No such file or directory)
03-19 01:52:56.737 E/KernelCpuSpeedReader( 1823): Failed to read cpu-freq: /sys/devices/system/cpu/cpu1190400/cpufreq/stats/time_in_state: open failed: ENOENT (No such file or directory)
03-19 01:52:56.738 E/KernelCpuSpeedReader( 1823): Failed to read cpu-freq: /sys/devices/system/cpu/cpu2707200/cpufreq/stats/time_in_state: open failed: ENOENT (No such file or directory)
03-19 01:52:56.738 E/KernelCpuSpeedReader( 1823): Failed to read cpu-freq: /sys/devices/system/cpu/cpu4512000/cpufreq/stats/time_in_state: open failed: ENOENT (No such file or directory)
03-19 02:02:56.463 E/ProcessManager( 1823): error write exception log
03-19 02:02:56.496 E/KernelCpuSpeedReader( 1823): Failed to read cpu-freq: /sys/devices/system/cpu/cpu0/cpufreq/stats/time_in_state: open failed: ENOENT (No such file or directory)
03-19 02:02:56.497 E/KernelCpuSpeedReader( 1823): Failed to read cpu-freq: /sys/devices/system/cpu/cpu1190400/cpufreq/stats/time_in_state: open failed: ENOENT (No such file or directory)
03-19 02:02:56.499 E/KernelCpuSpeedReader( 1823): Failed to read cpu-freq: /sys/devices/system/cpu/cpu2707200/cpufreq/stats/time_in_state: open failed: ENOENT (No such file or directory)
03-19 02:02:56.499 E/KernelCpuSpeedReader( 1823): Failed to read cpu-freq: /sys/devices/system/cpu/cpu4512000/cpufreq/stats/time_in_state: open failed: ENOENT (No such file or directory)
03-19 02:12:56.633 E/KernelCpuSpeedReader( 1823): Failed to read cpu-freq: /sys/devices/system/cpu/cpu0/cpufreq/stats/time_in_state: open failed: ENOENT (No such file or directory)
03-19 02:12:56.634 E/KernelCpuSpeedReader( 1823): Failed to read cpu-freq: /sys/devices/system/cpu/cpu1190400/cpufreq/stats/time_in_state: open failed: ENOENT (No such file or directory)
03-19 02:12:56.634 E/KernelCpuSpeedReader( 1823): Failed to read cpu-freq: /sys/devices/system/cpu/cpu2707200/cpufreq/stats/time_in_state: open failed: ENOENT (No such file or directory)
03-19 02:12:56.635 E/KernelCpuSpeedReader( 1823): Failed to read cpu-freq: /sys/devices/system/cpu/cpu4512000/cpufreq/stats/time_in_state: open failed: ENOENT (No such file or directory)
03-19 02:32:57.538 E/KernelCpuSpeedReader( 1823): Failed to read cpu-freq: /sys/devices/system/cpu/cpu0/cpufreq/stats/time_in_state: open failed: ENOENT (No such file or directory)
03-19 02:32:57.539 E/KernelCpuSpeedReader( 1823): Failed to read cpu-freq: /sys/devices/system/cpu/cpu1190400/cpufreq/stats/time_in_state: open failed: ENOENT (No such file or directory)
03-19 02:32:57.539 E/KernelCpuSpeedReader( 1823): Failed to read cpu-freq: /sys/devices/system/cpu/cpu2707200/cpufreq/stats/time_in_state: open failed: ENOENT (No such file or directory)
03-19 02:32:57.539 E/KernelCpuSpeedReader( 1823): Failed to read cpu-freq: /sys/devices/system/cpu/cpu4512000/cpufreq/stats/time_in_state: open failed: ENOENT (No such file or directory)
03-19 02:52:55.636 E/KernelCpuSpeedReader( 1823): Failed to read cpu-freq: /sys/devices/system/cpu/cpu0/cpufreq/stats/time_in_state: open failed: ENOENT (No such file or directory)
03-19 02:52:55.637 E/KernelCpuSpeedReader( 1823): Failed to read cpu-freq: /sys/devices/system/cpu/cpu1190400/cpufreq/stats/time_in_state: open failed: ENOENT (No such file or directory)
03-19 02:52:55.637 E/KernelCpuSpeedReader( 1823): Failed to read cpu-freq: /sys/devices/system/cpu/cpu2707200/cpufreq/stats/time_in_state: open failed: ENOENT (No such file or directory)
03-19 02:52:55.638 E/KernelCpuSpeedReader( 1823): Failed to read cpu-freq: /sys/devices/system/cpu/cpu4512000/cpufreq/stats/time_in_state: open failed: ENOENT (No such file or directory)
03-19 03:00:58.637 E/KernelCpuSpeedReader( 1823): Failed to read cpu-freq: /sys/devices/system/cpu/cpu0/cpufreq/stats/time_in_state: open failed: ENOENT (No such file or directory)
03-19 03:00:58.637 E/KernelCpuSpeedReader( 1823): Failed to read cpu-freq: /sys/devices/system/cpu/cpu1190400/cpufreq/stats/time_in_state: open failed: ENOENT (No such file or directory)
03-19 03:00:58.638 E/KernelCpuSpeedReader( 1823): Failed to read cpu-freq: /sys/devices/system/cpu/cpu2707200/cpufreq/stats/time_in_state: open failed: ENOENT (No such file or directory)
03-19 03:00:58.638 E/KernelCpuSpeedReader( 1823): Failed to read cpu-freq: /sys/devices/system/cpu/cpu4512000/cpufreq/stats/time_in_state: open failed: ENOENT (No such file or directory)
03-19 03:14:12.525 E/KernelCpuSpeedReader( 1823): Failed to read cpu-freq: /sys/devices/system/cpu/cpu0/cpufreq/stats/time_in_state: open failed: ENOENT (No such file or directory)
03-19 03:14:12.526 E/KernelCpuSpeedReader( 1823): Failed to read cpu-freq: /sys/devices/system/cpu/cpu1190400/cpufreq/stats/time_in_state: open failed: ENOENT (No such file or directory)
03-19 03:14:12.526 E/KernelCpuSpeedReader( 1823): Failed to read cpu-freq: /sys/devices/system/cpu/cpu2707200/cpufreq/stats/time_in_state: open failed: ENOENT (No such file or directory)
03-19 03:14:12.526 E/KernelCpuSpeedReader( 1823): Failed to read cpu-freq: /sys/devices/system/cpu/cpu4512000/cpufreq/stats/time_in_state: open failed: ENOENT (No such file or directory)
03-19 03:18:37.977 E/ProcessManager( 1823): error write exception log
03-19 03:18:40.672 E/ProcessManager( 1823): error write exception log
03-19 03:18:41.084 E/ProcessManager( 1823): error write exception log
03-19 03:18:41.656 E/ProcessManager( 1823): error write exception log
03-19 03:18:41.749 E/ProcessManager( 1823): error write exception log
03-19 03:18:41.922 E/ProcessManager( 1823): error write exception log
03-19 03:18:41.937 E/ProcessManager( 1823): error write exception log
03-19 03:18:42.172 E/ProcessManager( 1823): error write exception log
03-19 03:18:42.236 E/ProcessManager( 1823): error write exception log
03-19 03:18:44.250 E/ProcessManager( 1823): error write exception log
03-19 03:18:44.989 E/ProcessManager( 1823): error write exception log
03-19 03:18:45.447 E/ProcessManager( 1823): error write exception log
03-19 03:18:46.180 E/ProcessManager( 1823): error write exception log
03-19 03:18:47.435 E/ActivityThread(15296): Failed to find provider info for com.facebook.appmanager.nekodirect
03-19 03:18:48.369 E/ProcessManager( 1823): error write exception log
03-19 03:18:49.641 E/ProcessManager( 1823): error write exception log
03-19 03:18:50.669 E/ProcessManager( 1823): error write exception log
03-19 03:18:51.689 E/ProcessManager( 1823): error write exception log
03-19 03:18:52.165 E/ProcessManager( 1823): error write exception log
03-19 03:18:52.256 E/ProcessManager( 1823): error write exception log
03-19 03:18:52.552 E/ProcessManager( 1823): error write exception log
03-19 03:18:52.811 E/ProcessManager( 1823): error write exception log
03-19 03:18:53.429 E/ForceDarkHelperStubImpl(15917): getForceDarkOriginState transact failed , mService: null
03-19 03:18:53.935 E/ProcessManager( 1823): error write exception log
03-19 03:18:54.964 E/ProcessManager( 1823): error write exception log
03-19 03:18:57.615 E/ProcessManager( 1823): error write exception log
03-19 03:18:58.673 E/ProcessManager( 1823): error write exception log
03-19 03:18:59.409 E/ActivityThread(15692): Failed to find provider info for com.facebook.katana.provider.LastUsedTimestampProvider
03-19 03:18:59.413 E/ActivityThread(15692): Failed to find provider info for com.facebook.wakizashi.provider.LastUsedTimestampProvider
03-19 03:18:59.469 E/ActivityThread(15692): Failed to find provider info for com.facebook.orca.provider.LastUsedTimestampProvider
03-19 03:18:59.472 E/ActivityThread(15692): Failed to find provider info for com.facebook.lite.provider.LastUsedTimestampProvider
03-19 03:18:59.731 E/ProcessManager( 1823): error write exception log
03-19 03:19:01.570 E/ProcessManager( 1823): error write exception log
03-19 03:19:03.674 E/ProcessManager( 1823): error write exception log
03-19 03:19:03.733 E/KernelCpuSpeedReader( 1823): Failed to read cpu-freq: /sys/devices/system/cpu/cpu0/cpufreq/stats/time_in_state: open failed: ENOENT (No such file or directory)
03-19 03:19:03.733 E/KernelCpuSpeedReader( 1823): Failed to read cpu-freq: /sys/devices/system/cpu/cpu1190400/cpufreq/stats/time_in_state: open failed: ENOENT (No such file or directory)
03-19 03:19:03.734 E/KernelCpuSpeedReader( 1823): Failed to read cpu-freq: /sys/devices/system/cpu/cpu2707200/cpufreq/stats/time_in_state: open failed: ENOENT (No such file or directory)
03-19 03:19:03.734 E/KernelCpuSpeedReader( 1823): Failed to read cpu-freq: /sys/devices/system/cpu/cpu4512000/cpufreq/stats/time_in_state: open failed: ENOENT (No such file or directory)
03-19 03:19:11.482 E/ProcessManager( 1823): error write exception log
03-19 03:19:11.544 E/ProcessManager( 1823): error write exception log
03-19 03:19:11.597 E/ProcessManager( 1823): error write exception log
03-19 03:19:13.635 E/ProcessManager( 1823): error write exception log
03-19 03:19:13.719 E/ProcessManager( 1823): error write exception log
03-19 03:19:14.345 E/ProcessManager( 1823): error write exception log
03-19 03:19:16.871 E/ProcessManager( 1823): error write exception log
03-19 03:19:17.243 E/ProcessManager( 1823): error write exception log
03-19 03:19:18.124 E/ProcessManager( 1823): error write exception log
03-19 03:19:18.245 E/ProcessManager( 1823): error write exception log
03-19 03:19:22.115 E/ProcessManager( 1823): error write exception log
03-19 03:19:25.274 E/ProcessManager( 1823): error write exception log
03-19 03:19:37.899 E/ProcessManager( 1823): error write exception log
03-19 03:19:37.932 E/ProcessManager( 1823): error write exception log
03-19 03:19:38.214 E/ProcessManager( 1823): error write exception log
03-19 03:19:43.786 E/KernelCpuSpeedReader( 1823): Failed to read cpu-freq: /sys/devices/system/cpu/cpu0/cpufreq/stats/time_in_state: open failed: ENOENT (No such file or directory)
03-19 03:19:43.786 E/KernelCpuSpeedReader( 1823): Failed to read cpu-freq: /sys/devices/system/cpu/cpu1190400/cpufreq/stats/time_in_state: open failed: ENOENT (No such file or directory)
03-19 03:19:43.787 E/KernelCpuSpeedReader( 1823): Failed to read cpu-freq: /sys/devices/system/cpu/cpu2707200/cpufreq/stats/time_in_state: open failed: ENOENT (No such file or directory)
03-19 03:19:43.787 E/KernelCpuSpeedReader( 1823): Failed to read cpu-freq: /sys/devices/system/cpu/cpu4512000/cpufreq/stats/time_in_state: open failed: ENOENT (No such file or directory)
03-19 03:22:56.514 E/ProcessManager( 1823): error write exception log
03-19 03:32:56.662 E/KernelCpuSpeedReader( 1823): Failed to read cpu-freq: /sys/devices/system/cpu/cpu0/cpufreq/stats/time_in_state: open failed: ENOENT (No such file or directory)
03-19 03:32:56.662 E/KernelCpuSpeedReader( 1823): Failed to read cpu-freq: /sys/devices/system/cpu/cpu1190400/cpufreq/stats/time_in_state: open failed: ENOENT (No such file or directory)
03-19 03:32:56.663 E/KernelCpuSpeedReader( 1823): Failed to read cpu-freq: /sys/devices/system/cpu/cpu2707200/cpufreq/stats/time_in_state: open failed: ENOENT (No such file or directory)
03-19 03:32:56.663 E/KernelCpuSpeedReader( 1823): Failed to read cpu-freq: /sys/devices/system/cpu/cpu4512000/cpufreq/stats/time_in_state: open failed: ENOENT (No such file or directory)
03-19 03:42:02.469 E/KernelRpmStatsReader( 6919): Failure in reading rpm stats
03-19 03:42:02.469 E/KernelRpmStatsReader( 6919): java.io.FileNotFoundException: /sys/power/system_sleep/stats: open failed: EACCES (Permission denied)
03-19 03:42:02.469 E/KernelRpmStatsReader( 6919): 	at libcore.io.IoBridge.open(IoBridge.java:574)
03-19 03:42:02.469 E/KernelRpmStatsReader( 6919): 	at java.io.FileInputStream.<init>(FileInputStream.java:179)
03-19 03:42:02.469 E/KernelRpmStatsReader( 6919): 	at java.io.FileInputStream.<init>(FileInputStream.java:133)
03-19 03:42:02.469 E/KernelRpmStatsReader( 6919): 	at com.miui.powerkeeper.utils.KernelRpmStatsReader.readRpmStatsType1(Unknown Source:19)
03-19 03:42:02.469 E/KernelRpmStatsReader( 6919): 	at com.miui.powerkeeper.utils.KernelRpmStatsReader.readRpmStats(Unknown Source:63)
03-19 03:42:02.469 E/KernelRpmStatsReader( 6919): 	at com.miui.powerkeeper.powerchecker.PowerCheckerService.requestKernelRpmStatsUpdate(Unknown Source:4)
03-19 03:42:02.469 E/KernelRpmStatsReader( 6919): 	at com.miui.powerkeeper.powerchecker.PowerCheckerService.addBatteryHistoryRecord(Unknown Source:32)
03-19 03:42:02.469 E/KernelRpmStatsReader( 6919): 	at com.miui.powerkeeper.powerchecker.PowerCheckerService.updateBatteryLevelChanged(Unknown Source:8)
03-19 03:42:02.469 E/KernelRpmStatsReader( 6919): 	at com.miui.powerkeeper.powerchecker.PowerCheckerService.access$2700(Unknown Source:0)
03-19 03:42:02.469 E/KernelRpmStatsReader( 6919): 	at com.miui.powerkeeper.powerchecker.PowerCheckerService$PowerCheckHandler.handleMessage(Unknown Source:124)
03-19 03:42:02.469 E/KernelRpmStatsReader( 6919): 	at android.os.Handler.dispatchMessage(Handler.java:106)
03-19 03:42:02.469 E/KernelRpmStatsReader( 6919): 	at android.os.Looper.loopOnce(Looper.java:211)
03-19 03:42:02.469 E/KernelRpmStatsReader( 6919): 	at android.os.Looper.loop(Looper.java:300)
03-19 03:42:02.469 E/KernelRpmStatsReader( 6919): 	at android.os.HandlerThread.run(HandlerThread.java:67)
03-19 03:42:02.469 E/KernelRpmStatsReader( 6919): Caused by: android.system.ErrnoException: open failed: EACCES (Permission denied)
03-19 03:42:02.469 E/KernelRpmStatsReader( 6919): 	at libcore.io.Linux.open(Native Method)
03-19 03:42:02.469 E/KernelRpmStatsReader( 6919): 	at libcore.io.ForwardingOs.open(ForwardingOs.java:574)
03-19 03:42:02.469 E/KernelRpmStatsReader( 6919): 	at libcore.io.BlockGuardOs.open(BlockGuardOs.java:274)
03-19 03:42:02.469 E/KernelRpmStatsReader( 6919): 	at libcore.io.ForwardingOs.open(ForwardingOs.java:574)
03-19 03:42:02.469 E/KernelRpmStatsReader( 6919): 	at android.app.ActivityThread$AndroidOs.open(ActivityThread.java:8381)
03-19 03:42:02.469 E/KernelRpmStatsReader( 6919): 	at libcore.io.IoBridge.open(IoBridge.java:560)
03-19 03:42:02.469 E/KernelRpmStatsReader( 6919): 	... 13 more
03-19 03:42:56.988 E/ProcessManager( 1823): error write exception log
03-19 03:44:02.328 E/ProcessManager( 1823): error write exception log
03-19 03:44:13.280 E/ProcessManager( 1823): error write exception log
03-19 03:52:56.620 E/KernelCpuSpeedReader( 1823): Failed to read cpu-freq: /sys/devices/system/cpu/cpu0/cpufreq/stats/time_in_state: open failed: ENOENT (No such file or directory)
03-19 03:52:56.620 E/KernelCpuSpeedReader( 1823): Failed to read cpu-freq: /sys/devices/system/cpu/cpu1190400/cpufreq/stats/time_in_state: open failed: ENOENT (No such file or directory)
03-19 03:52:56.621 E/KernelCpuSpeedReader( 1823): Failed to read cpu-freq: /sys/devices/system/cpu/cpu2707200/cpufreq/stats/time_in_state: open failed: ENOENT (No such file or directory)
03-19 03:52:56.621 E/KernelCpuSpeedReader( 1823): Failed to read cpu-freq: /sys/devices/system/cpu/cpu4512000/cpufreq/stats/time_in_state: open failed: ENOENT (No such file or directory)
03-19 04:02:56.595 E/KernelCpuSpeedReader( 1823): Failed to read cpu-freq: /sys/devices/system/cpu/cpu0/cpufreq/stats/time_in_state: open failed: ENOENT (No such file or directory)
03-19 04:02:56.595 E/KernelCpuSpeedReader( 1823): Failed to read cpu-freq: /sys/devices/system/cpu/cpu1190400/cpufreq/stats/time_in_state: open failed: ENOENT (No such file or directory)
03-19 04:02:56.596 E/KernelCpuSpeedReader( 1823): Failed to read cpu-freq: /sys/devices/system/cpu/cpu2707200/cpufreq/stats/time_in_state: open failed: ENOENT (No such file or directory)
03-19 04:02:56.596 E/KernelCpuSpeedReader( 1823): Failed to read cpu-freq: /sys/devices/system/cpu/cpu4512000/cpufreq/stats/time_in_state: open failed: ENOENT (No such file or directory)
03-19 04:14:12.505 E/KernelCpuSpeedReader( 1823): Failed to read cpu-freq: /sys/devices/system/cpu/cpu0/cpufreq/stats/time_in_state: open failed: ENOENT (No such file or directory)
03-19 04:14:12.505 E/KernelCpuSpeedReader( 1823): Failed to read cpu-freq: /sys/devices/system/cpu/cpu1190400/cpufreq/stats/time_in_state: open failed: ENOENT (No such file or directory)
03-19 04:14:12.509 E/KernelCpuSpeedReader( 1823): Failed to read cpu-freq: /sys/devices/system/cpu/cpu2707200/cpufreq/stats/time_in_state: open failed: ENOENT (No such file or directory)
03-19 04:14:12.509 E/KernelCpuSpeedReader( 1823): Failed to read cpu-freq: /sys/devices/system/cpu/cpu4512000/cpufreq/stats/time_in_state: open failed: ENOENT (No such file or directory)
03-19 04:30:21.486 E/VerityUtils( 1823): Failed to measure fs-verity, errno 1: /data/app/~~j3-oit2zPFAOcofyjHdQnQ==/com.google.android.youtube-Smaav0xpJCim_M9xlZp3tA==/base.apk
03-19 04:30:25.353 E/KernelCpuSpeedReader( 1823): Failed to read cpu-freq: /sys/devices/system/cpu/cpu0/cpufreq/stats/time_in_state: open failed: ENOENT (No such file or directory)
03-19 04:30:25.353 E/KernelCpuSpeedReader( 1823): Failed to read cpu-freq: /sys/devices/system/cpu/cpu1190400/cpufreq/stats/time_in_state: open failed: ENOENT (No such file or directory)
03-19 04:30:25.354 E/KernelCpuSpeedReader( 1823): Failed to read cpu-freq: /sys/devices/system/cpu/cpu2707200/cpufreq/stats/time_in_state: open failed: ENOENT (No such file or directory)
03-19 04:30:25.354 E/KernelCpuSpeedReader( 1823): Failed to read cpu-freq: /sys/devices/system/cpu/cpu4512000/cpufreq/stats/time_in_state: open failed: ENOENT (No such file or directory)
03-19 04:30:25.500 E/ProcessManager( 1823): error write exception log
03-19 04:30:34.240 E/KernelCpuSpeedReader( 1823): Failed to read cpu-freq: /sys/devices/system/cpu/cpu0/cpufreq/stats/time_in_state: open failed: ENOENT (No such file or directory)
03-19 04:30:34.241 E/KernelCpuSpeedReader( 1823): Failed to read cpu-freq: /sys/devices/system/cpu/cpu1190400/cpufreq/stats/time_in_state: open failed: ENOENT (No such file or directory)
03-19 04:30:34.241 E/KernelCpuSpeedReader( 1823): Failed to read cpu-freq: /sys/devices/system/cpu/cpu2707200/cpufreq/stats/time_in_state: open failed: ENOENT (No such file or directory)
03-19 04:30:34.241 E/KernelCpuSpeedReader( 1823): Failed to read cpu-freq: /sys/devices/system/cpu/cpu4512000/cpufreq/stats/time_in_state: open failed: ENOENT (No such file or directory)
03-19 04:30:34.353 E/KernelCpuSpeedReader( 1823): Failed to read cpu-freq: /sys/devices/system/cpu/cpu0/cpufreq/stats/time_in_state: open failed: ENOENT (No such file or directory)
03-19 04:30:34.353 E/KernelCpuSpeedReader( 1823): Failed to read cpu-freq: /sys/devices/system/cpu/cpu1190400/cpufreq/stats/time_in_state: open failed: ENOENT (No such file or directory)
03-19 04:30:34.354 E/KernelCpuSpeedReader( 1823): Failed to read cpu-freq: /sys/devices/system/cpu/cpu2707200/cpufreq/stats/time_in_state: open failed: ENOENT (No such file or directory)
03-19 04:30:34.354 E/KernelCpuSpeedReader( 1823): Failed to read cpu-freq: /sys/devices/system/cpu/cpu4512000/cpufreq/stats/time_in_state: open failed: ENOENT (No such file or directory)
03-19 04:30:49.203 E/ProcessManager( 1823): error write exception log
03-19 04:31:23.320 E/ProcessManager( 1823): error write exception log
03-19 04:31:23.361 E/ProcessManager( 1823): error write exception log
03-19 04:31:24.358 E/ProcessManager( 1823): error write exception log
03-19 04:31:28.150 E/ProcessManager( 1823): error write exception log
03-19 04:31:28.497 E/ProcessManager( 1823): error write exception log
03-19 04:32:14.018 E/KernelCpuSpeedReader( 1823): Failed to read cpu-freq: /sys/devices/system/cpu/cpu0/cpufreq/stats/time_in_state: open failed: ENOENT (No such file or directory)
03-19 04:32:14.019 E/KernelCpuSpeedReader( 1823): Failed to read cpu-freq: /sys/devices/system/cpu/cpu1190400/cpufreq/stats/time_in_state: open failed: ENOENT (No such file or directory)
03-19 04:32:14.020 E/KernelCpuSpeedReader( 1823): Failed to read cpu-freq: /sys/devices/system/cpu/cpu2707200/cpufreq/stats/time_in_state: open failed: ENOENT (No such file or directory)
03-19 04:32:14.020 E/KernelCpuSpeedReader( 1823): Failed to read cpu-freq: /sys/devices/system/cpu/cpu4512000/cpufreq/stats/time_in_state: open failed: ENOENT (No such file or directory)
03-19 04:32:22.989 E/ProcessManager( 1823): error write exception log
03-19 04:32:22.991 E/ProcessManager( 1823): error write exception log
03-19 04:40:58.669 E/ProcessManager( 1823): error write exception log
03-19 04:40:58.975 E/ProcessManager( 1823): error write exception log
03-19 04:40:59.037 E/ProcessManager( 1823): error write exception log
03-19 04:41:01.838 E/ProcessManager( 1823): error write exception log
03-19 04:41:01.909 E/ProcessManager( 1823): error write exception log
03-19 04:41:03.919 E/ActivityThread(18166): Failed to find provider info for com.facebook.appmanager.nekodirect
03-19 04:41:04.082 E/ForceDarkHelperStubImpl(18439): getForceDarkOriginState transact failed , mService: null
03-19 04:41:05.634 E/ProcessManager( 1823): error write exception log
03-19 04:41:05.917 E/VerityUtils( 1823): Failed to measure fs-verity, errno 1: /data/app/~~j3-oit2zPFAOcofyjHdQnQ==/com.google.android.youtube-Smaav0xpJCim_M9xlZp3tA==/base.apk
03-19 04:41:05.921 E/ProcessManager( 1823): error write exception log
03-19 04:41:06.077 E/ProcessManager( 1823): error write exception log
03-19 04:41:09.088 E/ProcessManager( 1823): error write exception log
03-19 04:41:09.455 E/KernelCpuSpeedReader( 1823): Failed to read cpu-freq: /sys/devices/system/cpu/cpu0/cpufreq/stats/time_in_state: open failed: ENOENT (No such file or directory)
03-19 04:41:09.455 E/KernelCpuSpeedReader( 1823): Failed to read cpu-freq: /sys/devices/system/cpu/cpu1190400/cpufreq/stats/time_in_state: open failed: ENOENT (No such file or directory)
03-19 04:41:09.456 E/KernelCpuSpeedReader( 1823): Failed to read cpu-freq: /sys/devices/system/cpu/cpu2707200/cpufreq/stats/time_in_state: open failed: ENOENT (No such file or directory)
03-19 04:41:09.456 E/KernelCpuSpeedReader( 1823): Failed to read cpu-freq: /sys/devices/system/cpu/cpu4512000/cpufreq/stats/time_in_state: open failed: ENOENT (No such file or directory)
03-19 04:41:10.191 E/ProcessManager( 1823): error write exception log
03-19 04:41:10.390 E/ProcessManager( 1823): error write exception log
03-19 04:41:10.530 E/ProcessManager( 1823): error write exception log
03-19 04:41:10.540 E/ProcessManager( 1823): error write exception log
03-19 04:41:10.546 E/ProcessManager( 1823): error write exception log
03-19 04:41:10.644 E/ProcessManager( 1823): error write exception log
03-19 04:41:10.709 E/ProcessManager( 1823): error write exception log
03-19 04:41:14.849 E/ProcessManager( 1823): error write exception log
03-19 04:41:14.903 E/ProcessManager( 1823): error write exception log
03-19 04:43:13.092 E/ProcessManager( 1823): error write exception log
03-19 04:43:55.160 E/ProcessManager( 1823): error write exception log
03-19 04:45:00.869 E/ProcessManager( 1823): error write exception log
03-19 04:45:01.105 E/ProcessManager( 1823): error write exception log
03-19 04:45:01.608 E/ProcessManager( 1823): error write exception log
03-19 04:45:01.657 E/KernelCpuSpeedReader( 1823): Failed to read cpu-freq: /sys/devices/system/cpu/cpu0/cpufreq/stats/time_in_state: open failed: ENOENT (No such file or directory)
03-19 04:45:01.658 E/KernelCpuSpeedReader( 1823): Failed to read cpu-freq: /sys/devices/system/cpu/cpu1190400/cpufreq/stats/time_in_state: open failed: ENOENT (No such file or directory)
03-19 04:45:01.659 E/KernelCpuSpeedReader( 1823): Failed to read cpu-freq: /sys/devices/system/cpu/cpu2707200/cpufreq/stats/time_in_state: open failed: ENOENT (No such file or directory)
03-19 04:45:01.660 E/KernelCpuSpeedReader( 1823): Failed to read cpu-freq: /sys/devices/system/cpu/cpu4512000/cpufreq/stats/time_in_state: open failed: ENOENT (No such file or directory)
03-19 04:45:04.645 E/ProcessManager( 1823): error write exception log
03-19 04:45:07.873 E/ProcessManager( 1823): error write exception log
03-19 04:45:07.908 E/ProcessManager( 1823): error write exception log
03-19 04:45:10.092 E/ProcessManager( 1823): error write exception log
03-19 04:45:10.435 E/KernelCpuSpeedReader( 1823): Failed to read cpu-freq: /sys/devices/system/cpu/cpu0/cpufreq/stats/time_in_state: open failed: ENOENT (No such file or directory)
03-19 04:45:10.436 E/KernelCpuSpeedReader( 1823): Failed to read cpu-freq: /sys/devices/system/cpu/cpu1190400/cpufreq/stats/time_in_state: open failed: ENOENT (No such file or directory)
03-19 04:45:10.436 E/KernelCpuSpeedReader( 1823): Failed to read cpu-freq: /sys/devices/system/cpu/cpu2707200/cpufreq/stats/time_in_state: open failed: ENOENT (No such file or directory)
03-19 04:45:10.436 E/KernelCpuSpeedReader( 1823): Failed to read cpu-freq: /sys/devices/system/cpu/cpu4512000/cpufreq/stats/time_in_state: open failed: ENOENT (No such file or directory)
03-19 04:51:00.471 E/DeviceIdleController( 1823): stepLightIdleStateLocked called in invalid state: 6
03-19 04:51:00.471 E/DeviceIdleController( 1823): android.util.Log$TerribleFailure: stepLightIdleStateLocked called in invalid state: 6
03-19 04:51:00.471 E/DeviceIdleController( 1823): 	at android.util.Log.wtf(Log.java:315)
03-19 04:51:00.471 E/DeviceIdleController( 1823): 	at android.util.Slog.wtfStack(Slog.java:245)
03-19 04:51:00.471 E/DeviceIdleController( 1823): 	at com.android.server.DeviceIdleController.stepLightIdleStateLocked(DeviceIdleController.java:3410)
03-19 04:51:00.471 E/DeviceIdleController( 1823): 	at com.android.server.DeviceIdleController.stepLightIdleStateLocked(DeviceIdleController.java:3370)
03-19 04:51:00.471 E/DeviceIdleController( 1823): 	at com.android.server.DeviceIdleController.lambda$new$1$com-android-server-DeviceIdleController(DeviceIdleController.java:687)
03-19 04:51:00.471 E/DeviceIdleController( 1823): 	at com.android.server.DeviceIdleController$$ExternalSyntheticLambda3.onAlarm(Unknown Source:2)
03-19 04:51:00.471 E/DeviceIdleController( 1823): 	at android.app.AlarmManager$ListenerWrapper.run(AlarmManager.java:347)
03-19 04:51:00.471 E/DeviceIdleController( 1823): 	at android.os.Handler.handleCallback(Handler.java:942)
03-19 04:51:00.471 E/DeviceIdleController( 1823): 	at android.os.Handler.dispatchMessage(Handler.java:99)
03-19 04:51:00.471 E/DeviceIdleController( 1823): 	at android.os.Looper.loopOnce(Looper.java:211)
03-19 04:51:00.471 E/DeviceIdleController( 1823): 	at android.os.Looper.loop(Looper.java:300)
03-19 04:51:00.471 E/DeviceIdleController( 1823): 	at android.os.HandlerThread.run(HandlerThread.java:67)
03-19 04:52:56.496 E/KernelCpuSpeedReader( 1823): Failed to read cpu-freq: /sys/devices/system/cpu/cpu0/cpufreq/stats/time_in_state: open failed: ENOENT (No such file or directory)
03-19 04:52:56.497 E/KernelCpuSpeedReader( 1823): Failed to read cpu-freq: /sys/devices/system/cpu/cpu1190400/cpufreq/stats/time_in_state: open failed: ENOENT (No such file or directory)
03-19 04:52:56.497 E/KernelCpuSpeedReader( 1823): Failed to read cpu-freq: /sys/devices/system/cpu/cpu2707200/cpufreq/stats/time_in_state: open failed: ENOENT (No such file or directory)
03-19 04:52:56.497 E/KernelCpuSpeedReader( 1823): Failed to read cpu-freq: /sys/devices/system/cpu/cpu4512000/cpufreq/stats/time_in_state: open failed: ENOENT (No such file or directory)
03-19 05:02:01.508 E/KernelCpuSpeedReader( 1823): Failed to read cpu-freq: /sys/devices/system/cpu/cpu0/cpufreq/stats/time_in_state: open failed: ENOENT (No such file or directory)
03-19 05:02:01.508 E/KernelCpuSpeedReader( 1823): Failed to read cpu-freq: /sys/devices/system/cpu/cpu1190400/cpufreq/stats/time_in_state: open failed: ENOENT (No such file or directory)
03-19 05:02:01.508 E/KernelCpuSpeedReader( 1823): Failed to read cpu-freq: /sys/devices/system/cpu/cpu2707200/cpufreq/stats/time_in_state: open failed: ENOENT (No such file or directory)
03-19 05:02:01.508 E/KernelCpuSpeedReader( 1823): Failed to read cpu-freq: /sys/devices/system/cpu/cpu4512000/cpufreq/stats/time_in_state: open failed: ENOENT (No such file or directory)
03-19 05:02:01.755 E/MiuiCldService( 1823): Transaction failed: java.util.NoSuchElementException
03-19 05:02:01.756 E/MiuiCldService( 1823): Failed calling isCldSupported.
03-19 05:02:01.766 E/MiuiFboService( 1823): crash in the callHalFunction:java.util.NoSuchElementException
03-19 05:02:01.767 E/MiuiFboService( 1823): crash in the callHalFunction:java.util.NoSuchElementException
03-19 05:02:03.910 E/ProcessManager( 1823): error write exception log
03-19 05:02:04.422 E/ForceDarkHelperStubImpl(19365): getForceDarkOriginState transact failed , mService: null
03-19 05:02:04.429 E/ProcessManager( 1823): error write exception log
03-19 05:02:04.863 E/ProcessManager( 1823): error write exception log
03-19 05:02:05.254 E/VerityUtils( 1823): Failed to measure fs-verity, errno 1: /data/app/~~j3-oit2zPFAOcofyjHdQnQ==/com.google.android.youtube-Smaav0xpJCim_M9xlZp3tA==/base.apk
03-19 05:02:07.045 E/ActivityThread(19414): Failed to find provider info for com.facebook.appmanager.nekodirect
03-19 05:02:09.291 E/ProcessManager( 1823): error write exception log
03-19 05:02:09.321 E/ProcessManager( 1823): error write exception log
03-19 05:02:09.420 E/ProcessManager( 1823): error write exception log
03-19 05:02:09.481 E/KernelCpuSpeedReader( 1823): Failed to read cpu-freq: /sys/devices/system/cpu/cpu0/cpufreq/stats/time_in_state: open failed: ENOENT (No such file or directory)
03-19 05:02:09.482 E/KernelCpuSpeedReader( 1823): Failed to read cpu-freq: /sys/devices/system/cpu/cpu1190400/cpufreq/stats/time_in_state: open failed: ENOENT (No such file or directory)
03-19 05:02:09.482 E/KernelCpuSpeedReader( 1823): Failed to read cpu-freq: /sys/devices/system/cpu/cpu2707200/cpufreq/stats/time_in_state: open failed: ENOENT (No such file or directory)
03-19 05:02:09.482 E/KernelCpuSpeedReader( 1823): Failed to read cpu-freq: /sys/devices/system/cpu/cpu4512000/cpufreq/stats/time_in_state: open failed: ENOENT (No such file or directory)
03-19 05:02:09.522 E/KernelCpuSpeedReader( 1823): Failed to read cpu-freq: /sys/devices/system/cpu/cpu0/cpufreq/stats/time_in_state: open failed: ENOENT (No such file or directory)
03-19 05:02:09.522 E/KernelCpuSpeedReader( 1823): Failed to read cpu-freq: /sys/devices/system/cpu/cpu1190400/cpufreq/stats/time_in_state: open failed: ENOENT (No such file or directory)
03-19 05:02:09.523 E/KernelCpuSpeedReader( 1823): Failed to read cpu-freq: /sys/devices/system/cpu/cpu2707200/cpufreq/stats/time_in_state: open failed: ENOENT (No such file or directory)
03-19 05:02:09.523 E/KernelCpuSpeedReader( 1823): Failed to read cpu-freq: /sys/devices/system/cpu/cpu4512000/cpufreq/stats/time_in_state: open failed: ENOENT (No such file or directory)
03-19 05:02:18.246 E/KernelCpuSpeedReader( 1823): Failed to read cpu-freq: /sys/devices/system/cpu/cpu0/cpufreq/stats/time_in_state: open failed: ENOENT (No such file or directory)
03-19 05:02:18.246 E/KernelCpuSpeedReader( 1823): Failed to read cpu-freq: /sys/devices/system/cpu/cpu1190400/cpufreq/stats/time_in_state: open failed: ENOENT (No such file or directory)
03-19 05:02:18.246 E/KernelCpuSpeedReader( 1823): Failed to read cpu-freq: /sys/devices/system/cpu/cpu2707200/cpufreq/stats/time_in_state: open failed: ENOENT (No such file or directory)
03-19 05:02:18.246 E/KernelCpuSpeedReader( 1823): Failed to read cpu-freq: /sys/devices/system/cpu/cpu4512000/cpufreq/stats/time_in_state: open failed: ENOENT (No such file or directory)
03-19 05:13:19.121 E/ProcessManager( 1823): error write exception log
03-19 05:14:13.520 E/KernelCpuSpeedReader( 1823): Failed to read cpu-freq: /sys/devices/system/cpu/cpu0/cpufreq/stats/time_in_state: open failed: ENOENT (No such file or directory)
03-19 05:14:13.521 E/KernelCpuSpeedReader( 1823): Failed to read cpu-freq: /sys/devices/system/cpu/cpu1190400/cpufreq/stats/time_in_state: open failed: ENOENT (No such file or directory)
03-19 05:14:13.522 E/KernelCpuSpeedReader( 1823): Failed to read cpu-freq: /sys/devices/system/cpu/cpu2707200/cpufreq/stats/time_in_state: open failed: ENOENT (No such file or directory)
03-19 05:14:13.523 E/KernelCpuSpeedReader( 1823): Failed to read cpu-freq: /sys/devices/system/cpu/cpu4512000/cpufreq/stats/time_in_state: open failed: ENOENT (No such file or directory)
03-19 05:16:01.729 E/ProcessManager( 1823): error write exception log
03-19 05:16:01.771 E/ProcessManager( 1823): error write exception log
03-19 05:16:01.825 E/ProcessManager( 1823): error write exception log
03-19 05:16:37.400 E/ProcessManager( 1823): error write exception log
03-19 05:16:40.038 E/ProcessManager( 1823): error write exception log
03-19 05:17:11.571 E/ProcessManager( 1823): error write exception log
03-19 05:17:12.443 E/ActivityThread(20121): Failed to find provider info for com.facebook.appmanager.nekodirect
03-19 05:18:23.281 E/ProcessManager( 1823): error write exception log
03-19 05:18:23.288 E/ProcessManager( 1823): error write exception log
03-19 05:22:57.673 E/ProcessManager( 1823): error write exception log
03-19 05:22:59.509 E/ShortcutService( 1823): Invalid icon type in shortcut 218713240424642@lid. Bitmaps are not allowed in long-lived shortcuts. Use Resource icons, or Uri-based icons instead.
03-19 05:23:00.216 E/ProcessManager( 1823): error write exception log
03-19 05:30:02.044 E/KernelCpuSpeedReader( 1823): Failed to read cpu-freq: /sys/devices/system/cpu/cpu0/cpufreq/stats/time_in_state: open failed: ENOENT (No such file or directory)
03-19 05:30:02.044 E/KernelCpuSpeedReader( 1823): Failed to read cpu-freq: /sys/devices/system/cpu/cpu1190400/cpufreq/stats/time_in_state: open failed: ENOENT (No such file or directory)
03-19 05:30:02.044 E/KernelCpuSpeedReader( 1823): Failed to read cpu-freq: /sys/devices/system/cpu/cpu2707200/cpufreq/stats/time_in_state: open failed: ENOENT (No such file or directory)
03-19 05:30:02.044 E/KernelCpuSpeedReader( 1823): Failed to read cpu-freq: /sys/devices/system/cpu/cpu4512000/cpufreq/stats/time_in_state: open failed: ENOENT (No such file or directory)
03-19 05:30:02.991 E/ProcessManager( 1823): error write exception log
03-19 05:30:03.096 E/ProcessManager( 1823): error write exception log
03-19 05:30:10.762 E/KernelCpuSpeedReader( 1823): Failed to read cpu-freq: /sys/devices/system/cpu/cpu0/cpufreq/stats/time_in_state: open failed: ENOENT (No such file or directory)
03-19 05:30:10.762 E/KernelCpuSpeedReader( 1823): Failed to read cpu-freq: /sys/devices/system/cpu/cpu1190400/cpufreq/stats/time_in_state: open failed: ENOENT (No such file or directory)
03-19 05:30:10.762 E/KernelCpuSpeedReader( 1823): Failed to read cpu-freq: /sys/devices/system/cpu/cpu2707200/cpufreq/stats/time_in_state: open failed: ENOENT (No such file or directory)
03-19 05:30:10.763 E/KernelCpuSpeedReader( 1823): Failed to read cpu-freq: /sys/devices/system/cpu/cpu4512000/cpufreq/stats/time_in_state: open failed: ENOENT (No such file or directory)
03-19 05:30:11.597 E/ProcessManager( 1823): error write exception log
03-19 05:30:11.625 E/ProcessManager( 1823): error write exception log
03-19 05:30:48.645 E/VerityUtils( 1823): Failed to measure fs-verity, errno 1: /data/app/~~j3-oit2zPFAOcofyjHdQnQ==/com.google.android.youtube-Smaav0xpJCim_M9xlZp3tA==/base.apk
03-19 05:30:51.226 E/ProcessManager( 1823): error write exception log
03-19 05:30:51.433 E/KernelCpuSpeedReader( 1823): Failed to read cpu-freq: /sys/devices/system/cpu/cpu0/cpufreq/stats/time_in_state: open failed: ENOENT (No such file or directory)
03-19 05:30:51.433 E/KernelCpuSpeedReader( 1823): Failed to read cpu-freq: /sys/devices/system/cpu/cpu1190400/cpufreq/stats/time_in_state: open failed: ENOENT (No such file or directory)
03-19 05:30:51.433 E/KernelCpuSpeedReader( 1823): Failed to read cpu-freq: /sys/devices/system/cpu/cpu2707200/cpufreq/stats/time_in_state: open failed: ENOENT (No such file or directory)
03-19 05:30:51.440 E/KernelCpuSpeedReader( 1823): Failed to read cpu-freq: /sys/devices/system/cpu/cpu4512000/cpufreq/stats/time_in_state: open failed: ENOENT (No such file or directory)
03-19 05:31:00.150 E/KernelCpuSpeedReader( 1823): Failed to read cpu-freq: /sys/devices/system/cpu/cpu0/cpufreq/stats/time_in_state: open failed: ENOENT (No such file or directory)
03-19 05:31:00.151 E/KernelCpuSpeedReader( 1823): Failed to read cpu-freq: /sys/devices/system/cpu/cpu1190400/cpufreq/stats/time_in_state: open failed: ENOENT (No such file or directory)
03-19 05:31:00.153 E/KernelCpuSpeedReader( 1823): Failed to read cpu-freq: /sys/devices/system/cpu/cpu2707200/cpufreq/stats/time_in_state: open failed: ENOENT (No such file or directory)
03-19 05:31:00.153 E/KernelCpuSpeedReader( 1823): Failed to read cpu-freq: /sys/devices/system/cpu/cpu4512000/cpufreq/stats/time_in_state: open failed: ENOENT (No such file or directory)
03-19 05:35:04.379 E/AppOps  ( 1823): attributionTag  not declared in manifest of android
03-19 05:35:04.382 E/AppOps  ( 1823): attributionTag  not declared in manifest of android
03-19 05:35:04.385 E/AppOps  ( 1823): attributionTag  not declared in manifest of android
03-19 05:35:12.636 E/AppOps  ( 1823): attributionTag  not declared in manifest of android
03-19 05:35:12.640 E/AppOps  ( 1823): attributionTag  not declared in manifest of android
03-19 05:35:12.645 E/AppOps  ( 1823): attributionTag  not declared in manifest of android
03-19 05:35:12.649 E/AppOps  ( 1823): attributionTag  not declared in manifest of android
03-19 05:35:12.653 E/AppOps  ( 1823): attributionTag  not declared in manifest of android
03-19 05:35:12.658 E/AppOps  ( 1823): attributionTag  not declared in manifest of android
03-19 05:35:12.662 E/AppOps  ( 1823): attributionTag  not declared in manifest of android
03-19 05:35:12.666 E/AppOps  ( 1823): attributionTag  not declared in manifest of android
03-19 05:35:12.672 E/AppOps  ( 1823): attributionTag  not declared in manifest of android
03-19 05:35:12.674 E/AppOps  ( 1823): attributionTag  not declared in manifest of android
03-19 05:35:12.675 E/AppOps  ( 1823): attributionTag  not declared in manifest of android
03-19 05:35:12.676 E/AppOps  ( 1823): attributionTag  not declared in manifest of android
03-19 05:35:12.677 E/ProcessManager( 1823): error write exception log
03-19 05:35:12.677 E/AppOps  ( 1823): attributionTag  not declared in manifest of android
03-19 05:35:12.678 E/AppOps  ( 1823): attributionTag  not declared in manifest of android
03-19 05:35:24.011 E/AppOps  ( 1823): attributionTag  not declared in manifest of android
03-19 05:35:24.014 E/AppOps  ( 1823): attributionTag  not declared in manifest of android
03-19 05:35:24.018 E/AppOps  ( 1823): attributionTag  not declared in manifest of android
03-19 05:35:24.022 E/AppOps  ( 1823): attributionTag  not declared in manifest of android
03-19 05:35:24.024 E/AppOps  ( 1823): attributionTag  not declared in manifest of android
03-19 05:35:24.028 E/AppOps  ( 1823): attributionTag  not declared in manifest of android
03-19 05:35:24.031 E/AppOps  ( 1823): attributionTag  not declared in manifest of android
03-19 05:35:24.033 E/AppOps  ( 1823): attributionTag  not declared in manifest of android
03-19 05:35:24.036 E/AppOps  ( 1823): attributionTag  not declared in manifest of android
03-19 05:35:27.586 E/AppOps  ( 1823): attributionTag  not declared in manifest of android
03-19 05:35:27.591 E/AppOps  ( 1823): attributionTag  not declared in manifest of android
03-19 05:35:27.596 E/AppOps  ( 1823): attributionTag  not declared in manifest of android
03-19 05:35:27.599 E/AppOps  ( 1823): attributionTag  not declared in manifest of android
03-19 05:35:27.601 E/AppOps  ( 1823): attributionTag  not declared in manifest of android
03-19 05:35:32.918 E/AppOps  ( 1823): attributionTag  not declared in manifest of android
03-19 05:35:32.919 E/AppOps  ( 1823): attributionTag  not declared in manifest of android
03-19 05:35:32.919 E/AppOps  ( 1823): attributionTag  not declared in manifest of android
03-19 05:35:32.920 E/AppOps  ( 1823): attributionTag  not declared in manifest of android
03-19 05:35:32.921 E/AppOps  ( 1823): attributionTag  not declared in manifest of android
03-19 05:35:32.922 E/AppOps  ( 1823): attributionTag  not declared in manifest of android
03-19 05:35:32.922 E/AppOps  ( 1823): attributionTag  not declared in manifest of android
03-19 05:35:32.923 E/AppOps  ( 1823): attributionTag  not declared in manifest of android
03-19 05:35:32.976 E/ActivityManager( 1823): Cancel pending or running compactions as system is awake
03-19 05:35:33.081 E/KernelCpuSpeedReader( 1823): Failed to read cpu-freq: /sys/devices/system/cpu/cpu0/cpufreq/stats/time_in_state: open failed: ENOENT (No such file or directory)
03-19 05:35:33.081 E/KernelCpuSpeedReader( 1823): Failed to read cpu-freq: /sys/devices/system/cpu/cpu1190400/cpufreq/stats/time_in_state: open failed: ENOENT (No such file or directory)
03-19 05:35:33.082 E/KernelCpuSpeedReader( 1823): Failed to read cpu-freq: /sys/devices/system/cpu/cpu2707200/cpufreq/stats/time_in_state: open failed: ENOENT (No such file or directory)
03-19 05:35:33.082 E/KernelCpuSpeedReader( 1823): Failed to read cpu-freq: /sys/devices/system/cpu/cpu4512000/cpufreq/stats/time_in_state: open failed: ENOENT (No such file or directory)
03-19 05:35:33.136 E/AppOps  ( 1823): attributionTag  not declared in manifest of android
03-19 05:35:33.139 E/AppOps  ( 1823): attributionTag  not declared in manifest of android
03-19 05:35:33.141 E/AppOps  ( 1823): attributionTag  not declared in manifest of android
03-19 05:35:33.214 E/AppOps  ( 1823): Bad call made by uid 1002. Package "com.google.android.gms" does not belong to uid 1002.
03-19 05:35:33.231 E/KernelCpuSpeedReader( 1823): Failed to read cpu-freq: /sys/devices/system/cpu/cpu0/cpufreq/stats/time_in_state: open failed: ENOENT (No such file or directory)
03-19 05:35:33.232 E/KernelCpuSpeedReader( 1823): Failed to read cpu-freq: /sys/devices/system/cpu/cpu1190400/cpufreq/stats/time_in_state: open failed: ENOENT (No such file or directory)
03-19 05:35:33.232 E/KernelCpuSpeedReader( 1823): Failed to read cpu-freq: /sys/devices/system/cpu/cpu2707200/cpufreq/stats/time_in_state: open failed: ENOENT (No such file or directory)
03-19 05:35:33.232 E/KernelCpuSpeedReader( 1823): Failed to read cpu-freq: /sys/devices/system/cpu/cpu4512000/cpufreq/stats/time_in_state: open failed: ENOENT (No such file or directory)
03-19 05:35:34.111 E/ProcessManager( 1823): error write exception log
03-19 05:35:34.268 E/MiuiActivityController( 1823): MiuiLog-ActivityObserver: There was something wrong : null
03-19 05:35:34.288 E/ProcessManager( 1823): error write exception log
03-19 05:35:34.305 E/ProcessManager( 1823): error write exception log
03-19 05:35:34.388 E/ProcessManager( 1823): error write exception log
03-19 05:35:34.870 E/ProcessManager( 1823): error write exception log
03-19 05:35:34.946 E/ProcessManager( 1823): error write exception log
03-19 05:35:35.153 E/ProcessManager( 1823): error write exception log
03-19 05:35:35.184 E/Fingerprint21( 1823): onAcquired for non-acquisition client: null
03-19 05:35:35.213 E/ProcessManager( 1823): error write exception log
03-19 05:35:35.570 E/ProcessManager( 1823): error write exception log
03-19 05:35:36.020 E/ProcessManager( 1823): error write exception log
03-19 05:35:36.415 E/AppOps  ( 1823): attributionTag  not declared in manifest of android
03-19 05:35:36.417 E/AppOps  ( 1823): attributionTag  not declared in manifest of android
03-19 05:35:36.418 E/AppOps  ( 1823): attributionTag  not declared in manifest of android
03-19 05:35:36.420 E/AppOps  ( 1823): attributionTag  not declared in manifest of android
03-19 05:35:36.536 E/ProcessManager( 1823): error write exception log
03-19 05:35:36.615 E/MiuiActivityController( 1823): MiuiLog-ActivityObserver: There was something wrong : null
03-19 05:35:36.712 E/ProcessManager( 1823): error write exception log
03-19 05:35:36.777 E/KernelCpuSpeedReader( 1823): Failed to read cpu-freq: /sys/devices/system/cpu/cpu0/cpufreq/stats/time_in_state: open failed: ENOENT (No such file or directory)
03-19 05:35:36.777 E/KernelCpuSpeedReader( 1823): Failed to read cpu-freq: /sys/devices/system/cpu/cpu1190400/cpufreq/stats/time_in_state: open failed: ENOENT (No such file or directory)
03-19 05:35:36.777 E/KernelCpuSpeedReader( 1823): Failed to read cpu-freq: /sys/devices/system/cpu/cpu2707200/cpufreq/stats/time_in_state: open failed: ENOENT (No such file or directory)
03-19 05:35:36.777 E/KernelCpuSpeedReader( 1823): Failed to read cpu-freq: /sys/devices/system/cpu/cpu4512000/cpufreq/stats/time_in_state: open failed: ENOENT (No such file or directory)
03-19 05:35:36.820 E/MiuiActivityController( 1823): MiuiLog-ActivityObserver: There was something wrong : null
03-19 05:35:36.895 E/KernelCpuSpeedReader( 1823): Failed to read cpu-freq: /sys/devices/system/cpu/cpu0/cpufreq/stats/time_in_state: open failed: ENOENT (No such file or directory)
