03-19 05:54:06.763 E/KernelRpmStatsReader( 6919): 	at libcore.io.ForwardingOs.open(ForwardingOs.java:574)
03-19 05:54:06.763 E/KernelRpmStatsReader( 6919): 	at libcore.io.BlockGuardOs.open(BlockGuardOs.java:274)
03-19 05:54:06.763 E/KernelRpmStatsReader( 6919): 	at libcore.io.ForwardingOs.open(ForwardingOs.java:574)
03-19 05:54:06.763 E/KernelRpmStatsReader( 6919): 	at android.app.ActivityThread$AndroidOs.open(ActivityThread.java:8381)
03-19 05:54:06.763 E/KernelRpmStatsReader( 6919): 	at libcore.io.IoBridge.open(IoBridge.java:560)
03-19 05:54:06.763 E/KernelRpmStatsReader( 6919): 	... 13 more
03-19 05:54:08.414 E/AppOps  ( 1823): attributionTag  not declared in manifest of android
03-19 05:54:09.375 E/AppOps  ( 1823): attributionTag  not declared in manifest of android
03-19 05:54:09.380 E/AppOps  ( 1823): attributionTag  not declared in manifest of android
03-19 05:54:10.451 E/AppOps  ( 1823): attributionTag  not declared in manifest of android
03-19 05:54:10.456 E/AppOps  ( 1823): attributionTag  not declared in manifest of android
03-19 05:54:12.452 E/AppOps  ( 1823): attributionTag  not declared in manifest of android
03-19 05:54:13.410 E/AppOps  ( 1823): attributionTag  not declared in manifest of android
03-19 05:54:16.408 E/AppOps  ( 1823): attributionTag  not declared in manifest of android
03-19 05:54:17.367 E/AppOps  ( 1823): attributionTag  not declared in manifest of android
03-19 05:54:17.372 E/AppOps  ( 1823): attributionTag  not declared in manifest of android
03-19 05:54:17.376 E/AppOps  ( 1823): attributionTag  not declared in manifest of android
03-19 05:54:18.441 E/AppOps  ( 1823): attributionTag  not declared in manifest of android
03-19 05:54:18.444 E/AppOps  ( 1823): attributionTag  not declared in manifest of android
03-19 05:54:40.818 E/ActivityThread(24865): Failed to find provider info for com.facebook.katana.provider.LastUsedTimestampProvider
03-19 05:54:40.820 E/ActivityThread(24865): Failed to find provider info for com.facebook.wakizashi.provider.LastUsedTimestampProvider
03-19 05:54:40.821 E/ActivityThread(24865): Failed to find provider info for com.facebook.orca.provider.LastUsedTimestampProvider
03-19 05:54:40.829 E/ActivityThread(24865): Failed to find provider info for com.facebook.lite.provider.LastUsedTimestampProvider
03-19 05:54:41.196 E/MiuiActivityController( 1823): MiuiLog-ActivityObserver: There was something wrong : null
03-19 05:54:41.309 E/ProcessManager( 1823): error write exception log
03-19 05:54:42.205 E/MiuiActivityController( 1823): MiuiLog-ActivityObserver: There was something wrong : null
03-19 05:54:42.354 E/MiuiActivityController( 1823): MiuiLog-ActivityObserver: There was something wrong : null
03-19 05:54:55.922 E/MiuiInputKeyEventLog( 1823): before go to home
03-19 05:54:56.022 E/MiuiActivityController( 1823): MiuiLog-ActivityObserver: There was something wrong : null
03-19 05:54:56.399 E/MiuiActivityController( 1823): MiuiLog-ActivityObserver: There was something wrong : null
03-19 05:54:56.416 E/ProcessManager( 1823): error write exception log
03-19 05:54:56.995 E/MiuiActivityController( 1823): MiuiLog-ActivityObserver: There was something wrong : null
03-19 05:54:57.076 E/MiuiInputKeyEventLog( 1823): before go to home
03-19 05:54:57.734 E/MiuiActivityController( 1823): MiuiLog-ActivityObserver: There was something wrong : null
03-19 05:54:58.870 E/PackageDexUsage( 1823): Unsupported context?
03-19 05:54:59.792 E/ProcessManager( 1823): error write exception log
03-19 05:54:59.914 E/ProcessManager( 1823): error write exception log
03-19 05:55:00.001 E/ProcessManager( 1823): error write exception log
03-19 05:55:00.010 E/ProcessManager( 1823): error write exception log
03-19 05:55:00.122 E/ProcessManager( 1823): error write exception log
03-19 05:55:00.128 E/ProcessManager( 1823): error write exception log
03-19 05:55:00.208 E/ProcessManager( 1823): error write exception log
03-19 05:55:00.434 E/ProcessManager( 1823): error write exception log
03-19 05:55:00.488 E/ActivityThread( 3144): Failed to find provider info for com.milink.service.device
03-19 05:55:00.513 E/ActivityThread( 3144): Failed to find provider info for com.milink.service.device
03-19 05:55:01.183 E/PackageDexUsage( 1823): Unsupported context?
03-19 05:55:02.037 E/ProcessManager( 1823): error write exception log
03-19 05:55:02.049 E/KernelCpuSpeedReader( 1823): Failed to read cpu-freq: /sys/devices/system/cpu/cpu0/cpufreq/stats/time_in_state: open failed: ENOENT (No such file or directory)
03-19 05:55:02.049 E/KernelCpuSpeedReader( 1823): Failed to read cpu-freq: /sys/devices/system/cpu/cpu1190400/cpufreq/stats/time_in_state: open failed: ENOENT (No such file or directory)
03-19 05:55:02.049 E/KernelCpuSpeedReader( 1823): Failed to read cpu-freq: /sys/devices/system/cpu/cpu2707200/cpufreq/stats/time_in_state: open failed: ENOENT (No such file or directory)
03-19 05:55:02.049 E/KernelCpuSpeedReader( 1823): Failed to read cpu-freq: /sys/devices/system/cpu/cpu4512000/cpufreq/stats/time_in_state: open failed: ENOENT (No such file or directory)
03-19 05:55:02.129 E/MiuiActivityController( 1823): MiuiLog-ActivityObserver: There was something wrong : null
03-19 05:55:02.198 E/ProcessManager( 1823): error write exception log
03-19 05:55:02.230 E/ProcessManager( 1823): error write exception log
03-19 05:55:02.239 E/ProcessManager( 1823): error write exception log
03-19 05:55:02.265 E/KernelCpuSpeedReader( 1823): Failed to read cpu-freq: /sys/devices/system/cpu/cpu0/cpufreq/stats/time_in_state: open failed: ENOENT (No such file or directory)
03-19 05:55:02.265 E/KernelCpuSpeedReader( 1823): Failed to read cpu-freq: /sys/devices/system/cpu/cpu1190400/cpufreq/stats/time_in_state: open failed: ENOENT (No such file or directory)
03-19 05:55:02.265 E/KernelCpuSpeedReader( 1823): Failed to read cpu-freq: /sys/devices/system/cpu/cpu2707200/cpufreq/stats/time_in_state: open failed: ENOENT (No such file or directory)
03-19 05:55:02.265 E/KernelCpuSpeedReader( 1823): Failed to read cpu-freq: /sys/devices/system/cpu/cpu4512000/cpufreq/stats/time_in_state: open failed: ENOENT (No such file or directory)
03-19 05:55:02.290 E/ProcessManager( 1823): error write exception log
03-19 05:55:02.350 E/ActivityThread( 3144): Failed to find provider info for com.milink.service.device
03-19 05:55:02.445 E/KernelCpuSpeedReader( 1823): Failed to read cpu-freq: /sys/devices/system/cpu/cpu0/cpufreq/stats/time_in_state: open failed: ENOENT (No such file or directory)
03-19 05:55:02.445 E/KernelCpuSpeedReader( 1823): Failed to read cpu-freq: /sys/devices/system/cpu/cpu1190400/cpufreq/stats/time_in_state: open failed: ENOENT (No such file or directory)
03-19 05:55:02.445 E/KernelCpuSpeedReader( 1823): Failed to read cpu-freq: /sys/devices/system/cpu/cpu2707200/cpufreq/stats/time_in_state: open failed: ENOENT (No such file or directory)
03-19 05:55:02.445 E/KernelCpuSpeedReader( 1823): Failed to read cpu-freq: /sys/devices/system/cpu/cpu4512000/cpufreq/stats/time_in_state: open failed: ENOENT (No such file or directory)
03-19 05:55:02.664 E/ProcessManager( 1823): error write exception log
03-19 05:55:02.886 E/ProcessManager( 1823): error write exception log
03-19 05:55:03.463 E/PackageDexUsage( 1823): Unsupported context?
03-19 05:55:03.555 E/ProcessManager( 1823): error write exception log
03-19 05:55:03.885 E/ProcessManager( 1823): error write exception log
03-19 05:55:04.015 E/AppOps  ( 1823): attributionTag  not declared in manifest of android
03-19 05:55:04.016 E/AppOps  ( 1823): attributionTag  not declared in manifest of android
03-19 05:55:04.017 E/AppOps  ( 1823): attributionTag  not declared in manifest of android
03-19 05:55:04.018 E/AppOps  ( 1823): attributionTag  not declared in manifest of android
03-19 05:55:04.019 E/AppOps  ( 1823): attributionTag  not declared in manifest of android
03-19 05:55:04.318 E/ProcessManager( 1823): error write exception log
03-19 05:55:04.994 E/ProcessManager( 1823): error write exception log
03-19 05:55:05.015 E/PackageDexUsage( 1823): Unsupported context?
03-19 05:55:05.534 E/AppOps  ( 1823): attributionTag  not declared in manifest of android
03-19 05:55:07.179 E/ProcessManager( 1823): error write exception log
03-19 05:55:07.640 E/PackageDexUsage( 1823): Unsupported context?
03-19 05:55:08.121 E/ProcessManager( 1823): error write exception log
03-19 05:55:08.290 E/PackageDexUsage( 1823): Unsupported context?
03-19 05:55:12.571 E/ProcessManager( 1823): error write exception log
03-19 05:55:13.186 E/ProcessManager( 1823): error write exception log
03-19 05:55:13.304 E/ActivityThread(31357): Failed to find provider info for com.facebook.appmanager.nekodirect
03-19 05:55:14.874 E/ProcessManager( 1823): error write exception log
03-19 05:55:16.194 E/ProcessManager( 1823): error write exception log
03-19 05:55:17.398 E/PackageDexUsage( 1823): Unsupported context?
03-19 05:55:18.995 E/ProcessManager( 1823): error write exception log
03-19 05:55:19.458 E/ProcessManager( 1823): error write exception log
03-19 05:55:19.954 E/ProcessManager( 1823): error write exception log
03-19 05:55:20.224 E/ProcessManager( 1823): error write exception log
03-19 05:55:20.482 E/ProcessManager( 1823): error write exception log
03-19 05:55:20.589 E/ProcessManager( 1823): error write exception log
03-19 05:55:20.821 E/ProcessManager( 1823): error write exception log
03-19 05:55:21.167 E/AppOps  ( 1823): Bad call made by uid 10155. Package "com.google.android.gms" does not belong to uid 10155.
03-19 05:55:21.214 E/AppOps  ( 1823): Bad call made by uid 10155. Package "com.google.android.gms" does not belong to uid 10155.
03-19 05:55:21.355 E/AppOps  ( 1823): Bad call made by uid 10215. Package "com.google.android.gms" does not belong to uid 10215.
03-19 05:55:21.373 E/AppOps  ( 1823): Bad call made by uid 10215. Package "com.google.android.gms" does not belong to uid 10215.
03-19 05:55:22.828 E/ProcessManager( 1823): error write exception log
03-19 05:55:23.491 E/ProcessManager( 1823): error write exception log
03-19 05:55:24.666 E/ProcessManager( 1823): error write exception log
03-19 05:55:24.757 E/JobScheduler.Quota( 1823): <0>com.google.android.apps.subscriptions.red has 0 EJ quota without running anything
03-19 05:55:24.774 E/JobScheduler.Quota( 1823): <0>com.google.android.apps.subscriptions.red has 0 EJ quota without running anything
03-19 05:55:25.729 E/ProcessManager( 1823): error write exception log
03-19 05:55:25.829 E/PackageDexUsage( 1823): Unsupported context?
03-19 05:55:25.896 E/ProcessManager( 1823): error write exception log
03-19 05:55:26.569 E/ProcessManager( 1823): error write exception log
03-19 05:55:26.834 E/ProcessManager( 1823): error write exception log
03-19 05:55:26.892 E/ProcessManager( 1823): error write exception log
03-19 05:55:26.907 E/ProcessManager( 1823): error write exception log
03-19 05:55:27.814 E/ProcessManager( 1823): error write exception log
03-19 05:55:27.859 E/ProcessManager( 1823): error write exception log
03-19 05:55:27.879 E/ProcessManager( 1823): error write exception log
03-19 05:55:28.483 E/ProcessManager( 1823): error write exception log
03-19 05:55:28.606 E/ProcessManager( 1823): error write exception log
03-19 05:55:30.022 E/ProcessManager( 1823): error write exception log
03-19 05:55:30.058 E/ProcessManager( 1823): error write exception log
03-19 05:55:30.129 E/ProcessManager( 1823): error write exception log
03-19 05:55:30.140 E/ProcessManager( 1823): error write exception log
03-19 05:55:30.714 E/ProcessManager( 1823): error write exception log
03-19 05:55:31.176 E/PackageDexUsage( 1823): Unsupported context?
03-19 05:55:31.977 E/ProcessManager( 1823): error write exception log
03-19 05:55:32.121 E/ProcessManager( 1823): error write exception log
03-19 05:55:32.265 E/AppOps  ( 1823): Bad call made by uid 10150. Package "com.google.android.gms" does not belong to uid 10179.
03-19 05:55:32.858 E/ProcessManager( 1823): error write exception log
03-19 05:55:33.790 E/ProcessManager( 1823): error write exception log
03-19 05:55:34.484 E/VerityUtils( 1823): Failed to measure fs-verity, errno 1: /data/app/~~j3-oit2zPFAOcofyjHdQnQ==/com.google.android.youtube-Smaav0xpJCim_M9xlZp3tA==/base.apk
03-19 05:55:34.853 E/ProcessManager( 1823): error write exception log
03-19 05:55:34.949 E/ProcessManager( 1823): error write exception log
03-19 05:55:35.147 E/ProcessManager( 1823): error write exception log
03-19 05:55:35.416 E/ProcessManager( 1823): error write exception log
03-19 05:55:35.754 E/ProcessManager( 1823): error write exception log
03-19 05:55:36.094 E/ProcessManager( 1823): error write exception log
03-19 05:55:36.623 E/ProcessManager( 1823): error write exception log
03-19 05:55:36.875 E/ProcessManager( 1823): error write exception log
03-19 05:55:38.827 E/ProcessManager( 1823): error write exception log
03-19 05:55:39.707 E/ProcessManager( 1823): error write exception log
03-19 05:55:39.749 E/ProcessManager( 1823): error write exception log
03-19 05:55:40.587 E/ProcessManager( 1823): error write exception log
03-19 05:55:41.316 E/ProcessManager( 1823): error write exception log
03-19 05:55:41.477 E/ProcessManager( 1823): error write exception log
03-19 05:55:41.867 E/ProcessManager( 1823): error write exception log
03-19 05:55:42.141 E/ProcessManager( 1823): error write exception log
03-19 05:55:42.250 E/ProcessManager( 1823): error write exception log
03-19 05:55:42.354 E/ProcessManager( 1823): error write exception log
03-19 05:55:43.634 E/AppOps  ( 1823): Bad call made by uid 10215. Package "com.google.android.gms" does not belong to uid 10215.
03-19 05:55:43.643 E/AppOps  ( 1823): Bad call made by uid 10215. Package "com.google.android.gms" does not belong to uid 10215.
03-19 05:55:43.847 E/ProcessManager( 1823): error write exception log
03-19 05:55:43.903 E/AppOps  ( 1823): Bad call made by uid 10155. Package "com.google.android.gms" does not belong to uid 10155.
03-19 05:55:43.912 E/AppOps  ( 1823): Bad call made by uid 10155. Package "com.google.android.gms" does not belong to uid 10155.
03-19 05:55:44.432 E/ProcessManager( 1823): error write exception log
03-19 05:55:44.589 E/ProcessManager( 1823): error write exception log
03-19 05:55:44.601 E/ProcessManager( 1823): error write exception log
03-19 05:55:44.841 E/ProcessManager( 1823): error write exception log
03-19 05:55:44.998 E/ProcessManager( 1823): error write exception log
03-19 05:55:46.073 E/ProcessManager( 1823): error write exception log
03-19 05:55:46.168 E/ProcessManager( 1823): error write exception log
03-19 05:55:46.963 E/ProcessManager( 1823): error write exception log
03-19 05:55:47.936 E/ProcessManager( 1823): error write exception log
03-19 05:55:47.943 E/JobScheduler.Quota( 1823): <0>com.google.android.apps.subscriptions.red has 0 EJ quota without running anything
03-19 05:55:47.947 E/JobScheduler.Quota( 1823): <0>com.google.android.apps.subscriptions.red has 0 EJ quota without running anything
03-19 05:55:49.227 E/ProcessManager( 1823): error write exception log
03-19 05:55:49.953 E/ProcessManager( 1823): error write exception log
03-19 05:55:51.095 E/ProcessManager( 1823): error write exception log
03-19 05:55:51.104 E/ProcessManager( 1823): error write exception log
03-19 05:55:51.933 E/ProcessManager( 1823): error write exception log
03-19 05:55:52.107 E/ProcessManager( 1823): error write exception log
03-19 05:55:52.816 E/ProcessManager( 1823): error write exception log
03-19 05:55:53.209 E/ProcessManager( 1823): error write exception log
03-19 05:55:53.226 E/ProcessManager( 1823): error write exception log
03-19 05:55:55.185 E/ProcessManager( 1823): error write exception log
03-19 05:55:55.349 E/AppOps  ( 1823): Bad call made by uid 10150. Package "com.google.android.gms" does not belong to uid 10179.
03-19 05:55:56.731 E/ProcessManager( 1823): error write exception log
03-19 05:55:56.919 E/ProcessManager( 1823): error write exception log
03-19 05:55:57.329 E/VerityUtils( 1823): Failed to measure fs-verity, errno 1: /data/app/~~j3-oit2zPFAOcofyjHdQnQ==/com.google.android.youtube-Smaav0xpJCim_M9xlZp3tA==/base.apk
03-19 05:55:57.727 E/ProcessManager( 1823): error write exception log
03-19 05:55:57.836 E/ProcessManager( 1823): error write exception log
03-19 05:55:57.875 E/ProcessManager( 1823): error write exception log
03-19 05:55:57.924 E/ProcessManager( 1823): error write exception log
03-19 05:55:58.031 E/ProcessManager( 1823): error write exception log
03-19 05:55:59.041 E/ProcessManager( 1823): error write exception log
03-19 05:55:59.633 E/ProcessManager( 1823): error write exception log
03-19 05:56:00.018 E/ProcessManager( 1823): error write exception log
03-19 05:56:00.569 E/ProcessManager( 1823): error write exception log
03-19 05:56:02.577 E/KernelCpuSpeedReader( 1823): Failed to read cpu-freq: /sys/devices/system/cpu/cpu0/cpufreq/stats/time_in_state: open failed: ENOENT (No such file or directory)
03-19 05:56:02.577 E/KernelCpuSpeedReader( 1823): Failed to read cpu-freq: /sys/devices/system/cpu/cpu1190400/cpufreq/stats/time_in_state: open failed: ENOENT (No such file or directory)
03-19 05:56:02.578 E/KernelCpuSpeedReader( 1823): Failed to read cpu-freq: /sys/devices/system/cpu/cpu2707200/cpufreq/stats/time_in_state: open failed: ENOENT (No such file or directory)
03-19 05:56:02.578 E/KernelCpuSpeedReader( 1823): Failed to read cpu-freq: /sys/devices/system/cpu/cpu4512000/cpufreq/stats/time_in_state: open failed: ENOENT (No such file or directory)
03-19 05:56:03.197 E/ProcessManager( 1823): error write exception log
03-19 05:56:03.698 E/ProcessManager( 1823): error write exception log
03-19 05:56:05.611 E/ProcessManager( 1823): error write exception log
03-19 05:56:06.531 E/ProcessManager( 1823): error write exception log
03-19 05:56:29.465 E/KernelCpuSpeedReader( 1823): Failed to read cpu-freq: /sys/devices/system/cpu/cpu0/cpufreq/stats/time_in_state: open failed: ENOENT (No such file or directory)
03-19 05:56:29.465 E/KernelCpuSpeedReader( 1823): Failed to read cpu-freq: /sys/devices/system/cpu/cpu1190400/cpufreq/stats/time_in_state: open failed: ENOENT (No such file or directory)
03-19 05:56:29.465 E/KernelCpuSpeedReader( 1823): Failed to read cpu-freq: /sys/devices/system/cpu/cpu2707200/cpufreq/stats/time_in_state: open failed: ENOENT (No such file or directory)
03-19 05:56:29.465 E/KernelCpuSpeedReader( 1823): Failed to read cpu-freq: /sys/devices/system/cpu/cpu4512000/cpufreq/stats/time_in_state: open failed: ENOENT (No such file or directory)
03-19 05:57:17.988 E/ProcessManager( 1823): error write exception log
03-19 05:57:32.566 E/ProcessManager( 1823): error write exception log
03-19 05:57:32.742 E/ContentProviderHelper( 1823): Existing provider com.google.android.gsf/.gservices.GservicesProvider is crashing; detaching ProcessRecord{70e0ad 4514:com.google.android.gm/u0a179}
03-19 05:57:32.766 E/ProcessManager( 1823): error write exception log
03-19 05:57:33.243 E/ProcessManager( 1823): error write exception log
03-19 05:57:33.272 E/ProcessManager( 1823): error write exception log
03-19 05:57:34.185 E/ProcessManager( 1823): error write exception log
03-19 05:58:20.658 E/ProcessManager( 1823): error write exception log
03-19 06:00:03.659 E/KernelCpuSpeedReader( 1823): Failed to read cpu-freq: /sys/devices/system/cpu/cpu0/cpufreq/stats/time_in_state: open failed: ENOENT (No such file or directory)
03-19 06:00:03.659 E/KernelCpuSpeedReader( 1823): Failed to read cpu-freq: /sys/devices/system/cpu/cpu1190400/cpufreq/stats/time_in_state: open failed: ENOENT (No such file or directory)
03-19 06:00:03.659 E/KernelCpuSpeedReader( 1823): Failed to read cpu-freq: /sys/devices/system/cpu/cpu2707200/cpufreq/stats/time_in_state: open failed: ENOENT (No such file or directory)
03-19 06:00:03.659 E/KernelCpuSpeedReader( 1823): Failed to read cpu-freq: /sys/devices/system/cpu/cpu4512000/cpufreq/stats/time_in_state: open failed: ENOENT (No such file or directory)
03-19 06:00:04.139 E/ProcessManager( 1823): error write exception log
03-19 06:02:38.105 E/AppOps  ( 1823): attributionTag  not declared in manifest of android
03-19 06:02:38.107 E/AppOps  ( 1823): attributionTag  not declared in manifest of android
03-19 06:02:38.110 E/AppOps  ( 1823): attributionTag  not declared in manifest of android
03-19 06:02:38.112 E/AppOps  ( 1823): attributionTag  not declared in manifest of android
03-19 06:02:38.115 E/AppOps  ( 1823): attributionTag  not declared in manifest of android
03-19 06:02:43.097 E/AppOps  ( 1823): attributionTag  not declared in manifest of android
03-19 06:02:43.099 E/AppOps  ( 1823): attributionTag  not declared in manifest of android
03-19 06:02:43.101 E/AppOps  ( 1823): attributionTag  not declared in manifest of android
03-19 06:02:43.102 E/AppOps  ( 1823): attributionTag  not declared in manifest of android
03-19 06:02:43.104 E/AppOps  ( 1823): attributionTag  not declared in manifest of android
03-19 06:02:50.112 E/AppOps  ( 1823): attributionTag  not declared in manifest of android
03-19 06:02:50.115 E/AppOps  ( 1823): attributionTag  not declared in manifest of android
03-19 06:02:50.117 E/AppOps  ( 1823): attributionTag  not declared in manifest of android
03-19 06:02:50.120 E/AppOps  ( 1823): attributionTag  not declared in manifest of android
03-19 06:02:50.122 E/AppOps  ( 1823): attributionTag  not declared in manifest of android
03-19 06:02:50.124 E/AppOps  ( 1823): attributionTag  not declared in manifest of android
03-19 06:02:50.128 E/AppOps  ( 1823): attributionTag  not declared in manifest of android
03-19 06:02:50.130 E/AppOps  ( 1823): attributionTag  not declared in manifest of android
03-19 06:02:50.133 E/AppOps  ( 1823): attributionTag  not declared in manifest of android
03-19 06:02:50.135 E/AppOps  ( 1823): attributionTag  not declared in manifest of android
03-19 06:02:52.189 E/KernelRpmStatsReader( 6919): Failure in reading rpm stats
03-19 06:02:52.189 E/KernelRpmStatsReader( 6919): java.io.FileNotFoundException: /sys/power/system_sleep/stats: open failed: EACCES (Permission denied)
03-19 06:02:52.189 E/KernelRpmStatsReader( 6919): 	at libcore.io.IoBridge.open(IoBridge.java:574)
03-19 06:02:52.189 E/KernelRpmStatsReader( 6919): 	at java.io.FileInputStream.<init>(FileInputStream.java:179)
03-19 06:02:52.189 E/KernelRpmStatsReader( 6919): 	at java.io.FileInputStream.<init>(FileInputStream.java:133)
03-19 06:02:52.189 E/KernelRpmStatsReader( 6919): 	at com.miui.powerkeeper.utils.KernelRpmStatsReader.readRpmStatsType1(Unknown Source:19)
03-19 06:02:52.189 E/KernelRpmStatsReader( 6919): 	at com.miui.powerkeeper.utils.KernelRpmStatsReader.readRpmStats(Unknown Source:63)
03-19 06:02:52.189 E/KernelRpmStatsReader( 6919): 	at com.miui.powerkeeper.powerchecker.PowerCheckerService.requestKernelRpmStatsUpdate(Unknown Source:4)
03-19 06:02:52.189 E/KernelRpmStatsReader( 6919): 	at com.miui.powerkeeper.powerchecker.PowerCheckerService.addBatteryHistoryRecord(Unknown Source:32)
03-19 06:02:52.189 E/KernelRpmStatsReader( 6919): 	at com.miui.powerkeeper.powerchecker.PowerCheckerService.updateBatteryLevelChanged(Unknown Source:8)
03-19 06:02:52.189 E/KernelRpmStatsReader( 6919): 	at com.miui.powerkeeper.powerchecker.PowerCheckerService.access$2700(Unknown Source:0)
03-19 06:02:52.189 E/KernelRpmStatsReader( 6919): 	at com.miui.powerkeeper.powerchecker.PowerCheckerService$PowerCheckHandler.handleMessage(Unknown Source:124)
03-19 06:02:52.189 E/KernelRpmStatsReader( 6919): 	at android.os.Handler.dispatchMessage(Handler.java:106)
03-19 06:02:52.189 E/KernelRpmStatsReader( 6919): 	at android.os.Looper.loopOnce(Looper.java:211)
03-19 06:02:52.189 E/KernelRpmStatsReader( 6919): 	at android.os.Looper.loop(Looper.java:300)
03-19 06:02:52.189 E/KernelRpmStatsReader( 6919): 	at android.os.HandlerThread.run(HandlerThread.java:67)
03-19 06:02:52.189 E/KernelRpmStatsReader( 6919): Caused by: android.system.ErrnoException: open failed: EACCES (Permission denied)
03-19 06:02:52.189 E/KernelRpmStatsReader( 6919): 	at libcore.io.Linux.open(Native Method)
03-19 06:02:52.189 E/KernelRpmStatsReader( 6919): 	at libcore.io.ForwardingOs.open(ForwardingOs.java:574)
03-19 06:02:52.189 E/KernelRpmStatsReader( 6919): 	at libcore.io.BlockGuardOs.open(BlockGuardOs.java:274)
03-19 06:02:52.189 E/KernelRpmStatsReader( 6919): 	at libcore.io.ForwardingOs.open(ForwardingOs.java:574)
03-19 06:02:52.189 E/KernelRpmStatsReader( 6919): 	at android.app.ActivityThread$AndroidOs.open(ActivityThread.java:8381)
03-19 06:02:52.189 E/KernelRpmStatsReader( 6919): 	at libcore.io.IoBridge.open(IoBridge.java:560)
03-19 06:02:52.189 E/KernelRpmStatsReader( 6919): 	... 13 more
03-19 06:02:53.600 E/AppOps  ( 1823): attributionTag  not declared in manifest of android
03-19 06:02:53.605 E/AppOps  ( 1823): attributionTag  not declared in manifest of android
03-19 06:02:53.611 E/AppOps  ( 1823): attributionTag  not declared in manifest of android
03-19 06:02:53.614 E/AppOps  ( 1823): attributionTag  not declared in manifest of android
03-19 06:02:53.618 E/AppOps  ( 1823): attributionTag  not declared in manifest of android
03-19 06:03:39.645 E/ProcessManager( 1823): error write exception log
03-19 06:03:39.703 E/ProcessManager( 1823): error write exception log
03-19 06:03:40.153 E/ProcessManager( 1823): error write exception log
03-19 06:06:11.819 E/ProcessManager( 1823): error write exception log
03-19 06:06:36.274 E/ProcessManager( 1823): error write exception log
03-19 06:08:27.427 E/AppOps  ( 1823): attributionTag  not declared in manifest of android
03-19 06:08:27.430 E/AppOps  ( 1823): attributionTag  not declared in manifest of android
03-19 06:08:27.433 E/AppOps  ( 1823): attributionTag  not declared in manifest of android
03-19 06:08:27.435 E/AppOps  ( 1823): attributionTag  not declared in manifest of android
03-19 06:08:27.438 E/AppOps  ( 1823): attributionTag  not declared in manifest of android
03-19 06:08:27.441 E/AppOps  ( 1823): attributionTag  not declared in manifest of android
03-19 06:08:27.445 E/AppOps  ( 1823): attributionTag  not declared in manifest of android
03-19 06:08:27.448 E/AppOps  ( 1823): attributionTag  not declared in manifest of android
03-19 06:08:33.398 E/AppOps  ( 1823): attributionTag  not declared in manifest of android
03-19 06:08:33.399 E/AppOps  ( 1823): attributionTag  not declared in manifest of android
03-19 06:08:33.400 E/AppOps  ( 1823): attributionTag  not declared in manifest of android
03-19 06:08:33.400 E/AppOps  ( 1823): attributionTag  not declared in manifest of android
03-19 06:08:33.401 E/AppOps  ( 1823): attributionTag  not declared in manifest of android
03-19 06:08:46.671 E/AppOps  ( 1823): attributionTag  not declared in manifest of android
03-19 06:08:46.675 E/AppOps  ( 1823): attributionTag  not declared in manifest of android
03-19 06:08:46.679 E/AppOps  ( 1823): attributionTag  not declared in manifest of android
03-19 06:08:46.683 E/AppOps  ( 1823): attributionTag  not declared in manifest of android
03-19 06:08:46.686 E/AppOps  ( 1823): attributionTag  not declared in manifest of android
03-19 06:08:46.690 E/AppOps  ( 1823): attributionTag  not declared in manifest of android
03-19 06:08:46.693 E/AppOps  ( 1823): attributionTag  not declared in manifest of android
03-19 06:08:46.697 E/AppOps  ( 1823): attributionTag  not declared in manifest of android
03-19 06:08:46.700 E/AppOps  ( 1823): attributionTag  not declared in manifest of android
03-19 06:08:46.703 E/AppOps  ( 1823): attributionTag  not declared in manifest of android
03-19 06:08:46.706 E/AppOps  ( 1823): attributionTag  not declared in manifest of android
03-19 06:08:46.708 E/AppOps  ( 1823): attributionTag  not declared in manifest of android
03-19 06:08:46.711 E/AppOps  ( 1823): attributionTag  not declared in manifest of android
03-19 06:08:46.714 E/AppOps  ( 1823): attributionTag  not declared in manifest of android
03-19 06:08:46.717 E/AppOps  ( 1823): attributionTag  not declared in manifest of android
03-19 06:08:46.720 E/AppOps  ( 1823): attributionTag  not declared in manifest of android
03-19 06:08:46.723 E/AppOps  ( 1823): attributionTag  not declared in manifest of android
03-19 06:08:46.726 E/AppOps  ( 1823): attributionTag  not declared in manifest of android
03-19 06:08:49.196 E/AppOps  ( 1823): attributionTag  not declared in manifest of android
03-19 06:08:49.199 E/AppOps  ( 1823): attributionTag  not declared in manifest of android
03-19 06:08:50.316 E/KernelCpuSpeedReader( 1823): Failed to read cpu-freq: /sys/devices/system/cpu/cpu0/cpufreq/stats/time_in_state: open failed: ENOENT (No such file or directory)
03-19 06:08:50.318 E/KernelCpuSpeedReader( 1823): Failed to read cpu-freq: /sys/devices/system/cpu/cpu1190400/cpufreq/stats/time_in_state: open failed: ENOENT (No such file or directory)
03-19 06:08:50.318 E/KernelCpuSpeedReader( 1823): Failed to read cpu-freq: /sys/devices/system/cpu/cpu2707200/cpufreq/stats/time_in_state: open failed: ENOENT (No such file or directory)
03-19 06:08:50.318 E/KernelCpuSpeedReader( 1823): Failed to read cpu-freq: /sys/devices/system/cpu/cpu4512000/cpufreq/stats/time_in_state: open failed: ENOENT (No such file or directory)
03-19 06:08:51.775 E/AppOps  ( 1823): attributionTag  not declared in manifest of android
03-19 06:08:51.778 E/AppOps  ( 1823): attributionTag  not declared in manifest of android
03-19 06:08:54.288 E/AppOps  ( 1823): attributionTag  not declared in manifest of android
03-19 06:08:54.292 E/AppOps  ( 1823): attributionTag  not declared in manifest of android
03-19 06:08:54.295 E/AppOps  ( 1823): attributionTag  not declared in manifest of android
03-19 06:08:54.298 E/AppOps  ( 1823): attributionTag  not declared in manifest of android
03-19 06:08:54.301 E/AppOps  ( 1823): attributionTag  not declared in manifest of android
03-19 06:08:58.672 E/AppOps  ( 1823): attributionTag  not declared in manifest of android
03-19 06:08:58.677 E/AppOps  ( 1823): attributionTag  not declared in manifest of android
03-19 06:08:58.682 E/AppOps  ( 1823): attributionTag  not declared in manifest of android
03-19 06:08:58.687 E/AppOps  ( 1823): attributionTag  not declared in manifest of android
03-19 06:08:58.690 E/AppOps  ( 1823): attributionTag  not declared in manifest of android
03-19 06:09:04.372 E/AppOps  ( 1823): attributionTag  not declared in manifest of android
03-19 06:09:04.373 E/AppOps  ( 1823): attributionTag  not declared in manifest of android
03-19 06:09:04.375 E/AppOps  ( 1823): attributionTag  not declared in manifest of android
03-19 06:09:08.452 E/AppOps  ( 1823): attributionTag  not declared in manifest of android
03-19 06:09:08.456 E/AppOps  ( 1823): attributionTag  not declared in manifest of android
03-19 06:09:08.460 E/AppOps  ( 1823): attributionTag  not declared in manifest of android
03-19 06:09:08.465 E/AppOps  ( 1823): attributionTag  not declared in manifest of android
03-19 06:09:08.469 E/AppOps  ( 1823): attributionTag  not declared in manifest of android
03-19 06:09:08.473 E/AppOps  ( 1823): attributionTag  not declared in manifest of android
03-19 06:09:31.510 E/AppOps  ( 1823): attributionTag  not declared in manifest of android
03-19 06:09:31.513 E/AppOps  ( 1823): attributionTag  not declared in manifest of android
03-19 06:09:31.516 E/AppOps  ( 1823): attributionTag  not declared in manifest of android
03-19 06:09:31.519 E/AppOps  ( 1823): attributionTag  not declared in manifest of android
03-19 06:09:36.567 E/AppOps  ( 1823): attributionTag  not declared in manifest of android
03-19 06:09:36.570 E/AppOps  ( 1823): attributionTag  not declared in manifest of android
03-19 06:09:43.329 E/AppOps  ( 1823): attributionTag  not declared in manifest of android
03-19 06:09:43.333 E/AppOps  ( 1823): attributionTag  not declared in manifest of android
03-19 06:09:44.967 E/AppOps  ( 1823): attributionTag  not declared in manifest of android
03-19 06:09:44.970 E/AppOps  ( 1823): attributionTag  not declared in manifest of android
03-19 06:09:55.784 E/AppOps  ( 1823): attributionTag  not declared in manifest of android
03-19 06:09:55.786 E/AppOps  ( 1823): attributionTag  not declared in manifest of android
03-19 06:09:55.787 E/AppOps  ( 1823): attributionTag  not declared in manifest of android
03-19 06:09:55.789 E/AppOps  ( 1823): attributionTag  not declared in manifest of android
03-19 06:09:55.792 E/AppOps  ( 1823): attributionTag  not declared in manifest of android
03-19 06:09:55.794 E/AppOps  ( 1823): attributionTag  not declared in manifest of android
03-19 06:09:55.796 E/AppOps  ( 1823): attributionTag  not declared in manifest of android
03-19 06:09:55.798 E/AppOps  ( 1823): attributionTag  not declared in manifest of android
03-19 06:09:55.808 E/AppOps  ( 1823): attributionTag  not declared in manifest of android
03-19 06:09:55.810 E/AppOps  ( 1823): attributionTag  not declared in manifest of android
03-19 06:09:55.812 E/AppOps  ( 1823): attributionTag  not declared in manifest of android
03-19 06:09:55.814 E/AppOps  ( 1823): attributionTag  not declared in manifest of android
03-19 06:09:55.816 E/AppOps  ( 1823): attributionTag  not declared in manifest of android
03-19 06:09:55.818 E/AppOps  ( 1823): attributionTag  not declared in manifest of android
03-19 06:09:55.820 E/AppOps  ( 1823): attributionTag  not declared in manifest of android
03-19 06:09:55.822 E/AppOps  ( 1823): attributionTag  not declared in manifest of android
03-19 06:09:55.824 E/AppOps  ( 1823): attributionTag  not declared in manifest of android
03-19 06:09:55.826 E/AppOps  ( 1823): attributionTag  not declared in manifest of android
03-19 06:09:55.827 E/AppOps  ( 1823): attributionTag  not declared in manifest of android
03-19 06:09:55.829 E/AppOps  ( 1823): attributionTag  not declared in manifest of android
03-19 06:09:58.328 E/AppOps  ( 1823): attributionTag  not declared in manifest of android
03-19 06:09:58.331 E/AppOps  ( 1823): attributionTag  not declared in manifest of android
03-19 06:09:58.334 E/AppOps  ( 1823): attributionTag  not declared in manifest of android
03-19 06:09:58.337 E/AppOps  ( 1823): attributionTag  not declared in manifest of android
03-19 06:09:58.340 E/AppOps  ( 1823): attributionTag  not declared in manifest of android
03-19 06:09:58.405 E/KernelCpuSpeedReader( 1823): Failed to read cpu-freq: /sys/devices/system/cpu/cpu0/cpufreq/stats/time_in_state: open failed: ENOENT (No such file or directory)
03-19 06:09:58.405 E/KernelCpuSpeedReader( 1823): Failed to read cpu-freq: /sys/devices/system/cpu/cpu1190400/cpufreq/stats/time_in_state: open failed: ENOENT (No such file or directory)
03-19 06:09:58.406 E/KernelCpuSpeedReader( 1823): Failed to read cpu-freq: /sys/devices/system/cpu/cpu2707200/cpufreq/stats/time_in_state: open failed: ENOENT (No such file or directory)
03-19 06:09:58.406 E/KernelCpuSpeedReader( 1823): Failed to read cpu-freq: /sys/devices/system/cpu/cpu4512000/cpufreq/stats/time_in_state: open failed: ENOENT (No such file or directory)
03-19 06:10:00.878 E/AppOps  ( 1823): attributionTag  not declared in manifest of android
03-19 06:10:00.883 E/AppOps  ( 1823): attributionTag  not declared in manifest of android
03-19 06:10:03.428 E/AppOps  ( 1823): attributionTag  not declared in manifest of android
03-19 06:10:03.432 E/AppOps  ( 1823): attributionTag  not declared in manifest of android
03-19 06:10:03.436 E/AppOps  ( 1823): attributionTag  not declared in manifest of android
03-19 06:10:03.439 E/AppOps  ( 1823): attributionTag  not declared in manifest of android
03-19 06:10:03.442 E/AppOps  ( 1823): attributionTag  not declared in manifest of android
03-19 06:10:03.445 E/AppOps  ( 1823): attributionTag  not declared in manifest of android
03-19 06:10:03.685 E/ProcessManager( 1823): error write exception log
03-19 06:10:21.590 E/AppOps  ( 1823): attributionTag  not declared in manifest of android
03-19 06:10:21.594 E/AppOps  ( 1823): attributionTag  not declared in manifest of android
03-19 06:10:21.597 E/AppOps  ( 1823): attributionTag  not declared in manifest of android
03-19 06:10:21.600 E/AppOps  ( 1823): attributionTag  not declared in manifest of android
03-19 06:10:21.604 E/AppOps  ( 1823): attributionTag  not declared in manifest of android
03-19 06:10:21.607 E/AppOps  ( 1823): attributionTag  not declared in manifest of android
03-19 06:10:21.610 E/AppOps  ( 1823): attributionTag  not declared in manifest of android
03-19 06:10:21.613 E/AppOps  ( 1823): attributionTag  not declared in manifest of android
03-19 06:10:21.615 E/ProcessManager( 1823): error write exception log
03-19 06:10:21.616 E/AppOps  ( 1823): attributionTag  not declared in manifest of android
03-19 06:10:21.618 E/AppOps  ( 1823): attributionTag  not declared in manifest of android
03-19 06:10:21.621 E/AppOps  ( 1823): attributionTag  not declared in manifest of android
03-19 06:10:21.624 E/AppOps  ( 1823): attributionTag  not declared in manifest of android
03-19 06:10:21.626 E/AppOps  ( 1823): attributionTag  not declared in manifest of android
03-19 06:10:21.629 E/AppOps  ( 1823): attributionTag  not declared in manifest of android
03-19 06:10:21.632 E/AppOps  ( 1823): attributionTag  not declared in manifest of android
03-19 06:10:21.634 E/AppOps  ( 1823): attributionTag  not declared in manifest of android
03-19 06:10:21.636 E/AppOps  ( 1823): attributionTag  not declared in manifest of android
03-19 06:10:21.935 E/ActivityManager( 1823): Cancel pending or running compactions as system is awake
03-19 06:10:21.988 E/KernelCpuSpeedReader( 1823): Failed to read cpu-freq: /sys/devices/system/cpu/cpu0/cpufreq/stats/time_in_state: open failed: ENOENT (No such file or directory)
03-19 06:10:21.989 E/KernelCpuSpeedReader( 1823): Failed to read cpu-freq: /sys/devices/system/cpu/cpu1190400/cpufreq/stats/time_in_state: open failed: ENOENT (No such file or directory)
03-19 06:10:21.989 E/KernelCpuSpeedReader( 1823): Failed to read cpu-freq: /sys/devices/system/cpu/cpu2707200/cpufreq/stats/time_in_state: open failed: ENOENT (No such file or directory)
03-19 06:10:21.989 E/KernelCpuSpeedReader( 1823): Failed to read cpu-freq: /sys/devices/system/cpu/cpu4512000/cpufreq/stats/time_in_state: open failed: ENOENT (No such file or directory)
03-19 06:10:22.311 E/ProcessManager( 1823): error write exception log
03-19 06:10:22.356 E/AppOps  ( 1823): attributionTag  not declared in manifest of android
03-19 06:10:22.357 E/AppOps  ( 1823): attributionTag  not declared in manifest of android
03-19 06:10:22.455 E/AppOps  ( 1823): Bad call made by uid 1002. Package "com.google.android.gms" does not belong to uid 1002.
03-19 06:10:22.541 E/MiuiActivityController( 1823): MiuiLog-ActivityObserver: There was something wrong : null
03-19 06:10:22.557 E/ProcessManager( 1823): error write exception log
03-19 06:10:22.748 E/ProcessManager( 1823): error write exception log
03-19 06:10:22.944 E/ProcessManager( 1823): error write exception log
03-19 06:10:22.981 E/ProcessManager( 1823): error write exception log
03-19 06:10:23.021 E/AppOps  ( 1823): attributionTag  not declared in manifest of android
03-19 06:10:23.023 E/AppOps  ( 1823): attributionTag  not declared in manifest of android
03-19 06:10:23.024 E/AppOps  ( 1823): attributionTag  not declared in manifest of android
03-19 06:10:23.213 E/ProcessManager( 1823): error write exception log
03-19 06:10:23.525 E/ProcessManager( 1823): error write exception log
03-19 06:10:23.753 E/ProcessManager( 1823): error write exception log
03-19 06:10:25.629 E/ProcessManager( 1823): error write exception log
03-19 06:10:27.601 E/AppOps  ( 1823): attributionTag  not declared in manifest of android
03-19 06:10:27.605 E/AppOps  ( 1823): attributionTag  not declared in manifest of android
03-19 06:10:27.610 E/AppOps  ( 1823): attributionTag  not declared in manifest of android
03-19 06:10:28.968 E/ActivityThread( 6182): Failed to find provider info for com.xiaomi.mipicks.dbcache
03-19 06:10:30.162 E/Fingerprint21( 1823): onAcquired for non-acquisition client: null
03-19 06:10:30.452 E/KernelRpmStatsReader( 6919): Failure in reading rpm stats
03-19 06:10:30.452 E/KernelRpmStatsReader( 6919): java.io.FileNotFoundException: /sys/power/system_sleep/stats: open failed: EACCES (Permission denied)
03-19 06:10:30.452 E/KernelRpmStatsReader( 6919): 	at libcore.io.IoBridge.open(IoBridge.java:574)
03-19 06:10:30.452 E/KernelRpmStatsReader( 6919): 	at java.io.FileInputStream.<init>(FileInputStream.java:179)
03-19 06:10:30.452 E/KernelRpmStatsReader( 6919): 	at java.io.FileInputStream.<init>(FileInputStream.java:133)
03-19 06:10:30.452 E/KernelRpmStatsReader( 6919): 	at com.miui.powerkeeper.utils.KernelRpmStatsReader.readRpmStatsType1(Unknown Source:19)
03-19 06:10:30.452 E/KernelRpmStatsReader( 6919): 	at com.miui.powerkeeper.utils.KernelRpmStatsReader.readRpmStats(Unknown Source:63)
03-19 06:10:30.452 E/KernelRpmStatsReader( 6919): 	at com.miui.powerkeeper.powerchecker.PowerCheckerService.requestKernelRpmStatsUpdate(Unknown Source:4)
03-19 06:10:30.452 E/KernelRpmStatsReader( 6919): 	at com.miui.powerkeeper.powerchecker.PowerCheckerService.addBatteryHistoryRecord(Unknown Source:32)
03-19 06:10:30.452 E/KernelRpmStatsReader( 6919): 	at com.miui.powerkeeper.powerchecker.PowerCheckerService.updateBatteryLevelChanged(Unknown Source:8)
03-19 06:10:30.452 E/KernelRpmStatsReader( 6919): 	at com.miui.powerkeeper.powerchecker.PowerCheckerService.access$2700(Unknown Source:0)
03-19 06:10:30.452 E/KernelRpmStatsReader( 6919): 	at com.miui.powerkeeper.powerchecker.PowerCheckerService$PowerCheckHandler.handleMessage(Unknown Source:124)
03-19 06:10:30.452 E/KernelRpmStatsReader( 6919): 	at android.os.Handler.dispatchMessage(Handler.java:106)
03-19 06:10:30.452 E/KernelRpmStatsReader( 6919): 	at android.os.Looper.loopOnce(Looper.java:211)
03-19 06:10:30.452 E/KernelRpmStatsReader( 6919): 	at android.os.Looper.loop(Looper.java:300)
03-19 06:10:30.452 E/KernelRpmStatsReader( 6919): 	at android.os.HandlerThread.run(HandlerThread.java:67)
03-19 06:10:30.452 E/KernelRpmStatsReader( 6919): Caused by: android.system.ErrnoException: open failed: EACCES (Permission denied)
03-19 06:10:30.452 E/KernelRpmStatsReader( 6919): 	at libcore.io.Linux.open(Native Method)
03-19 06:10:30.452 E/KernelRpmStatsReader( 6919): 	at libcore.io.ForwardingOs.open(ForwardingOs.java:574)
03-19 06:10:30.452 E/KernelRpmStatsReader( 6919): 	at libcore.io.BlockGuardOs.open(BlockGuardOs.java:274)
03-19 06:10:30.452 E/KernelRpmStatsReader( 6919): 	at libcore.io.ForwardingOs.open(ForwardingOs.java:574)
03-19 06:10:30.452 E/KernelRpmStatsReader( 6919): 	at android.app.ActivityThread$AndroidOs.open(ActivityThread.java:8381)
03-19 06:10:30.452 E/KernelRpmStatsReader( 6919): 	at libcore.io.IoBridge.open(IoBridge.java:560)
03-19 06:10:30.452 E/KernelRpmStatsReader( 6919): 	... 13 more
03-19 06:10:33.142 E/MiuiActivityController( 1823): MiuiLog-ActivityObserver: There was something wrong : null
03-19 06:10:33.426 E/MiuiMultiWindowUtils( 6302): initFreeFormResolutionArgs failed, device is spes
03-19 06:10:33.444 E/ActivityThread( 6302): Failed to find provider info for com.xiaomi.mipicks.dbcache
03-19 06:10:33.821 E/ProcessManager( 1823): error write exception log
03-19 06:10:33.873 E/MiuiActivityController( 1823): MiuiLog-ActivityObserver: There was something wrong : null
03-19 06:10:33.914 E/ProcessManager( 1823): error write exception log
03-19 06:10:34.059 E/MiuiActivityController( 1823): MiuiLog-ActivityObserver: There was something wrong : null
03-19 06:10:35.292 E/MiuiActivityController( 1823): MiuiLog-ActivityObserver: There was something wrong : null
03-19 06:10:35.335 E/KernelCpuSpeedReader( 1823): Failed to read cpu-freq: /sys/devices/system/cpu/cpu0/cpufreq/stats/time_in_state: open failed: ENOENT (No such file or directory)
03-19 06:10:35.335 E/KernelCpuSpeedReader( 1823): Failed to read cpu-freq: /sys/devices/system/cpu/cpu1190400/cpufreq/stats/time_in_state: open failed: ENOENT (No such file or directory)
03-19 06:10:35.335 E/KernelCpuSpeedReader( 1823): Failed to read cpu-freq: /sys/devices/system/cpu/cpu2707200/cpufreq/stats/time_in_state: open failed: ENOENT (No such file or directory)
03-19 06:10:35.335 E/KernelCpuSpeedReader( 1823): Failed to read cpu-freq: /sys/devices/system/cpu/cpu4512000/cpufreq/stats/time_in_state: open failed: ENOENT (No such file or directory)
03-19 06:10:35.578 E/AppOps  ( 1823): attributionTag  not declared in manifest of android
03-19 06:10:35.579 E/AppOps  ( 1823): attributionTag  not declared in manifest of android
03-19 06:10:35.605 E/Fingerprint21( 1823): onAcquired for non-acquisition client: null
03-19 06:10:36.125 E/ProcessManager( 1823): error write exception log
03-19 06:10:36.157 E/ProcessManager( 1823): error write exception log
03-19 06:10:36.313 E/ForceDarkHelperStubImpl( 6594): getForceDarkOriginState transact failed , mService: null
03-19 06:10:36.342 E/ProcessManager( 1823): error write exception log
03-19 06:10:36.709 E/MiuiActivityController( 1823): MiuiLog-ActivityObserver: There was something wrong : null
03-19 06:10:36.767 E/MiuiActivityController( 1823): MiuiLog-ActivityObserver: There was something wrong : null
03-19 06:10:37.303 E/ActivityThread( 6651): Failed to find provider info for com.facebook.appmanager.nekodirect
03-19 06:10:39.211 E/ProcessManager( 1823): error write exception log
03-19 06:10:39.513 E/ProcessManager( 1823): error write exception log
03-19 06:10:39.644 E/PackageDexUsage( 1823): Unsupported context?
03-19 06:10:40.630 E/NetlinkEvent(  965): NetlinkEvent::FindParam(): Parameter 'INTERFACE' not found
03-19 06:10:40.630 E/NetlinkEvent(  965): NetlinkEvent::FindParam(): Parameter 'STATE' not found
03-19 06:10:40.630 E/NetlinkEvent(  965): NetlinkEvent::FindParam(): Parameter 'TIME_NS' not found
03-19 06:10:40.630 E/NetlinkEvent(  965): NetlinkEvent::FindParam(): Parameter 'UID' not found
03-19 06:10:40.711 E/ProcessManager( 1823): error write exception log
03-19 06:10:41.079 E/ProcessManager( 1823): error write exception log
03-19 06:10:41.161 E/ActivityThread( 3144): Failed to find provider info for com.milink.service.device
03-19 06:10:41.213 E/ActivityThread( 3144): Failed to find provider info for com.milink.service.device
03-19 06:10:41.383 E/ProcessManager( 1823): error write exception log
03-19 06:10:41.449 E/ProcessManager( 1823): error write exception log
03-19 06:10:41.499 E/ProcessManager( 1823): error write exception log
03-19 06:10:41.536 E/ProcessManager( 1823): error write exception log
03-19 06:10:41.722 E/ProcessManager( 1823): error write exception log
03-19 06:10:41.774 E/ProcessManager( 1823): error write exception log
03-19 06:10:41.829 E/ProcessManager( 1823): error write exception log
03-19 06:10:41.913 E/ProcessManager( 1823): error write exception log
03-19 06:10:42.160 E/PackageDexUsage( 1823): Unsupported context?
03-19 06:10:42.414 E/ProcessManager( 1823): error write exception log
03-19 06:10:42.627 E/ProcessManager( 1823): error write exception log
03-19 06:10:43.387 E/ActivityThread( 7118): Failed to find provider info for com.facebook.appmanager.nekodirect
03-19 06:10:43.635 E/VerityUtils( 1823): Failed to measure fs-verity, errno 1: /data/app/~~j3-oit2zPFAOcofyjHdQnQ==/com.google.android.youtube-Smaav0xpJCim_M9xlZp3tA==/base.apk
03-19 06:10:44.109 E/PackageDexUsage( 1823): Unsupported context?
03-19 06:10:44.204 E/ProcessManager( 1823): error write exception log
03-19 06:10:44.291 E/ProcessManager( 1823): error write exception log
03-19 06:10:44.388 E/ProcessManager( 1823): error write exception log
03-19 06:10:45.675 E/PackageDexUsage( 1823): Unsupported context?
03-19 06:10:47.014 E/ProcessManager( 1823): error write exception log
03-19 06:10:48.052 E/ProcessManager( 1823): error write exception log
03-19 06:10:48.200 E/PackageDexUsage( 1823): Unsupported context?
03-19 06:10:48.453 E/ActivityThread( 3144): Failed to find provider info for com.milink.service.device
03-19 06:10:49.074 E/ProcessManager( 1823): error write exception log
03-19 06:10:50.574 E/ShortcutService( 1823): Invalid icon type in shortcut 218713240424642@lid. Bitmaps are not allowed in long-lived shortcuts. Use Resource icons, or Uri-based icons instead.
03-19 06:10:51.663 E/ProcessManager( 1823): error write exception log
03-19 06:10:51.695 E/ProcessManager( 1823): error write exception log
03-19 06:10:51.757 E/ProcessManager( 1823): error write exception log
03-19 06:10:52.016 E/PackageDexUsage( 1823): Unsupported context?
03-19 06:10:52.242 E/ShortcutService( 1823): Invalid icon type in shortcut 218713240424642@lid. Bitmaps are not allowed in long-lived shortcuts. Use Resource icons, or Uri-based icons instead.
03-19 06:10:52.804 E/PackageDexUsage( 1823): Unsupported context?
03-19 06:10:53.800 E/ActivityThread( 7968): Failed to find provider info for com.xiaomi.mipicks.dbcache
03-19 06:11:01.398 E/ProcessManager( 1823): error write exception log
03-19 06:11:03.888 E/ProcessManager( 1823): error write exception log
03-19 06:11:03.938 E/ProcessManager( 1823): error write exception log
03-19 06:11:04.232 E/AppOps  ( 1823): attributionTag  not declared in manifest of android
03-19 06:11:04.233 E/AppOps  ( 1823): attributionTag  not declared in manifest of android
03-19 06:11:04.234 E/AppOps  ( 1823): attributionTag  not declared in manifest of android
03-19 06:11:04.385 E/ProcessManager( 1823): error write exception log
03-19 06:11:05.609 E/PackageDexUsage( 1823): Unsupported context?
03-19 06:11:06.267 E/AppOps  ( 1823): attributionTag  not declared in manifest of android
03-19 06:11:07.223 E/AppOps  ( 1823): attributionTag  not declared in manifest of android
03-19 06:11:07.225 E/AppOps  ( 1823): attributionTag  not declared in manifest of android
03-19 06:11:24.355 E/ProcessManager( 1823): error write exception log
03-19 06:11:24.408 E/ProcessManager( 1823): error write exception log
03-19 06:12:03.601 E/ProcessManager( 1823): error write exception log
03-19 06:12:06.811 E/AppOps  ( 1823): attributionTag  not declared in manifest of android
03-19 06:12:06.815 E/AppOps  ( 1823): attributionTag  not declared in manifest of android
