--------- beginning of main
03-19 12:49:29.508  3850  4166 E bt_btm  : Malformed LE Advertising Report Event - unsupported legacy_event_type 0x05
03-19 12:49:29.561  3850  4166 D bt_btm_ble: bool parse_adv_audio_uuids_from_adv_pkt(const uint8_t *, size_t, uint8_t): tmap_cap_pts: false
03-19 12:49:29.665  1085  4158 I vendor.qti.bluetooth@1.0-ibs_handler: ProcessIbsCmd: Received IBS_SLEEP_IND: 0xFE
03-19 12:49:29.666  1085  4158 D vendor.qti.bluetooth@1.0-ibs_handler: SerialClockVote: vote for UART CLK OFF
03-19 12:49:29.817  1085  4092 D vendor.qti.bluetooth@1.0-wake_lock: Release wakelock is released 
03-19 12:49:30.275  1085  4158 I vendor.qti.bluetooth@1.0-ibs_handler: ProcessIbsCmd: Received IBS_WAKE_IND: 0xFD
03-19 12:49:30.275  1085  4158 D vendor.qti.bluetooth@1.0-ibs_handler: SerialClockVote: vote for UART CLK ON
03-19 12:49:30.280  1085  4158 D vendor.qti.bluetooth@1.0-wake_lock: Acquire wakelock is acquired 
03-19 12:49:30.280  1085  4158 I vendor.qti.bluetooth@1.0-ibs_handler: ProcessIbsCmd: Writing IBS_WAKE_ACK
03-19 12:49:30.287  3850  4166 D bt_btm_ble: bool parse_adv_audio_uuids_from_adv_pkt(const uint8_t *, size_t, uint8_t): tmap_cap_pts: false
03-19 12:49:30.288  3850  4166 D bt_btm_ble: bool parse_adv_audio_uuids_from_adv_pkt(const uint8_t *, size_t, uint8_t): tmap_cap_pts: false
03-19 12:49:30.372  3850  4166 D bt_btm_ble: bool parse_adv_audio_uuids_from_adv_pkt(const uint8_t *, size_t, uint8_t): tmap_cap_pts: false
03-19 12:49:30.375  3850  4166 D bt_btm_ble: bool parse_adv_audio_uuids_from_adv_pkt(const uint8_t *, size_t, uint8_t): tmap_cap_pts: false
03-19 12:49:30.393  3850  4166 D bt_btm_ble: bool parse_adv_audio_uuids_from_adv_pkt(const uint8_t *, size_t, uint8_t): tmap_cap_pts: false
03-19 12:49:30.431  1085  4158 I vendor.qti.bluetooth@1.0-ibs_handler: ProcessIbsCmd: Received IBS_SLEEP_IND: 0xFE
03-19 12:49:30.431  1085  4158 D vendor.qti.bluetooth@1.0-ibs_handler: SerialClockVote: vote for UART CLK OFF
03-19 12:49:30.583  1085  4092 D vendor.qti.bluetooth@1.0-wake_lock: Release wakelock is released 
03-19 12:49:30.996  1085  4158 I vendor.qti.bluetooth@1.0-ibs_handler: ProcessIbsCmd: Received IBS_WAKE_IND: 0xFD
03-19 12:49:30.996  1085  4158 D vendor.qti.bluetooth@1.0-ibs_handler: SerialClockVote: vote for UART CLK ON
03-19 12:49:31.000  1085  4158 D vendor.qti.bluetooth@1.0-wake_lock: Acquire wakelock is acquired 
03-19 12:49:31.000  1085  4158 I vendor.qti.bluetooth@1.0-ibs_handler: ProcessIbsCmd: Writing IBS_WAKE_ACK
03-19 12:49:31.007  3850  4166 D bt_btm_ble: bool parse_adv_audio_uuids_from_adv_pkt(const uint8_t *, size_t, uint8_t): tmap_cap_pts: false
03-19 12:49:31.010  3850  4166 D bt_btm_ble: bool parse_adv_audio_uuids_from_adv_pkt(const uint8_t *, size_t, uint8_t): tmap_cap_pts: false
03-19 12:49:31.011  3850  4166 D bt_btm_ble: bool parse_adv_audio_uuids_from_adv_pkt(const uint8_t *, size_t, uint8_t): tmap_cap_pts: false
03-19 12:49:31.063  3850  4166 D bt_btm_ble: bool parse_adv_audio_uuids_from_adv_pkt(const uint8_t *, size_t, uint8_t): tmap_cap_pts: false
03-19 12:49:31.098  7475  7475 V Capacitor/BluetoothLe: Notifying listeners for event onScanResult
03-19 12:49:31.105  3850  4166 D bt_btm_ble: bool parse_adv_audio_uuids_from_adv_pkt(const uint8_t *, size_t, uint8_t): tmap_cap_pts: false
03-19 12:49:31.144  1085  4158 I vendor.qti.bluetooth@1.0-ibs_handler: ProcessIbsCmd: Received IBS_SLEEP_IND: 0xFE
03-19 12:49:31.144  1085  4158 D vendor.qti.bluetooth@1.0-ibs_handler: SerialClockVote: vote for UART CLK OFF
03-19 12:49:31.296  1085  4092 D vendor.qti.bluetooth@1.0-wake_lock: Release wakelock is released 
03-19 12:49:31.684  1085  4158 I vendor.qti.bluetooth@1.0-ibs_handler: ProcessIbsCmd: Received IBS_WAKE_IND: 0xFD
03-19 12:49:31.684  1085  4158 D vendor.qti.bluetooth@1.0-ibs_handler: SerialClockVote: vote for UART CLK ON
03-19 12:49:31.687  1085  4158 D vendor.qti.bluetooth@1.0-wake_lock: Acquire wakelock is acquired 
03-19 12:49:31.687  1085  4158 I vendor.qti.bluetooth@1.0-ibs_handler: ProcessIbsCmd: Writing IBS_WAKE_ACK
03-19 12:49:31.700  3850  4014 D BluetoothRemoteDevices: Property type: 1
03-19 12:49:31.701  3850  4014 D BluetoothRemoteDevices: Skip name update for 78:BB:C1:BE:F0:18
03-19 12:49:31.701  3850  4014 D BluetoothRemoteDevices: Property type: 4
03-19 12:49:31.701  3850  4014 D BluetoothRemoteDevices: Skip class update for 78:BB:C1:BE:F0:18
03-19 12:49:31.701  3850  4014 D BluetoothRemoteDevices: Property type: 5
03-19 12:49:31.701  3850  4014 D BluetoothRemoteDevices: BT_PROPERTY_TYPE_OF_DEVICE 78:BB:C1:BE:F0:18
03-19 12:49:31.738  3850  4166 D bt_btm_ble: bool parse_adv_audio_uuids_from_adv_pkt(const uint8_t *, size_t, uint8_t): tmap_cap_pts: false
03-19 12:49:31.743  7475  7475 V Capacitor/BluetoothLe: Notifying listeners for event onScanResult
03-19 12:49:31.790  3850  4166 D bt_btm_ble: bool parse_adv_audio_uuids_from_adv_pkt(const uint8_t *, size_t, uint8_t): tmap_cap_pts: false
03-19 12:49:31.822  3850  4166 E bt_btm  : Malformed LE Advertising Report Event - unsupported legacy_event_type 0x05
03-19 12:49:31.861  1085  4158 I vendor.qti.bluetooth@1.0-ibs_handler: ProcessIbsCmd: Received IBS_SLEEP_IND: 0xFE
03-19 12:49:31.861  1085  4158 D vendor.qti.bluetooth@1.0-ibs_handler: SerialClockVote: vote for UART CLK OFF
03-19 12:49:32.012  1085  4092 D vendor.qti.bluetooth@1.0-wake_lock: Release wakelock is released 
03-19 12:49:32.461  1085  4158 I vendor.qti.bluetooth@1.0-ibs_handler: ProcessIbsCmd: Received IBS_WAKE_IND: 0xFD
03-19 12:49:32.461  1085  4158 D vendor.qti.bluetooth@1.0-ibs_handler: SerialClockVote: vote for UART CLK ON
03-19 12:49:32.465  1085  4158 D vendor.qti.bluetooth@1.0-wake_lock: Acquire wakelock is acquired 
03-19 12:49:32.465  1085  4158 I vendor.qti.bluetooth@1.0-ibs_handler: ProcessIbsCmd: Writing IBS_WAKE_ACK
03-19 12:49:32.470  3850  4166 E bt_btm  : Malformed LE Advertising Report Event - unsupported legacy_event_type 0x05
03-19 12:49:32.470  3850  4166 D bt_btm_ble: bool parse_adv_audio_uuids_from_adv_pkt(const uint8_t *, size_t, uint8_t): tmap_cap_pts: false
03-19 12:49:32.490  3850  4166 D bt_btm_ble: bool parse_adv_audio_uuids_from_adv_pkt(const uint8_t *, size_t, uint8_t): tmap_cap_pts: false
03-19 12:49:32.510  7475  7475 V Capacitor/BluetoothLe: Notifying listeners for event onScanResult
03-19 12:49:32.631  1085  4158 I vendor.qti.bluetooth@1.0-ibs_handler: ProcessIbsCmd: Received IBS_SLEEP_IND: 0xFE
03-19 12:49:32.631  1085  4158 D vendor.qti.bluetooth@1.0-ibs_handler: SerialClockVote: vote for UART CLK OFF
03-19 12:49:32.781  1085  4092 D vendor.qti.bluetooth@1.0-wake_lock: Release wakelock is released 
03-19 12:49:33.067  1823  2641 I MiuiNetworkPolicy: updateUidState uid = 10107, uidState = 19
03-19 12:49:33.132  1085  4158 I vendor.qti.bluetooth@1.0-ibs_handler: ProcessIbsCmd: Received IBS_WAKE_IND: 0xFD
03-19 12:49:33.132  1085  4158 D vendor.qti.bluetooth@1.0-ibs_handler: SerialClockVote: vote for UART CLK ON
03-19 12:49:33.136  1085  4158 D vendor.qti.bluetooth@1.0-wake_lock: Acquire wakelock is acquired 
03-19 12:49:33.136  1085  4158 I vendor.qti.bluetooth@1.0-ibs_handler: ProcessIbsCmd: Writing IBS_WAKE_ACK
03-19 12:49:33.141  3850  4166 D bt_btm_ble: bool parse_adv_audio_uuids_from_adv_pkt(const uint8_t *, size_t, uint8_t): tmap_cap_pts: false
03-19 12:49:33.148  3850  4166 D bt_btm_ble: bool parse_adv_audio_uuids_from_adv_pkt(const uint8_t *, size_t, uint8_t): tmap_cap_pts: false
03-19 12:49:33.163  3850  4166 D bt_btm_ble: bool parse_adv_audio_uuids_from_adv_pkt(const uint8_t *, size_t, uint8_t): tmap_cap_pts: false
03-19 12:49:33.261  3132  3132 W Settings: Setting airplane_mode_on has moved from android.provider.Settings.System to android.provider.Settings.Global, returning read-only value.
03-19 12:49:33.266  3144  3485 D MobileStatusTracker(2): onSignalStrengthsChanged signalStrength=SignalStrength:{mCdma=CellSignalStrengthCdma: cdmaDbm=2147483647 cdmaEcio=2147483647 evdoDbm=2147483647 evdoEcio=2147483647 evdoSnr=2147483647 miuiLevel=0 mOptimizedLevel=0 level=0,mGsm=CellSignalStrengthGsm: rssi=2147483647 ber=2147483647 mTa=2147483647 miuiLevel=0 mOptimizedLevel=0 mLevel=0,mWcdma=CellSignalStrengthWcdma: ss=2147483647 ber=2147483647 rscp=2147483647 ecno=2147483647 miuiLevel=0 mOptimizedLevel=0 level=0,mTdscdma=CellSignalStrengthTdscdma: rssi=2147483647 ber=2147483647 rscp=2147483647 miuiLevel=0 mOptimizedLevel=0 level=0,mLte=CellSignalStrengthLte: rssi=-61 rsrp=-95 rsrq=-13 rssnr=0 cqiTableIndex=2147483647 cqi=2147483647 ta=2147483647 miuiLevel=5 mOptimizedLevel=0 level=4 parametersUseForLevel=0,mNr=CellSignalStrengthNr:{ csiRsrp = 2147483647 csiRsrq = 2147483647 csiCqiTableIndex = 2147483647 csiCqiReport = [] ssRsrp = 2147483647 ssRsrq = 2147483647 ssSinr = 2147483647 miuiLevel = 0 mOptimizedLevel = 0 level = 0 parametersUseForLevel = 0 },primary=CellSignalStrengthLte,mNrAsPrimaryInNrNsa=false}
03-19 12:49:33.267  3144  3485 D NetworkController.MobileSignalController(2): update5GConnectState: false
03-19 12:49:33.267  3144  3485 D NetworkController.MobileSignalController(2): ss use aosp level not 0, 5
03-19 12:49:33.289  1085  4158 I vendor.qti.bluetooth@1.0-ibs_handler: ProcessIbsCmd: Received IBS_SLEEP_IND: 0xFE
03-19 12:49:33.290  1085  4158 D vendor.qti.bluetooth@1.0-ibs_handler: SerialClockVote: vote for UART CLK OFF
03-19 12:49:33.441  1085  4092 D vendor.qti.bluetooth@1.0-wake_lock: Release wakelock is released 
03-19 12:49:33.935  1085  4158 I vendor.qti.bluetooth@1.0-ibs_handler: ProcessIbsCmd: Received IBS_WAKE_IND: 0xFD
03-19 12:49:33.936  1085  4158 D vendor.qti.bluetooth@1.0-ibs_handler: SerialClockVote: vote for UART CLK ON
03-19 12:49:33.942  1085  4158 D vendor.qti.bluetooth@1.0-wake_lock: Acquire wakelock is acquired 
03-19 12:49:33.942  1085  4158 I vendor.qti.bluetooth@1.0-ibs_handler: ProcessIbsCmd: Writing IBS_WAKE_ACK
03-19 12:49:33.948  3850  4166 D bt_btm_ble: bool parse_adv_audio_uuids_from_adv_pkt(const uint8_t *, size_t, uint8_t): tmap_cap_pts: false
03-19 12:49:33.951  3850  4166 D bt_btm_ble: bool parse_adv_audio_uuids_from_adv_pkt(const uint8_t *, size_t, uint8_t): tmap_cap_pts: false
03-19 12:49:33.965  3850  4166 D bt_btm_ble: bool parse_adv_audio_uuids_from_adv_pkt(const uint8_t *, size_t, uint8_t): tmap_cap_pts: false
03-19 12:49:34.010  3850  4166 D bt_btm_ble: bool parse_adv_audio_uuids_from_adv_pkt(const uint8_t *, size_t, uint8_t): tmap_cap_pts: false
03-19 12:49:34.041  3850  4166 D bt_btm_ble: bool parse_adv_audio_uuids_from_adv_pkt(const uint8_t *, size_t, uint8_t): tmap_cap_pts: false
03-19 12:49:34.090  1085  4158 I vendor.qti.bluetooth@1.0-ibs_handler: ProcessIbsCmd: Received IBS_SLEEP_IND: 0xFE
03-19 12:49:34.090  1085  4158 D vendor.qti.bluetooth@1.0-ibs_handler: SerialClockVote: vote for UART CLK OFF
03-19 12:49:34.241  1085  4092 D vendor.qti.bluetooth@1.0-wake_lock: Release wakelock is released 
03-19 12:49:34.308  1056  1056 W ThreadPoolForeg: type=1400 audit(0.0:133308): avc: denied { write } for name="traced_producer" dev="tmpfs" ino=23714 scontext=u:r:gmscore_app:s0:c512,c768 tcontext=u:object_r:traced_producer_socket:s0 tclass=sock_file permissive=0 app=com.google.android.gms
03-19 12:49:34.403  7475  7475 V Capacitor/Plugin: To native (Capacitor plugin): callbackId: 17938294, pluginId: BluetoothLe, methodName: removeListener
03-19 12:49:34.403  7475  7475 V Capacitor: callback: 17938294, pluginId: BluetoothLe, methodName: removeListener, methodData: {"eventName":"onScanResult","callbackId":"17938292"}
03-19 12:49:34.407  7475  7475 V Capacitor/Plugin: To native (Capacitor plugin): callbackId: 17938295, pluginId: BluetoothLe, methodName: stopLEScan
03-19 12:49:34.407  7475  7475 V Capacitor: callback: 17938295, pluginId: BluetoothLe, methodName: stopLEScan, methodData: {}
03-19 12:49:34.409  7475  7544 D DeviceScanner: Stop scanning.
03-19 12:49:34.409  7475  7544 D BluetoothAdapter: isLeEnabled(): ON
03-19 12:49:34.414  3850 24849 D BtGatt.GattService: stopScan() - queue size =3
03-19 12:49:34.419  3850  4074 I BtGatt.ScanManager: msg.what = MSG_STOP_BLE_SCAN, msg.arg1 = None
03-19 12:49:34.419  3850  4074 D BtGatt.ScanManager: track LE scan event: callerPackage = [com.smartdoor.terminal], scanMode = [1], reportDelayMillis = [0], behavior = [2], scannerId = [8], duration = [7940]
03-19 12:49:34.419  3850  4074 D BtGatt.ScanManager: handling stopping scan  [ScanClient scanModeApp 1 scanModeUsed 1 [appScanStats com.smartdoor.terminal]]
03-19 12:49:34.421  1085  1085 D vendor.qti.bluetooth@1.0-ibs_handler: SerialClockVote: vote for UART CLK ON
03-19 12:49:34.425  1085  1085 D vendor.qti.bluetooth@1.0-uart_transport: SocRxDWakeup: Flow off->Change UART baudrate to 38.4kbs->send 0x00->Change UART baudrate to max->Flow on
03-19 12:49:34.425  1085  1085 I vendor.qti.bluetooth@1.0-uart_transport: ## userial_vendor_ioctl: UART Flow Off 
03-19 12:49:34.426  3850 24849 D BtGatt.GattService: unregisterScanner() - scannerId=8
03-19 12:49:34.437  1085  1085 I vendor.qti.bluetooth@1.0-uart_transport: ## userial_vendor_set_baud: 17
03-19 12:49:34.437  7475  7475 I Capacitor/Console: File:  - Line 353 - Msg: undefined
03-19 12:49:34.443  7475  7475 V Capacitor/Plugin: To native (Capacitor plugin): callbackId: 17938296, pluginId: BluetoothLe, methodName: addListener
03-19 12:49:34.444  7475  7475 V Capacitor: callback: 17938296, pluginId: BluetoothLe, methodName: addListener, methodData: {"eventName":"onScanResult"}
03-19 12:49:34.447  7475  7475 V Capacitor/Plugin: To native (Capacitor plugin): callbackId: 17938297, pluginId: BluetoothLe, methodName: requestLEScan
03-19 12:49:34.447  7475  7475 V Capacitor: callback: 17938297, pluginId: BluetoothLe, methodName: requestLEScan, methodData: {}
03-19 12:49:34.449  7475  7544 D DeviceScanner: Stop scanning.
03-19 12:49:34.449  1085  1085 I vendor.qti.bluetooth@1.0-uart_transport: SetBaudRate: in BOTHER
03-19 12:49:34.449  1085  1085 I vendor.qti.bluetooth@1.0-uart_transport: ## userial_vendor_ioctl: UART Flow On 
03-19 12:49:34.449  1085  1085 D vendor.qti.bluetooth@1.0-wake_lock: Acquire wakelock is acquired 
03-19 12:49:34.450  1085  1085 I vendor.qti.bluetooth@1.0-ibs_handler: DeviceWakeUp: Writing IBS_WAKE_IND
03-19 12:49:34.450  7475  7544 D BluetoothAdapter: isLeEnabled(): ON
03-19 12:49:34.450  7475  7544 D BluetoothLeScanner: could not find callback wrapper
03-19 12:49:34.450  7475  7544 D DeviceScanner: Start scanning.
03-19 12:49:34.450  7475  7544 D BluetoothAdapter: isLeEnabled(): ON
03-19 12:49:34.450  1085  4158 I vendor.qti.bluetooth@1.0-ibs_handler: ProcessIbsCmd: Received IBS_WAKE_ACK: 0xFC
03-19 12:49:34.450  1085  4158 I vendor.qti.bluetooth@1.0-ibs_handler: ProcessIbsCmd: Signal wack_cond_
03-19 12:49:34.451  1085  4158 I vendor.qti.bluetooth@1.0-ibs_handler: ProcessIbsCmd: Received IBS_WAKE_ACK: 0xFC
03-19 12:49:34.451  1085  4158 I vendor.qti.bluetooth@1.0-ibs_handler: ProcessIbsCmd: Signal wack_cond_
03-19 12:49:34.451  1085  1085 D vendor.qti.bluetooth@1.0-ibs_handler: DeviceWakeUp: Unblocked from waiting for FC, pthread_cond_timedwait ret = 0
03-19 12:49:34.453  1085  4158 I vendor.qti.bluetooth@1.0-ibs_handler: ProcessIbsCmd: Received IBS_WAKE_IND: 0xFD
03-19 12:49:34.453  1085  4158 I vendor.qti.bluetooth@1.0-ibs_handler: ProcessIbsCmd: Writing IBS_WAKE_ACK
03-19 12:49:34.455  3850  4014 D BtGatt.GattService: onScanFilterParamsConfigured() - clientIf=8, status=0, action=1, availableSpace=7
03-19 12:49:34.455  3850  4014 D BtGatt.ScanManager: callback done for scannerId - 8 status - 0
03-19 12:49:34.455  3850  4074 D BtGatt.ScanManager: configureRegularScanParams() - queue=2
03-19 12:49:34.456  3850  4074 D BtGatt.ScanManager: configureRegularScanParams() - ScanSetting LE 1M Scan mode=0 ScanSetting LE Coded Scan mode=0 mLastConfiguredScanSettingLE1M=1 mLastConfiguredScanSettingLECoded=1 scanPhy=255
03-19 12:49:34.457  3850  4074 D BtGatt.ScanManager: configureRegularScanParams - scanInterval LE 1M = 660 configureRegularScanParams - scanWindow LE 1M= 66 configureRegularScanParams - scanInterval LE Coded= 660 configureRegularScanParams - scanWindow LE Coded= 66
03-19 12:49:34.458  3850 24849 D BtGatt.GattService: registerScanner() - UUID=a3542e49-a0f1-479d-9281-4fee85b5d835
03-19 12:49:34.459  3850  4014 D BtGatt.GattService: onScanParamSetupCompleted : 0
03-19 12:49:34.459  3850  4014 D BtGatt.GattService: onScannerRegistered() - UUID=a3542e49-a0f1-479d-9281-4fee85b5d835, scannerId=8, status=0
03-19 12:49:34.460  7475  7665 D BluetoothLeScanner: onScannerRegistered() - status=0 scannerId=8 mScannerId=0
03-19 12:49:34.462  3850 24849 D BtGatt.GattService: start scan with filters. callingPackage: com.smartdoor.terminal
03-19 12:49:34.464  3850 24849 D BtGatt.GattService: enforcePrivilegedPermissionIfNeeded([])
--------- beginning of system
03-19 12:49:34.470  1823  4981 E AppOps  : Bad call made by uid 1002. Package "com.smartdoor.terminal" does not belong to uid 1002.
03-19 12:49:34.473  3850 24849 D BtGatt.ScanManager: startScan()  [ScanClient scanModeApp 1 scanModeUsed 1 [appScanStats com.smartdoor.terminal]]
03-19 12:49:34.473  3850  4074 I BtGatt.ScanManager: msg.what = MSG_RECORD_CALLER, msg.arg1 = None
03-19 12:49:34.473  3850  4074 I BtGatt.ScanManager: msg.what = MSG_START_BLE_SCAN, msg.arg1 = None
03-19 12:49:34.473  3850  4074 D BtGatt.ScanManager: handling starting scan
03-19 12:49:34.475  3850  4074 D BtGatt.ScanManager: isAptXLowLatencyModeEnabled: false
03-19 12:49:34.477  3850  4074 D BtGatt.ScanManager: track LE scan event: callerPackage = [com.smartdoor.terminal], scanMode = [1], reportDelayMillis = [0], behavior = [1], scannerId = [8], duration = [0]
03-19 12:49:34.480  3850  4014 D BtGatt.GattService: onScanFilterEnableDisabled() - clientIf=8, status=0, action=1
03-19 12:49:34.481  3850  4014 D BtGatt.ScanManager: callback done for scannerId - 8 status - 0
03-19 12:49:34.481  3850  4074 D BtGatt.ScanManager: configureScanFilters rssiThreshold: -128, 0
03-19 12:49:34.481  3850  4074 D BtGatt.ScanManager: configureFilterParamter 500 10000 1 0, deliveryMode=0
03-19 12:49:34.482  7475  7475 I Capacitor/Console: File:  - Line 353 - Msg: undefined
03-19 12:49:34.486  3850  4014 D BtGatt.GattService: onScanFilterParamsConfigured() - clientIf=8, status=0, action=0, availableSpace=6
03-19 12:49:34.486  3850  4014 D BtGatt.ScanManager: callback done for scannerId - 8 status - 0
03-19 12:49:34.488  3850  4074 D BtGatt.ScanManager: configureRegularScanParams() - queue=3
03-19 12:49:34.488  3850  4074 D BtGatt.ScanManager: configureRegularScanParams() - ScanSetting LE 1M Scan mode=1 ScanSetting LE Coded Scan mode=1 mLastConfiguredScanSettingLE1M=0 mLastConfiguredScanSettingLECoded=0 scanPhy=255
03-19 12:49:34.489  3850  4074 D BtGatt.ScanManager: configureRegularScanParams - scanInterval LE 1M = 730 configureRegularScanParams - scanWindow LE 1M= 183 configureRegularScanParams - scanInterval LE Coded= 730 configureRegularScanParams - scanWindow LE Coded= 183
03-19 12:49:34.490  3850  4014 D BtGatt.GattService: onScanParamSetupCompleted : 0
03-19 12:49:34.522  3850  4014 D BluetoothRemoteDevices: Property type: 1
03-19 12:49:34.522  3850  4014 D BluetoothRemoteDevices: Skip name update for BC:F8:7E:FB:BD:30
03-19 12:49:34.522  3850  4014 D BluetoothRemoteDevices: Property type: 4
03-19 12:49:34.522  3850  4014 D BluetoothRemoteDevices: Skip class update for BC:F8:7E:FB:BD:30
03-19 12:49:34.522  3850  4014 D BluetoothRemoteDevices: Property type: 5
03-19 12:49:34.522  3850  4014 D BluetoothRemoteDevices: BT_PROPERTY_TYPE_OF_DEVICE BC:F8:7E:FB:BD:30
03-19 12:49:34.541  3850  4166 E bt_btm  : Malformed LE Advertising Report Event - unsupported legacy_event_type 0x05
03-19 12:49:34.564  7475  7475 V Capacitor/BluetoothLe: Notifying listeners for event onScanResult
03-19 12:49:34.580  3850  4166 E bt_btm  : Malformed LE Advertising Report Event - unsupported legacy_event_type 0x05
03-19 12:49:34.592  7475  7475 V Capacitor/BluetoothLe: Notifying listeners for event onScanResult
03-19 12:49:34.600  3850  4014 D BluetoothRemoteDevices: Property type: 1
03-19 12:49:34.600  3850  4014 D BluetoothRemoteDevices: Skip name update for D8:78:C9:76:69:2A
03-19 12:49:34.601  3850  4014 D BluetoothRemoteDevices: Property type: 4
03-19 12:49:34.601  3850  4014 D BluetoothRemoteDevices: Skip class update for D8:78:C9:76:69:2A
03-19 12:49:34.601  3850  4014 D BluetoothRemoteDevices: Property type: 5
03-19 12:49:34.601  3850  4014 D BluetoothRemoteDevices: BT_PROPERTY_TYPE_OF_DEVICE D8:78:C9:76:69:2A
03-19 12:49:34.605  3850  4166 E bt_btm  : Malformed LE Advertising Report Event - unsupported legacy_event_type 0x05
03-19 12:49:34.607  3850  4166 D bt_btm_ble: bool parse_adv_audio_uuids_from_adv_pkt(const uint8_t *, size_t, uint8_t): tmap_cap_pts: false
03-19 12:49:34.621  7475  7475 V Capacitor/BluetoothLe: Notifying listeners for event onScanResult
03-19 12:49:34.643  3850  4166 D bt_btm_ble: bool parse_adv_audio_uuids_from_adv_pkt(const uint8_t *, size_t, uint8_t): tmap_cap_pts: false
03-19 12:49:34.668  7475  7475 V Capacitor/BluetoothLe: Notifying listeners for event onScanResult
03-19 12:49:34.690  7475  7475 V Capacitor/BluetoothLe: Notifying listeners for event onScanResult
03-19 12:49:34.694  1085  4158 I vendor.qti.bluetooth@1.0-ibs_handler: ProcessIbsCmd: Received IBS_SLEEP_IND: 0xFE
03-19 12:49:34.713  7475  7475 V Capacitor/BluetoothLe: Notifying listeners for event onScanResult
03-19 12:49:34.739  7475  7475 V Capacitor/BluetoothLe: Notifying listeners for event onScanResult
03-19 12:49:34.752   790   790 W ThreadPoolForeg: type=1400 audit(0.0:133309): avc: denied { write } for name="traced_producer" dev="tmpfs" ino=23714 scontext=u:r:gmscore_app:s0:c512,c768 tcontext=u:object_r:traced_producer_socket:s0 tclass=sock_file permissive=0 app=com.google.android.gms
03-19 12:49:34.769  7475  7475 V Capacitor/BluetoothLe: Notifying listeners for event onScanResult
03-19 12:49:34.798  7475  7475 V Capacitor/BluetoothLe: Notifying listeners for event onScanResult
03-19 12:49:35.308  1085  4158 I vendor.qti.bluetooth@1.0-ibs_handler: ProcessIbsCmd: Received IBS_WAKE_IND: 0xFD
03-19 12:49:35.308  1085  4158 I vendor.qti.bluetooth@1.0-ibs_handler: ProcessIbsCmd: Writing IBS_WAKE_ACK
03-19 12:49:35.333  3850  4166 D bt_btm_ble: bool parse_adv_audio_uuids_from_adv_pkt(const uint8_t *, size_t, uint8_t): tmap_cap_pts: false
03-19 12:49:35.336  7475  7475 V Capacitor/BluetoothLe: Notifying listeners for event onScanResult
03-19 12:49:35.417  1085  4158 I vendor.qti.bluetooth@1.0-ibs_handler: ProcessIbsCmd: Received IBS_SLEEP_IND: 0xFE
03-19 12:49:35.428  1085  4158 I vendor.qti.bluetooth@1.0-ibs_handler: ProcessIbsCmd: Received IBS_WAKE_IND: 0xFD
03-19 12:49:35.428  1085  4158 I vendor.qti.bluetooth@1.0-ibs_handler: ProcessIbsCmd: Writing IBS_WAKE_ACK
03-19 12:49:35.498  1085  4170 I vendor.qti.bluetooth@1.0-ibs_handler: DeviceSleep: TX Awake, Sending SLEEP_IND
03-19 12:49:35.526  1085  4158 I vendor.qti.bluetooth@1.0-ibs_handler: ProcessIbsCmd: Received IBS_SLEEP_IND: 0xFE
03-19 12:49:35.526  1085  4158 D vendor.qti.bluetooth@1.0-ibs_handler: SerialClockVote: vote for UART CLK OFF
03-19 12:49:35.677  1085  4092 D vendor.qti.bluetooth@1.0-wake_lock: Release wakelock is released 
03-19 12:49:35.775  1823  2641 I MiuiNetworkPolicy: updateUidState uid = 10143, uidState = 19
03-19 12:49:36.026  1085  4158 I vendor.qti.bluetooth@1.0-ibs_handler: ProcessIbsCmd: Received IBS_WAKE_IND: 0xFD
03-19 12:49:36.026  1085  4158 D vendor.qti.bluetooth@1.0-ibs_handler: SerialClockVote: vote for UART CLK ON
03-19 12:49:36.030  1085  4158 D vendor.qti.bluetooth@1.0-wake_lock: Acquire wakelock is acquired 
03-19 12:49:36.030  1085  4158 I vendor.qti.bluetooth@1.0-ibs_handler: ProcessIbsCmd: Writing IBS_WAKE_ACK
03-19 12:49:36.036  3850  4166 D bt_btm_ble: bool parse_adv_audio_uuids_from_adv_pkt(const uint8_t *, size_t, uint8_t): tmap_cap_pts: false
03-19 12:49:36.073  1085  4158 I vendor.qti.bluetooth@1.0-ibs_handler: ProcessIbsCmd: Received IBS_SLEEP_IND: 0xFE
03-19 12:49:36.073  1085  4158 D vendor.qti.bluetooth@1.0-ibs_handler: SerialClockVote: vote for UART CLK OFF
03-19 12:49:36.080  1085  4158 I vendor.qti.bluetooth@1.0-ibs_handler: ProcessIbsCmd: Received IBS_WAKE_IND: 0xFD
03-19 12:49:36.080  1085  4158 D vendor.qti.bluetooth@1.0-ibs_handler: SerialClockVote: vote for UART CLK ON
03-19 12:49:36.081  1085  4158 I vendor.qti.bluetooth@1.0-ibs_handler: ProcessIbsCmd: Writing IBS_WAKE_ACK
03-19 12:49:36.083  3850  4166 D bt_btm_ble: bool parse_adv_audio_uuids_from_adv_pkt(const uint8_t *, size_t, uint8_t): tmap_cap_pts: false
03-19 12:49:36.111  3850  4166 D bt_btm_ble: bool parse_adv_audio_uuids_from_adv_pkt(const uint8_t *, size_t, uint8_t): tmap_cap_pts: false
03-19 12:49:36.127  3850  4166 D bt_btm_ble: bool parse_adv_audio_uuids_from_adv_pkt(const uint8_t *, size_t, uint8_t): tmap_cap_pts: false
03-19 12:49:36.151  3850  4014 D BluetoothRemoteDevices: Property type: 1
03-19 12:49:36.151  7475  7475 V Capacitor/BluetoothLe: Notifying listeners for event onScanResult
03-19 12:49:36.152  3850  4014 D BluetoothRemoteDevices: Skip name update for BC:F8:7E:FB:06:9F
03-19 12:49:36.152  3850  4014 D BluetoothRemoteDevices: Property type: 4
03-19 12:49:36.152  3850  4014 D BluetoothRemoteDevices: Skip class update for BC:F8:7E:FB:06:9F
03-19 12:49:36.152  3850  4014 D BluetoothRemoteDevices: Property type: 5
03-19 12:49:36.152  3850  4014 D BluetoothRemoteDevices: BT_PROPERTY_TYPE_OF_DEVICE BC:F8:7E:FB:06:9F
03-19 12:49:36.188  1085  4158 I vendor.qti.bluetooth@1.0-ibs_handler: ProcessIbsCmd: Received IBS_SLEEP_IND: 0xFE
03-19 12:49:36.188  1085  4158 D vendor.qti.bluetooth@1.0-ibs_handler: SerialClockVote: vote for UART CLK OFF
03-19 12:49:36.191  7475  7475 V Capacitor/BluetoothLe: Notifying listeners for event onScanResult
03-19 12:49:36.295  1823  2085 D HeapUsage Monitor: HeapAllocSize : 87MB; monitorSize : 500MB
03-19 12:49:36.339  1085  4092 D vendor.qti.bluetooth@1.0-wake_lock: Release wakelock is released 
03-19 12:49:36.596  1823  4540 W ProcessStats: Tracking association SourceState{d9b3072 com.google.android.inputmethod.latin/10214 BTopFgs #217607} whose proc state 2 is better than process ProcessState{9b311a5 com.google.android.gms.persistent/10150 pkg=com.google.android.gms} proc state 3 (103 skipped)
03-19 12:49:36.752  1085  4158 I vendor.qti.bluetooth@1.0-ibs_handler: ProcessIbsCmd: Received IBS_WAKE_IND: 0xFD
03-19 12:49:36.752  1085  4158 D vendor.qti.bluetooth@1.0-ibs_handler: SerialClockVote: vote for UART CLK ON
03-19 12:49:36.756  1085  4158 D vendor.qti.bluetooth@1.0-wake_lock: Acquire wakelock is acquired 
03-19 12:49:36.756  1085  4158 I vendor.qti.bluetooth@1.0-ibs_handler: ProcessIbsCmd: Writing IBS_WAKE_ACK
03-19 12:49:36.762  3850  4166 D bt_btm_ble: bool parse_adv_audio_uuids_from_adv_pkt(const uint8_t *, size_t, uint8_t): tmap_cap_pts: false
03-19 12:49:36.763  3850  4166 E bt_btm  : Malformed LE Advertising Report Event - unsupported legacy_event_type 0x05
03-19 12:49:36.764  3850  4166 E bt_btm  : Malformed LE Advertising Report Event - unsupported legacy_event_type 0x05
03-19 12:49:36.770  3850  4014 D BluetoothRemoteDevices: Property type: 1
03-19 12:49:36.771  3850  4014 D BluetoothRemoteDevices: Skip name update for 28:A9:15:56:CC:2F
03-19 12:49:36.771  3850  4014 D BluetoothRemoteDevices: Property type: 4
03-19 12:49:36.771  3850  4014 D BluetoothRemoteDevices: Skip class update for 28:A9:15:56:CC:2F
03-19 12:49:36.771  3850  4014 D BluetoothRemoteDevices: Property type: 5
03-19 12:49:36.771  3850  4014 D BluetoothRemoteDevices: BT_PROPERTY_TYPE_OF_DEVICE 28:A9:15:56:CC:2F
03-19 12:49:36.809  7475  7475 V Capacitor/BluetoothLe: Notifying listeners for event onScanResult
03-19 12:49:36.831  7475  7475 V Capacitor/BluetoothLe: Notifying listeners for event onScanResult
03-19 12:49:36.835  3850  4166 D bt_btm_ble: bool parse_adv_audio_uuids_from_adv_pkt(const uint8_t *, size_t, uint8_t): tmap_cap_pts: false
03-19 12:49:36.929  1085  4158 I vendor.qti.bluetooth@1.0-ibs_handler: ProcessIbsCmd: Received IBS_SLEEP_IND: 0xFE
03-19 12:49:36.929  1085  4158 D vendor.qti.bluetooth@1.0-ibs_handler: SerialClockVote: vote for UART CLK OFF
03-19 12:49:37.080  1085  4092 D vendor.qti.bluetooth@1.0-wake_lock: Release wakelock is released 
03-19 12:49:37.500  1085  4158 I vendor.qti.bluetooth@1.0-ibs_handler: ProcessIbsCmd: Received IBS_WAKE_IND: 0xFD
03-19 12:49:37.501  1085  4158 D vendor.qti.bluetooth@1.0-ibs_handler: SerialClockVote: vote for UART CLK ON
03-19 12:49:37.504  1085  4158 D vendor.qti.bluetooth@1.0-wake_lock: Acquire wakelock is acquired 
03-19 12:49:37.505  1085  4158 I vendor.qti.bluetooth@1.0-ibs_handler: ProcessIbsCmd: Writing IBS_WAKE_ACK
03-19 12:49:37.509  3850  4166 D bt_btm_ble: bool parse_adv_audio_uuids_from_adv_pkt(const uint8_t *, size_t, uint8_t): tmap_cap_pts: false
03-19 12:49:37.509  3850  4166 E bt_btm  : Malformed LE Advertising Report Event - unsupported legacy_event_type 0x05
03-19 12:49:37.524  3850  4166 D bt_btm_ble: bool parse_adv_audio_uuids_from_adv_pkt(const uint8_t *, size_t, uint8_t): tmap_cap_pts: false
03-19 12:49:37.552  3850  4166 D bt_btm_ble: bool parse_adv_audio_uuids_from_adv_pkt(const uint8_t *, size_t, uint8_t): tmap_cap_pts: false
03-19 12:49:37.556  7475  7475 V Capacitor/BluetoothLe: Notifying listeners for event onScanResult
03-19 12:49:37.606  1085  4158 I vendor.qti.bluetooth@1.0-ibs_handler: ProcessIbsCmd: Received IBS_SLEEP_IND: 0xFE
03-19 12:49:37.606  1085  4158 D vendor.qti.bluetooth@1.0-ibs_handler: SerialClockVote: vote for UART CLK OFF
03-19 12:49:37.610  1085  4158 I vendor.qti.bluetooth@1.0-ibs_handler: ProcessIbsCmd: Received IBS_WAKE_IND: 0xFD
03-19 12:49:37.611  1085  4158 D vendor.qti.bluetooth@1.0-ibs_handler: SerialClockVote: vote for UART CLK ON
03-19 12:49:37.611  1085  4158 I vendor.qti.bluetooth@1.0-ibs_handler: ProcessIbsCmd: Writing IBS_WAKE_ACK
03-19 12:49:37.640  3850  4166 D bt_btm_ble: bool parse_adv_audio_uuids_from_adv_pkt(const uint8_t *, size_t, uint8_t): tmap_cap_pts: false
03-19 12:49:37.678  1085  4158 I vendor.qti.bluetooth@1.0-ibs_handler: ProcessIbsCmd: Received IBS_SLEEP_IND: 0xFE
03-19 12:49:37.678  1085  4158 D vendor.qti.bluetooth@1.0-ibs_handler: SerialClockVote: vote for UART CLK OFF
03-19 12:49:37.829  1085  4092 D vendor.qti.bluetooth@1.0-wake_lock: Release wakelock is released 
03-19 12:49:38.289  1085  4158 I vendor.qti.bluetooth@1.0-ibs_handler: ProcessIbsCmd: Received IBS_WAKE_IND: 0xFD
03-19 12:49:38.290  1085  4158 D vendor.qti.bluetooth@1.0-ibs_handler: SerialClockVote: vote for UART CLK ON
03-19 12:49:38.293  1085  4158 D vendor.qti.bluetooth@1.0-wake_lock: Acquire wakelock is acquired 
03-19 12:49:38.293  1085  4158 I vendor.qti.bluetooth@1.0-ibs_handler: ProcessIbsCmd: Writing IBS_WAKE_ACK
03-19 12:49:38.297  3850  4166 D bt_btm_ble: bool parse_adv_audio_uuids_from_adv_pkt(const uint8_t *, size_t, uint8_t): tmap_cap_pts: false
03-19 12:49:38.301  3850  4166 D bt_btm_ble: bool parse_adv_audio_uuids_from_adv_pkt(const uint8_t *, size_t, uint8_t): tmap_cap_pts: false
03-19 12:49:38.305  3850  4166 D bt_btm_ble: bool parse_adv_audio_uuids_from_adv_pkt(const uint8_t *, size_t, uint8_t): tmap_cap_pts: false
03-19 12:49:38.322  3850  4166 D bt_btm_ble: bool parse_adv_audio_uuids_from_adv_pkt(const uint8_t *, size_t, uint8_t): tmap_cap_pts: false
03-19 12:49:38.343  7475  7475 V Capacitor/BluetoothLe: Notifying listeners for event onScanResult
03-19 12:49:38.364  7475  7475 V Capacitor/BluetoothLe: Notifying listeners for event onScanResult
03-19 12:49:38.366  3850  4166 D bt_btm_ble: bool parse_adv_audio_uuids_from_adv_pkt(const uint8_t *, size_t, uint8_t): tmap_cap_pts: false
03-19 12:49:38.393  3850  4166 D bt_btm_ble: bool parse_adv_audio_uuids_from_adv_pkt(const uint8_t *, size_t, uint8_t): tmap_cap_pts: false
03-19 12:49:38.461  1085  4158 I vendor.qti.bluetooth@1.0-ibs_handler: ProcessIbsCmd: Received IBS_SLEEP_IND: 0xFE
03-19 12:49:38.461  1085  4158 D vendor.qti.bluetooth@1.0-ibs_handler: SerialClockVote: vote for UART CLK OFF
03-19 12:49:38.612  1085  4092 D vendor.qti.bluetooth@1.0-wake_lock: Release wakelock is released 
03-19 12:49:38.945  1823  4996 D TelephonyManager: requestModemActivityInfo: Sending result to app: ModemActivityInfo{ mTimestamp=99404151 mSleepTimeMs=49975974 mIdleTimeMs=7913593 mActivityStatsTechSpecificInfo=[{mRat=UNKNOWN,mFrequencyRange=UNKNOWN,mTxTimeMs[]=[697594, 262385, 639162, 269741, 68729],mRxTimeMs=35656588}]}
03-19 12:49:38.966  1823  2202 D KernelCpuUidUserSysTimeReader: Removing uids 99121-99121
03-19 12:49:38.968  1823  2202 D KernelCpuUidUserSysTimeReader: Removing uids 99120-99120
03-19 12:49:38.998  1085  4158 I vendor.qti.bluetooth@1.0-ibs_handler: ProcessIbsCmd: Received IBS_WAKE_IND: 0xFD
03-19 12:49:38.998  1085  4158 D vendor.qti.bluetooth@1.0-ibs_handler: SerialClockVote: vote for UART CLK ON
03-19 12:49:39.001  1085  4158 D vendor.qti.bluetooth@1.0-wake_lock: Acquire wakelock is acquired 
03-19 12:49:39.001  1085  4158 I vendor.qti.bluetooth@1.0-ibs_handler: ProcessIbsCmd: Writing IBS_WAKE_ACK
03-19 12:49:39.006  3850  4166 D bt_btm_ble: bool parse_adv_audio_uuids_from_adv_pkt(const uint8_t *, size_t, uint8_t): tmap_cap_pts: false
03-19 12:49:39.010  3850  4166 D bt_btm_ble: bool parse_adv_audio_uuids_from_adv_pkt(const uint8_t *, size_t, uint8_t): tmap_cap_pts: false
03-19 12:49:39.064  7475  7475 V Capacitor/BluetoothLe: Notifying listeners for event onScanResult
03-19 12:49:39.085  3850  4166 D bt_btm_ble: bool parse_adv_audio_uuids_from_adv_pkt(const uint8_t *, size_t, uint8_t): tmap_cap_pts: false
03-19 12:49:39.099  3850  4166 D bt_btm_ble: bool parse_adv_audio_uuids_from_adv_pkt(const uint8_t *, size_t, uint8_t): tmap_cap_pts: false
03-19 12:49:39.124  3850  4166 D bt_btm_ble: bool parse_adv_audio_uuids_from_adv_pkt(const uint8_t *, size_t, uint8_t): tmap_cap_pts: false
03-19 12:49:39.165  1085  4158 I vendor.qti.bluetooth@1.0-ibs_handler: ProcessIbsCmd: Received IBS_SLEEP_IND: 0xFE
03-19 12:49:39.165  1085  4158 D vendor.qti.bluetooth@1.0-ibs_handler: SerialClockVote: vote for UART CLK OFF
03-19 12:49:39.317  1085  4092 D vendor.qti.bluetooth@1.0-wake_lock: Release wakelock is released 
03-19 12:49:39.714  1085  4158 I vendor.qti.bluetooth@1.0-ibs_handler: ProcessIbsCmd: Received IBS_WAKE_IND: 0xFD
03-19 12:49:39.714  1085  4158 D vendor.qti.bluetooth@1.0-ibs_handler: SerialClockVote: vote for UART CLK ON
03-19 12:49:39.718  1085  4158 D vendor.qti.bluetooth@1.0-wake_lock: Acquire wakelock is acquired 
03-19 12:49:39.719  1085  4158 I vendor.qti.bluetooth@1.0-ibs_handler: ProcessIbsCmd: Writing IBS_WAKE_ACK
03-19 12:49:39.723  3850  4166 D bt_btm_ble: bool parse_adv_audio_uuids_from_adv_pkt(const uint8_t *, size_t, uint8_t): tmap_cap_pts: false
03-19 12:49:39.728  3850  4166 D bt_btm_ble: bool parse_adv_audio_uuids_from_adv_pkt(const uint8_t *, size_t, uint8_t): tmap_cap_pts: false
03-19 12:49:39.802  3850  4166 D bt_btm_ble: bool parse_adv_audio_uuids_from_adv_pkt(const uint8_t *, size_t, uint8_t): tmap_cap_pts: false
03-19 12:49:39.832  3850  4166 D bt_btm_ble: bool parse_adv_audio_uuids_from_adv_pkt(const uint8_t *, size_t, uint8_t): tmap_cap_pts: false
03-19 12:49:39.865  7475  7475 V Capacitor/BluetoothLe: Notifying listeners for event onScanResult
03-19 12:49:39.874  1085  4158 I vendor.qti.bluetooth@1.0-ibs_handler: ProcessIbsCmd: Received IBS_SLEEP_IND: 0xFE
03-19 12:49:39.874  1085  4158 D vendor.qti.bluetooth@1.0-ibs_handler: SerialClockVote: vote for UART CLK OFF
03-19 12:49:40.025  1085  4092 D vendor.qti.bluetooth@1.0-wake_lock: Release wakelock is released 
03-19 12:49:40.476  1085  4158 I vendor.qti.bluetooth@1.0-ibs_handler: ProcessIbsCmd: Received IBS_WAKE_IND: 0xFD
03-19 12:49:40.476  1085  4158 D vendor.qti.bluetooth@1.0-ibs_handler: SerialClockVote: vote for UART CLK ON
03-19 12:49:40.483  1085  4158 D vendor.qti.bluetooth@1.0-wake_lock: Acquire wakelock is acquired 
03-19 12:49:40.483  1085  4158 I vendor.qti.bluetooth@1.0-ibs_handler: ProcessIbsCmd: Writing IBS_WAKE_ACK
03-19 12:49:40.489  3850  4166 D bt_btm_ble: bool parse_adv_audio_uuids_from_adv_pkt(const uint8_t *, size_t, uint8_t): tmap_cap_pts: false
03-19 12:49:40.491  3850  4166 D bt_btm_ble: bool parse_adv_audio_uuids_from_adv_pkt(const uint8_t *, size_t, uint8_t): tmap_cap_pts: false
03-19 12:49:40.548  1085  4158 I vendor.qti.bluetooth@1.0-ibs_handler: ProcessIbsCmd: Received IBS_SLEEP_IND: 0xFE
03-19 12:49:40.548  1085  4158 D vendor.qti.bluetooth@1.0-ibs_handler: SerialClockVote: vote for UART CLK OFF
03-19 12:49:40.562  1085  4158 I vendor.qti.bluetooth@1.0-ibs_handler: ProcessIbsCmd: Received IBS_WAKE_IND: 0xFD
03-19 12:49:40.562  1085  4158 D vendor.qti.bluetooth@1.0-ibs_handler: SerialClockVote: vote for UART CLK ON
03-19 12:49:40.563  1085  4158 I vendor.qti.bluetooth@1.0-ibs_handler: ProcessIbsCmd: Writing IBS_WAKE_ACK
03-19 12:49:40.628  1085  4158 I vendor.qti.bluetooth@1.0-ibs_handler: ProcessIbsCmd: Received IBS_SLEEP_IND: 0xFE
03-19 12:49:40.628  1085  4158 D vendor.qti.bluetooth@1.0-ibs_handler: SerialClockVote: vote for UART CLK OFF
03-19 12:49:40.780  1085  4092 D vendor.qti.bluetooth@1.0-wake_lock: Release wakelock is released 
03-19 12:49:41.165  1085  4158 I vendor.qti.bluetooth@1.0-ibs_handler: ProcessIbsCmd: Received IBS_WAKE_IND: 0xFD
03-19 12:49:41.165  1085  4158 D vendor.qti.bluetooth@1.0-ibs_handler: SerialClockVote: vote for UART CLK ON
03-19 12:49:41.168  1085  4158 D vendor.qti.bluetooth@1.0-wake_lock: Acquire wakelock is acquired 
03-19 12:49:41.168  1085  4158 I vendor.qti.bluetooth@1.0-ibs_handler: ProcessIbsCmd: Writing IBS_WAKE_ACK
03-19 12:49:41.176  3850  4166 E bt_btm  : Malformed LE Advertising Report Event - unsupported legacy_event_type 0x05
03-19 12:49:41.233  3850  4166 D bt_btm_ble: bool parse_adv_audio_uuids_from_adv_pkt(const uint8_t *, size_t, uint8_t): tmap_cap_pts: false
03-19 12:49:41.273  3850  4166 E bt_btm  : Malformed LE Advertising Report Event - unsupported legacy_event_type 0x05
03-19 12:49:41.273  3850  4166 D bt_btm_ble: bool parse_adv_audio_uuids_from_adv_pkt(const uint8_t *, size_t, uint8_t): tmap_cap_pts: false
03-19 12:49:41.288  3850  4166 D bt_btm_ble: bool parse_adv_audio_uuids_from_adv_pkt(const uint8_t *, size_t, uint8_t): tmap_cap_pts: false
03-19 12:49:41.342  1085  4158 I vendor.qti.bluetooth@1.0-ibs_handler: ProcessIbsCmd: Received IBS_SLEEP_IND: 0xFE
03-19 12:49:41.343  1085  4158 D vendor.qti.bluetooth@1.0-ibs_handler: SerialClockVote: vote for UART CLK OFF
03-19 12:49:41.493  1085  4092 D vendor.qti.bluetooth@1.0-wake_lock: Release wakelock is released 
03-19 12:49:41.871  1085  4158 I vendor.qti.bluetooth@1.0-ibs_handler: ProcessIbsCmd: Received IBS_WAKE_IND: 0xFD
03-19 12:49:41.871  1085  4158 D vendor.qti.bluetooth@1.0-ibs_handler: SerialClockVote: vote for UART CLK ON
03-19 12:49:41.877  1085  4158 D vendor.qti.bluetooth@1.0-wake_lock: Acquire wakelock is acquired 
03-19 12:49:41.877  1085  4158 I vendor.qti.bluetooth@1.0-ibs_handler: ProcessIbsCmd: Writing IBS_WAKE_ACK
03-19 12:49:41.893  3850  4166 D bt_btm_ble: bool parse_adv_audio_uuids_from_adv_pkt(const uint8_t *, size_t, uint8_t): tmap_cap_pts: false
03-19 12:49:41.953  3850  4166 D bt_btm_ble: bool parse_adv_audio_uuids_from_adv_pkt(const uint8_t *, size_t, uint8_t): tmap_cap_pts: false
03-19 12:49:41.992  7475  7475 V Capacitor/BluetoothLe: Notifying listeners for event onScanResult
03-19 12:49:42.012  1085  4158 I vendor.qti.bluetooth@1.0-ibs_handler: ProcessIbsCmd: Received IBS_SLEEP_IND: 0xFE
03-19 12:49:42.012  1085  4158 D vendor.qti.bluetooth@1.0-ibs_handler: SerialClockVote: vote for UART CLK OFF
03-19 12:49:42.163  1085  4092 D vendor.qti.bluetooth@1.0-wake_lock: Release wakelock is released 
03-19 12:49:42.403  7475  7475 V Capacitor/Plugin: To native (Capacitor plugin): callbackId: 17938298, pluginId: BluetoothLe, methodName: removeListener
03-19 12:49:42.404  7475  7475 V Capacitor: callback: 17938298, pluginId: BluetoothLe, methodName: removeListener, methodData: {"eventName":"onScanResult","callbackId":"17938296"}
03-19 12:49:42.407  7475  7475 V Capacitor/Plugin: To native (Capacitor plugin): callbackId: 17938299, pluginId: BluetoothLe, methodName: stopLEScan
03-19 12:49:42.408  7475  7475 V Capacitor: callback: 17938299, pluginId: BluetoothLe, methodName: stopLEScan, methodData: {}
03-19 12:49:42.409  7475  7544 D DeviceScanner: Stop scanning.
03-19 12:49:42.410  7475  7544 D BluetoothAdapter: isLeEnabled(): ON
03-19 12:49:42.414  3850 24849 D BtGatt.GattService: stopScan() - queue size =3
03-19 12:49:42.421  3850  4074 I BtGatt.ScanManager: msg.what = MSG_STOP_BLE_SCAN, msg.arg1 = None
03-19 12:49:42.421  3850  4074 D BtGatt.ScanManager: track LE scan event: callerPackage = [com.smartdoor.terminal], scanMode = [1], reportDelayMillis = [0], behavior = [2], scannerId = [8], duration = [7945]
03-19 12:49:42.421  3850  4074 D BtGatt.ScanManager: handling stopping scan  [ScanClient scanModeApp 1 scanModeUsed 1 [appScanStats com.smartdoor.terminal]]
03-19 12:49:42.423  1085  1085 D vendor.qti.bluetooth@1.0-ibs_handler: SerialClockVote: vote for UART CLK ON
03-19 12:49:42.426  1085  1085 D vendor.qti.bluetooth@1.0-uart_transport: SocRxDWakeup: Flow off->Change UART baudrate to 38.4kbs->send 0x00->Change UART baudrate to max->Flow on
03-19 12:49:42.427  1085  1085 I vendor.qti.bluetooth@1.0-uart_transport: ## userial_vendor_ioctl: UART Flow Off 
03-19 12:49:42.427  3850 24849 D BtGatt.GattService: unregisterScanner() - scannerId=8
03-19 12:49:42.438  1085  1085 I vendor.qti.bluetooth@1.0-uart_transport: ## userial_vendor_set_baud: 17
03-19 12:49:42.440  7475  7475 I Capacitor/Console: File:  - Line 353 - Msg: undefined
03-19 12:49:42.448  7475  7475 V Capacitor/Plugin: To native (Capacitor plugin): callbackId: 17938300, pluginId: BluetoothLe, methodName: addListener
03-19 12:49:42.448  7475  7475 V Capacitor: callback: 17938300, pluginId: BluetoothLe, methodName: addListener, methodData: {"eventName":"onScanResult"}
03-19 12:49:42.451  1085  1085 I vendor.qti.bluetooth@1.0-uart_transport: SetBaudRate: in BOTHER
03-19 12:49:42.451  1085  1085 I vendor.qti.bluetooth@1.0-uart_transport: ## userial_vendor_ioctl: UART Flow On 
03-19 12:49:42.451  1085  1085 D vendor.qti.bluetooth@1.0-wake_lock: Acquire wakelock is acquired 
03-19 12:49:42.451  1085  1085 I vendor.qti.bluetooth@1.0-ibs_handler: DeviceWakeUp: Writing IBS_WAKE_IND
03-19 12:49:42.451  7475  7475 V Capacitor/Plugin: To native (Capacitor plugin): callbackId: 17938301, pluginId: BluetoothLe, methodName: requestLEScan
03-19 12:49:42.452  7475  7475 V Capacitor: callback: 17938301, pluginId: BluetoothLe, methodName: requestLEScan, methodData: {}
03-19 12:49:42.452  1085  4158 I vendor.qti.bluetooth@1.0-ibs_handler: ProcessIbsCmd: Received IBS_WAKE_ACK: 0xFC
03-19 12:49:42.452  1085  4158 I vendor.qti.bluetooth@1.0-ibs_handler: ProcessIbsCmd: Signal wack_cond_
03-19 12:49:42.452  1085  4158 I vendor.qti.bluetooth@1.0-ibs_handler: ProcessIbsCmd: Received IBS_WAKE_ACK: 0xFC
03-19 12:49:42.452  1085  4158 I vendor.qti.bluetooth@1.0-ibs_handler: ProcessIbsCmd: Signal wack_cond_
03-19 12:49:42.452  1085  1085 D vendor.qti.bluetooth@1.0-ibs_handler: DeviceWakeUp: Unblocked from waiting for FC, pthread_cond_timedwait ret = 0
03-19 12:49:42.453  7475  7544 D DeviceScanner: Stop scanning.
03-19 12:49:42.454  7475  7544 D BluetoothAdapter: isLeEnabled(): ON
03-19 12:49:42.454  7475  7544 D BluetoothLeScanner: could not find callback wrapper
03-19 12:49:42.454  7475  7544 D DeviceScanner: Start scanning.
03-19 12:49:42.454  1085  4158 I vendor.qti.bluetooth@1.0-ibs_handler: ProcessIbsCmd: Received IBS_WAKE_IND: 0xFD
03-19 12:49:42.454  7475  7544 D BluetoothAdapter: isLeEnabled(): ON
03-19 12:49:42.454  1085  4158 I vendor.qti.bluetooth@1.0-ibs_handler: ProcessIbsCmd: Writing IBS_WAKE_ACK
03-19 12:49:42.457  3850  4014 D BtGatt.GattService: onScanFilterParamsConfigured() - clientIf=8, status=0, action=1, availableSpace=7
03-19 12:49:42.457  3850  4014 D BtGatt.ScanManager: callback done for scannerId - 8 status - 0
03-19 12:49:42.457  3850  4074 D BtGatt.ScanManager: configureRegularScanParams() - queue=2
03-19 12:49:42.457  3850  4074 D BtGatt.ScanManager: configureRegularScanParams() - ScanSetting LE 1M Scan mode=0 ScanSetting LE Coded Scan mode=0 mLastConfiguredScanSettingLE1M=1 mLastConfiguredScanSettingLECoded=1 scanPhy=255
03-19 12:49:42.460  3850  4074 D BtGatt.ScanManager: configureRegularScanParams - scanInterval LE 1M = 660 configureRegularScanParams - scanWindow LE 1M= 66 configureRegularScanParams - scanInterval LE Coded= 660 configureRegularScanParams - scanWindow LE Coded= 66
03-19 12:49:42.460  3850 24849 D BtGatt.GattService: registerScanner() - UUID=b1ed7578-3ec2-47a3-9626-5291356b470b
03-19 12:49:42.461  3850  4014 D BtGatt.GattService: onScanParamSetupCompleted : 0
03-19 12:49:42.462  3850  4014 D BtGatt.GattService: onScannerRegistered() - UUID=b1ed7578-3ec2-47a3-9626-5291356b470b, scannerId=8, status=0
03-19 12:49:42.463  7475  7665 D BluetoothLeScanner: onScannerRegistered() - status=0 scannerId=8 mScannerId=0
03-19 12:49:42.465  3850 24849 D BtGatt.GattService: start scan with filters. callingPackage: com.smartdoor.terminal
03-19 12:49:42.468  3850 24849 D BtGatt.GattService: enforcePrivilegedPermissionIfNeeded([])
03-19 12:49:42.473  1823  4539 E AppOps  : Bad call made by uid 1002. Package "com.smartdoor.terminal" does not belong to uid 1002.
03-19 12:49:42.476  3850 24849 D BtGatt.ScanManager: startScan()  [ScanClient scanModeApp 1 scanModeUsed 1 [appScanStats com.smartdoor.terminal]]
03-19 12:49:42.476  3850  4074 I BtGatt.ScanManager: msg.what = MSG_RECORD_CALLER, msg.arg1 = None
03-19 12:49:42.476  3850  4074 I BtGatt.ScanManager: msg.what = MSG_START_BLE_SCAN, msg.arg1 = None
03-19 12:49:42.476  3850  4074 D BtGatt.ScanManager: handling starting scan
03-19 12:49:42.478  3850  4074 D BtGatt.ScanManager: isAptXLowLatencyModeEnabled: false
03-19 12:49:42.481  3850  4074 D BtGatt.ScanManager: track LE scan event: callerPackage = [com.smartdoor.terminal], scanMode = [1], reportDelayMillis = [0], behavior = [1], scannerId = [8], duration = [0]
03-19 12:49:42.485  3850  4014 D BtGatt.GattService: onScanFilterEnableDisabled() - clientIf=8, status=0, action=1
03-19 12:49:42.485  3850  4014 D BtGatt.ScanManager: callback done for scannerId - 8 status - 0
03-19 12:49:42.486  7475  7475 I Capacitor/Console: File:  - Line 353 - Msg: undefined
03-19 12:49:42.486  3850  4074 D BtGatt.ScanManager: configureScanFilters rssiThreshold: -128, 0
03-19 12:49:42.486  3850  4074 D BtGatt.ScanManager: configureFilterParamter 500 10000 1 0, deliveryMode=0
03-19 12:49:42.489  3850  4014 D BtGatt.GattService: onScanFilterParamsConfigured() - clientIf=8, status=0, action=0, availableSpace=6
03-19 12:49:42.489  3850  4014 D BtGatt.ScanManager: callback done for scannerId - 8 status - 0
03-19 12:49:42.491  3850  4074 D BtGatt.ScanManager: configureRegularScanParams() - queue=3
03-19 12:49:42.491  3850  4074 D BtGatt.ScanManager: configureRegularScanParams() - ScanSetting LE 1M Scan mode=1 ScanSetting LE Coded Scan mode=1 mLastConfiguredScanSettingLE1M=0 mLastConfiguredScanSettingLECoded=0 scanPhy=255
03-19 12:49:42.492  3850  4074 D BtGatt.ScanManager: configureRegularScanParams - scanInterval LE 1M = 730 configureRegularScanParams - scanWindow LE 1M= 183 configureRegularScanParams - scanInterval LE Coded= 730 configureRegularScanParams - scanWindow LE Coded= 183
03-19 12:49:42.494  3850  4014 D BtGatt.GattService: onScanParamSetupCompleted : 0
03-19 12:49:42.519  7475  7475 V Capacitor/BluetoothLe: Notifying listeners for event onScanResult
03-19 12:49:42.535  3850  4166 D bt_btm_ble: bool parse_adv_audio_uuids_from_adv_pkt(const uint8_t *, size_t, uint8_t): tmap_cap_pts: false
03-19 12:49:42.544  7475  7475 V Capacitor/BluetoothLe: Notifying listeners for event onScanResult
03-19 12:49:42.564  3850  4014 D BluetoothRemoteDevices: Property type: 1
03-19 12:49:42.564  3850  4014 D BluetoothRemoteDevices: Skip name update for 28:A9:15:56:CC:2F
03-19 12:49:42.564  3850  4014 D BluetoothRemoteDevices: Property type: 4
03-19 12:49:42.564  3850  4014 D BluetoothRemoteDevices: Skip class update for 28:A9:15:56:CC:2F
03-19 12:49:42.564  3850  4014 D BluetoothRemoteDevices: Property type: 5
03-19 12:49:42.564  3850  4014 D BluetoothRemoteDevices: BT_PROPERTY_TYPE_OF_DEVICE 28:A9:15:56:CC:2F
03-19 12:49:42.575  7475  7475 V Capacitor/BluetoothLe: Notifying listeners for event onScanResult
03-19 12:49:42.598  3850  4014 D BluetoothRemoteDevices: Property type: 1
03-19 12:49:42.598  3850  4014 D BluetoothRemoteDevices: Skip name update for BC:F8:7E:FB:BD:30
03-19 12:49:42.598  3850  4014 D BluetoothRemoteDevices: Property type: 4
03-19 12:49:42.598  3850  4014 D BluetoothRemoteDevices: Skip class update for BC:F8:7E:FB:BD:30
03-19 12:49:42.598  3850  4014 D BluetoothRemoteDevices: Property type: 5
03-19 12:49:42.598  3850  4014 D BluetoothRemoteDevices: BT_PROPERTY_TYPE_OF_DEVICE BC:F8:7E:FB:BD:30
03-19 12:49:42.614  7475  7475 V Capacitor/BluetoothLe: Notifying listeners for event onScanResult
03-19 12:49:42.618  3850  4166 D bt_btm_ble: bool parse_adv_audio_uuids_from_adv_pkt(const uint8_t *, size_t, uint8_t): tmap_cap_pts: false
03-19 12:49:42.638  7475  7475 V Capacitor/BluetoothLe: Notifying listeners for event onScanResult
03-19 12:49:42.659  3850  4166 D bt_btm_ble: bool parse_adv_audio_uuids_from_adv_pkt(const uint8_t *, size_t, uint8_t): tmap_cap_pts: false
03-19 12:49:42.660  7475  7475 V Capacitor/BluetoothLe: Notifying listeners for event onScanResult
03-19 12:49:42.667  3132  3132 W Settings: Setting airplane_mode_on has moved from android.provider.Settings.System to android.provider.Settings.Global, returning read-only value.
